ARM Linker, 5.03 [Build 76] [MDK-ARM Professional]

==============================================================================

Section Cross References

    startup_stm32f429x.o(RESET) refers to startup_stm32f429x.o(STACK) for __initial_sp
    startup_stm32f429x.o(RESET) refers to startup_stm32f429x.o(.text) for Reset_Handler
    startup_stm32f429x.o(RESET) refers to stm32f4xx_it.o(.text) for NMI_Handler
    startup_stm32f429x.o(.text) refers to system_stm32f4xx.o(.text) for SystemInit
    startup_stm32f429x.o(.text) refers to entry.o(.ARM.Collect$$$$00000000) for __main
    system_stm32f4xx.o(.text) refers to system_stm32f4xx.o(.data) for SystemCoreClock
    main.o(.text) refers to stm32f4xx_hal_uart.o(.text) for HAL_UART_Transmit
    main.o(.text) refers to stm32f4xx_hal_gpio.o(.text) for HAL_GPIO_ReadPin
    main.o(.text) refers to veth_system_clock.o(.text) for SystemClock_Config
    main.o(.text) refers to veth_hal_init.o(.text) for RCC_Configuration
    main.o(.text) refers to printfa.o(i.__0printf) for __2printf
    main.o(.text) refers to veth_invariate.o(.text) for Init_InVariate
    main.o(.text) refers to veth_m_4pse.o(.text) for poeDemo
    main.o(.text) refers to veth_serial.o(.text) for testSerial
    main.o(.text) refers to stm32f4xx_hal_iwdg.o(.text) for HAL_IWDG_Init
    main.o(.text) refers to strcmp.o(.text) for strcmp
    main.o(.text) refers to board_info.o(.text) for initBoardInfo
    main.o(.text) refers to veth_rstp.o(.text) for configRSTP
    main.o(.text) refers to veth_marvell_6097f.o(.text) for Set_Switch_Port_state
    main.o(.text) refers to web_main.o(.text) for web_main
    main.o(.text) refers to veth_hal_init.o(.bss) for Uart1Handle
    main.o(.text) refers to web_main.o(.data) for board
    main.o(.text) refers to main.o(.bss) for Eth_Handle
    main.o(.text) refers to veth_hal_init.o(.data) for sCount
    main.o(.text) refers to main.o(.data) for g_reset_time
    main.o(.data) refers to main.o(.conststring) for .conststring
    veth_com_usart.o(.text) refers to stm32f4xx_hal_uart.o(.text) for Set_comd
    veth_com_usart.o(.text) refers to printfa.o(i.__0printf) for __2printf
    veth_com_usart.o(.text) refers to main.o(.text) for Blink_LED_RUN
    veth_com_usart.o(.text) refers to strncmp.o(.text) for strncmp
    veth_com_usart.o(.text) refers to veth_invariate.o(.text) for InVariate_Default
    veth_com_usart.o(.text) refers to veth_hal_init.o(.bss) for COM6_RX_buffer
    veth_com_usart.o(.text) refers to veth_com_usart.o(.constdata) for .constdata
    veth_com_usart.o(.text) refers to veth_com_usart.o(.data) for SYS_RESTART
    veth_com_usart.o(.text) refers to stm32f4xx_hal_uart.o(.bss) for Command
    veth_com_usart.o(.text) refers to veth_hal_init.o(.text) for Modify_the_MAC
    veth_com_usart.o(.text) refers to strncpy.o(.text) for strncpy
    veth_com_usart.o(.text) refers to strlen.o(.text) for strlen
    veth_com_usart.o(.text) refers to web_main.o(.data) for board
    veth_com_usart.o(.text) refers to veth_com_usart.o(.bss) for username
    veth_com_usart.o(.text) refers to veth_hal_init.o(.data) for read_com6
    veth_com_usart.o(.data) refers to veth_com_usart.o(.conststring) for .conststring
    veth_eth_ap.o(.text) refers to stm32f4xx_hal_eth.o(.text) for HAL_ETH_TransmitFrame
    veth_eth_ap.o(.text) refers to memcpya.o(.text) for __aeabi_memcpy4
    veth_eth_ap.o(.text) refers to printfa.o(i.__0printf) for __2printf
    veth_eth_ap.o(.text) refers to main.o(.bss) for Eth_Handle
    veth_eth_ap.o(.text) refers to veth_hal_init.o(.data) for msCount
    veth_hal_init.o(.text) refers to stm32f4xx_hal_cortex.o(.text) for HAL_NVIC_SetPriorityGrouping
    veth_hal_init.o(.text) refers to stm32f4xx_hal_gpio.o(.text) for HAL_GPIO_Init
    veth_hal_init.o(.text) refers to memcpya.o(.text) for __aeabi_memcpy4
    veth_hal_init.o(.text) refers to stm32f4xx_hal_uart.o(.text) for HAL_UART_Init
    veth_hal_init.o(.text) refers to stm32f4xx_hal_rcc.o(.text) for HAL_RCC_GetHCLKFreq
    veth_hal_init.o(.text) refers to stm32f4xx_hal_tim.o(.text) for HAL_TIM_Base_Init
    veth_hal_init.o(.text) refers to stm32f4xx_hal_eth.o(.text) for HAL_ETH_Init
    veth_hal_init.o(.text) refers to veth_marvell_6097f.o(.text) for Set_Switch_Port_state
    veth_hal_init.o(.text) refers to veth_hal_init.o(.bss) for TimHandle
    veth_hal_init.o(.text) refers to veth_hal_init.o(.data) for sCount
    veth_hal_init.o(.text) refers to veth_hal_init.o(EXTSDRAM) for TX_BUFFER
    veth_hal_init.o(.text) refers to main.o(.bss) for Eth_Handle
    veth_hal_init.o(.text) refers to stm32f4xx_hal_i2c.o(.text) for HAL_I2C_Init
    veth_hal_init.o(.text) refers to printfa.o(i.__0printf) for __2printf
    veth_hal_init.o(.text) refers to stm32f4xx_hal_sdram.o(.text) for HAL_SDRAM_SendCommand
    veth_hal_init.o(.text) refers to stm32f4xx_hal.o(.text) for HAL_Delay
    veth_hal_init.o(.text) refers to stm32f4xx_hal_nor.o(.text) for HAL_NOR_Init
[...]
    ip_scalar                                0x0804c7a0   Data          20  mib2.o(.constdata)
    ip_ids                                   0x0804c7b4   Data          92  mib2.o(.constdata)
    ip_nodes                                 0x0804c810   Data          92  mib2.o(.constdata)
    mib2_ip                                  0x0804c86c   Data          28  mib2.o(.constdata)
    atentry_ids                              0x0804c888   Data          12  mib2.o(.constdata)
    atentry_nodes                            0x0804c894   Data          12  mib2.o(.constdata)
    atentry                                  0x0804c8a0   Data          28  mib2.o(.constdata)
    attable_id                               0x0804c8bc   Data           4  mib2.o(.constdata)
    attable_node                             0x0804c8c0   Data           4  mib2.o(.constdata)
    attable                                  0x0804c8c4   Data          28  mib2.o(.constdata)
    ifentry_ids                              0x0804c8e0   Data          88  mib2.o(.constdata)
    ifentry_nodes                            0x0804c938   Data          88  mib2.o(.constdata)
    ifentry                                  0x0804c990   Data          28  mib2.o(.constdata)
    interfaces_scalar                        0x0804c9ac   Data          20  mib2.o(.constdata)
    interfaces_ids                           0x0804c9c0   Data           8  mib2.o(.constdata)
    interfaces_nodes                         0x0804c9c8   Data           8  mib2.o(.constdata)
    interfaces                               0x0804c9d0   Data          28  mib2.o(.constdata)
    sys_tem_scalar                           0x0804c9ec   Data          20  mib2.o(.constdata)
    sys_tem_ids                              0x0804ca00   Data          28  mib2.o(.constdata)
    sys_tem_nodes                            0x0804ca1c   Data          28  mib2.o(.constdata)
    sys_tem                                  0x0804ca38   Data          28  mib2.o(.constdata)
    mib2_ids                                 0x0804ca54   Data          32  mib2.o(.constdata)
    mib2_nodes                               0x0804ca74   Data          32  mib2.o(.constdata)
    mib2                                     0x0804ca94   Data          28  mib2.o(.constdata)
    mgmt_ids                                 0x0804cab0   Data           4  mib2.o(.constdata)
    mgmt_nodes                               0x0804cab4   Data           4  mib2.o(.constdata)
    mgmt                                     0x0804cab8   Data          28  mib2.o(.constdata)
    internet_ids                             0x0804cad4   Data           4  mib2.o(.constdata)
    internet_nodes                           0x0804cad8   Data           4  mib2.o(.constdata)
    internet                                 0x0804cadc   Data          28  mib2.o(.constdata)
    snmp_version                             0x0804cc18   Data           4  msg_in.o(.constdata)
    snmp_publiccommunity                     0x0804cc1c   Data           7  msg_in.o(.constdata)
    tcp_state_str                            0x0804cc60   Data          44  tcp.o(.constdata)
    tcp_backoff                              0x0804cc8c   Data          13  tcp.o(.constdata)
    tcp_persist_backoff                      0x0804cc99   Data           7  tcp.o(.constdata)
    tcp_pcb_lists                            0x0804cca0   Data          16  tcp.o(.constdata)
    ethbroadcast                             0x0804cd08   Data           6  etharp.o(.constdata)
    ethzero                                  0x0804cd0e   Data           6  etharp.o(.constdata)
    ip_addr_any                              0x0804cd58   Data           4  ip_addr.o(.constdata)
    ip_addr_broadcast                        0x0804cd5c   Data           4  ip_addr.o(.constdata)
    g_psDefaultFilenames                     0x0804cf30   Data          40  httpd.o(.constdata)
    g_pcTagLeadIn                            0x0804cf58   Data           4  httpd.o(.constdata)
    g_pcTagLeadOut                           0x0804cf5c   Data           4  httpd.o(.constdata)
    __ctype_table                            0x0804d1c0   Data         129  ctype_o.o(.constdata)
    __mathlib_zero                           0x0804d258   Data           8  qnan.o(.constdata)
    Region$$Table$$Base                      0x08051828   Number         0  anon$$obj.o(Region$$Table)
    Region$$Table$$Limit                     0x08051868   Number         0  anon$$obj.o(Region$$Table)
    __initial_sp                             0x20010000   Data           0  startup_stm32f429x.o(STACK)
    com1dataBuffer1                          0x20010000   Data        3072  veth_serial.o(COMDATABUFFER)
    com1dataBuffer2                          0x20010c00   Data        3072  veth_serial.o(COMDATABUFFER)
    com1dataBuffer                           0x20011800   Data        3072  veth_serial.o(COMDATABUFFER)
    com2dataBuffer1                          0x20012400   Data        3072  veth_serial.o(COMDATABUFFER)
    com2dataBuffer2                          0x20013000   Data        3072  veth_serial.o(COMDATABUFFER)
    com2dataBuffer                           0x20013c00   Data        3072  veth_serial.o(COMDATABUFFER)
    com3dataBuffer1                          0x20014800   Data        3072  veth_serial.o(COMDATABUFFER)
    com3dataBuffer2                          0x20015400   Data        3072  veth_serial.o(COMDATABUFFER)
    com3dataBuffer                           0x20016000   Data        3072  veth_serial.o(COMDATABUFFER)
    com4dataBuffer1                          0x20016c00   Data        3072  veth_serial.o(COMDATABUFFER)
    com4dataBuffer2                          0x20017800   Data        3072  veth_serial.o(COMDATABUFFER)
    com4dataBuffer                           0x20018400   Data        3072  veth_serial.o(COMDATABUFFER)
    SystemCoreClock                          0xc0030000   Data           4  system_stm32f4xx.o(.data)
    AHBPrescTable                            0xc0030004   Data          16  system_stm32f4xx.o(.data)
    mystr                                    0xc0033ac0   Data           7  main.o(.data)
    PC_MAC                                   0xc0033ac7   Data           6  main.o(.data)
    command_tag                              0xc0033acd   Data           1  main.o(.data)
    g_reset_time                             0xc0033ad0   Data           4  main.o(.data)
    g_reset_targ                             0xc0033ad4   Data           1  main.o(.data)
    User                                     0xc0037584   Data          10  veth_com_usart.o(.data)
    Code                                     0xc003758e   Data          10  veth_com_usart.o(.data)
    MAC_op                                   0xc0037598   Data          10  veth_com_usart.o(.data)
    MAC_mod                                  0xc00375a2   Data          30  veth_com_usart.o(.data)
    MAC_dis                                  0xc00375c0   Data          10  veth_com_usart.o(.data)
    IP_op                                    0xc00375ca   Data          10  veth_com_usart.o(.data)
    IP_mod                                   0xc00375d4   Data          30  veth_com_usart.o(.data)
    IP_dis                                   0xc00375f2   Data          10  veth_com_usart.o(.data)
    SYSTEM_op                                0xc00375fc   Data          20  veth_com_usart.o(.data)
    SYS_RESTART                              0xc0037610   Data          10  veth_com_usart.o(.data)
    SYS_REINIT                               0xc003761a   Data          10  veth_com_usart.o(.data)
    SYS_RENAME                               0xc0037624   Data          20  veth_com_usart.o(.data)
    SYS_REENCRY                              0xc0037638   Data          20  veth_com_usart.o(.data)
    RSTP_op                                  0xc003764c   Data          20  veth_com_usart.o(.data)
    BRIDGE_PRI_mod                           0xc0037660   Data          20  veth_com_usart.o(.data)
    BRIDGE_HLO_mod                           0xc0037674   Data          20  veth_com_usart.o(.data)
    BRIDGE_MAXAGE_mod                        0xc0037688   Data          20  veth_com_usart.o(.data)
    BRIDGE_FWD_mod                           0xc003769c   Data          20  veth_com_usart.o(.data)
    BRIDGE_DISPLAY                           0xc00376b0   Data          10  veth_com_usart.o(.data)
    UP_op                                    0xc00376ba   Data          10  veth_com_usart.o(.data)
    Command_op                               0xc00376c4   Data          10  veth_com_usart.o(.data)
    LOGOUT_op                                0xc00376ce   Data          10  veth_com_usart.o(.data)
    CLI_targ                                 0xc00376dd   Data           1  veth_com_usart.o(.data)
    mac_targ                                 0xc00376de   Data           1  veth_com_usart.o(.data)
    ip_targ                                  0xc00376df   Data           1  veth_com_usart.o(.data)
    rstp_targ                                0xc00376e0   Data           1  veth_com_usart.o(.data)
    system_targ                              0xc00376e1   Data           1  veth_com_usart.o(.data)
    code_targ                                0xc00376e2   Data           1  veth_com_usart.o(.data)
    cli_pt                                   0xc00376e4   Data           2  veth_com_usart.o(.data)
    KEY_MAC                                  0xc00376e8   Data           6  veth_hal_init.o(.data)
    MGMT_MAC                                 0xc00376ee   Data           6  veth_hal_init.o(.data)
    GET_NEXT                                 0xc00376f4   Data           6  veth_hal_init.o(.data)
    SET_INFO                                 0xc00376fa   Data         120  veth_hal_init.o(.data)
    SET_IP                                   0xc0037772   Data          13  veth_hal_init.o(.data)
    USER_INFO                                0xc003777f   Data          40  veth_hal_init.o(.data)
    the_magic                                0xc00377a7   Data          14  veth_hal_init.o(.data)
    g_set_name                               0xc00377b5   Data          20  veth_hal_init.o(.data)
    VETH3000_4S                              0xc00377c9   Data          20  veth_hal_init.o(.data)
    g_set_version                            0xc00377dd   Data          10  veth_hal_init.o(.data)
    g_set_type1                              0xc00377e7   Data          20  veth_hal_init.o(.data)
    g_set_type2                              0xc00377fb   Data          20  veth_hal_init.o(.data)
    g_set_type3                              0xc003780f   Data          20  veth_hal_init.o(.data)
    read_com6                                0xc0037824   Data           4  veth_hal_init.o(.data)
    read_com1                                0xc0037828   Data           4  veth_hal_init.o(.data)
    read_com5                                0xc003782c   Data           4  veth_hal_init.o(.data)
    sCount                                   0xc0037830   Data           4  veth_hal_init.o(.data)
    msCount                                  0xc0037834   Data           4  veth_hal_init.o(.data)
    rCount                                   0xc0037838   Data           4  veth_hal_init.o(.data)
    FirstSector                              0xc003b2e8   Data           4  veth_invariate.o(.data)
    NbOfSectors                              0xc003b2ec   Data           4  veth_invariate.o(.data)
    Address                                  0xc003b2f0   Data           4  veth_invariate.o(.data)
    SectorError                              0xc003b2f4   Data           4  veth_invariate.o(.data)
    data32                                   0xc003b2f8   Data           4  veth_invariate.o(.data)
    MemoryProgramStatus                      0xc003b2fc   Data           4  veth_invariate.o(.data)
    data8                                    0xc003b300   Data           1  veth_invariate.o(.data)
    trunk_vector                             0xc003b302   Data           2  veth_marvell_6097f.o(.data)
    mask_table                               0xc003b304   Data          16  veth_marvell_6097f.o(.data)
    KEY_MAC_1                                0xc003b314   Data           6  veth_marvell_6097f.o(.data)
    bridge_name                              0xc003b31c   Data          10  veth_rstp.o(.data)
    enabled_ports                            0xc003b32c   Data           4  veth_rstp.o(.data)
    timer_targ                               0xc003b330   Data           1  veth_rstp.o(.data)
    rstp_pt                                  0xc003b332   Data           2  veth_rstp.o(.data)
    testString                               0xc003ede0   Data          20  veth_serial.o(.data)
    testStrings                              0xc003edf4   Data          20  veth_serial.o(.data)
    testStringss                             0xc003ee08   Data          20  veth_serial.o(.data)
    testStringsss                            0xc003ee1c   Data          20  veth_serial.o(.data)
    my_str                                   0xc003ee30   Data          20  veth_serial.o(.data)
    targ                                     0xc003ee44   Data           1  veth_serial.o(.data)
    test_String                              0xc003ee45   Data        3072  veth_serial.o(.data)
    serial_send_total_length_1               0xc003fa48   Data           4  veth_serial.o(.data)
    serial_send_total_length_2               0xc003fa4c   Data           4  veth_serial.o(.data)
    serial_send_total_length_3               0xc003fa50   Data           4  veth_serial.o(.data)
    serial_send_total_length_4               0xc003fa54   Data           4  veth_serial.o(.data)
    test_total_length                        0xc003fa58   Data           4  veth_serial.o(.data)
    test_total_FIFO_data                     0xc003fa5c   Data           4  veth_serial.o(.data)
    test_FIFO_before                         0xc003fa60   Data           4  veth_serial.o(.data)
    test_FIFO_after                          0xc003fa64   Data           4  veth_serial.o(.data)
    test_HaHa1                               0xc003fa68   Data           4  veth_serial.o(.data)
    test_HaHa2                               0xc003fa6c   Data           4  veth_serial.o(.data)
    fifo_error_counter                       0xc003fa70   Data           4  veth_serial.o(.data)
    transfer_error_counter                   0xc003fa74   Data           4  veth_serial.o(.data)
    test_HaHa_else                           0xc003fa78   Data           4  veth_serial.o(.data)
    test_HaHa_EN                             0xc003fa7c   Data           4  veth_serial.o(.data)
    test_HaHa_TC                             0xc003fa80   Data           4  veth_serial.o(.data)
    test_HaHa_len                            0xc003fa84   Data           4  veth_serial.o(.data)
    test_rcv_length                          0xc003fa88   Data           4  veth_serial.o(.data)
    idle_targ                                0xc003fa8c   Data           1  veth_serial.o(.data)
    test_string_len                          0xc003fa90   Data           4  veth_serial.o(.data)
    x                                        0xc003fa94   Data           2  veth_serial.o(.data)
    temp_register                            0xc003faac   Data           4  veth_serial.o(.data)
    i                                        0xc003fab0   Data           2  veth_serial.o(.data)
    the_int_wait                             0xc003fab2   Data           2  veth_serial.o(.data)
    max_port                                 0xc003fb64   Data           4  stp_in.o(.data)
    tev                                      0xc003fb68   Data           1  stp_in.o(.data)
    nev                                      0xc003fb6c   Data           4  stp_in.o(.data)
    tem_bin                                  0xc0043720   Data       51200  veth_netupgrade.o(.data)
    Targ_MAC                                 0xc004ff20   Data           6  veth_mac.o(.data)
    g_stats_mode                             0xc004ff26   Data           1  veth_port.o(.data)
    command_gen                              0xc00539d8   Data           4  stm32f4xx_hal_uart.o(.data)
    testStringx                              0xc00539dc   Data          20  stm32f4xx_hal_uart.o(.data)
    comd                                     0xc00539f0   Data           1  stm32f4xx_hal_uart.o(.data)
    udp_root                                 0xc00574b0   Data          32  mib2.o(.data)
    udptable_id                              0xc00574d0   Data           4  mib2.o(.data)
    udptable_node                            0xc00574d4   Data           4  mib2.o(.data)
    udptable                                 0xc00574d8   Data          28  mib2.o(.data)
    tcpconntree_root                         0xc00574f4   Data          32  mib2.o(.data)
    tcpconntable_id                          0xc0057514   Data           4  mib2.o(.data)
    tcpconntable_node                        0xc0057518   Data           4  mib2.o(.data)
    tcpconntable                             0xc005751c   Data          28  mib2.o(.data)
    ipntomtree_root                          0xc0057538   Data          32  mib2.o(.data)
    ipntomtable_id                           0xc0057558   Data           4  mib2.o(.data)
    ipntomtable_node                         0xc005755c   Data           4  mib2.o(.data)
    ipntomtable                              0xc0057560   Data          28  mib2.o(.data)
    iprtetree_root                           0xc005757c   Data          32  mib2.o(.data)
    iprtetable_id                            0xc005759c   Data           4  mib2.o(.data)
    iprtetable_node                          0xc00575a0   Data           4  mib2.o(.data)
    iprtetable                               0xc00575a4   Data          28  mib2.o(.data)
    ipaddrtree_root                          0xc00575c0   Data          32  mib2.o(.data)
    ipaddrtable_id                           0xc00575e0   Data           4  mib2.o(.data)
    ipaddrtable_node                         0xc00575e4   Data           4  mib2.o(.data)
    ipaddrtable                              0xc00575e8   Data          28  mib2.o(.data)
    arptree_root                             0xc0057604   Data          32  mib2.o(.data)
    at_id                                    0xc0057624   Data           4  mib2.o(.data)
    mib2_at_node                             0xc0057628   Data           4  mib2.o(.data)
    at                                       0xc005762c   Data          28  mib2.o(.data)
    iflist_root                              0xc0057648   Data          32  mib2.o(.data)
    iftable_id                               0xc0057668   Data           4  mib2.o(.data)
    iftable_node                             0xc005766c   Data           4  mib2.o(.data)
    iftable                                  0xc0057670   Data          28  mib2.o(.data)
    snmp1_pcb                                0xc0057908   Data           4  msg_in.o(.data)
    trap_dst                                 0xc005790c   Data           8  msg_out.o(.data)
    tcp_ticks                                0xc005791c   Data           4  tcp.o(.data)
    tcp_bound_pcbs                           0xc0057920   Data           4  tcp.o(.data)
    tcp_listen_pcbs                          0xc0057924   Data           4  tcp.o(.data)
    tcp_active_pcbs                          0xc0057928   Data           4  tcp.o(.data)
    tcp_tw_pcbs                              0xc005792c   Data           4  tcp.o(.data)
    tcp_tmp_pcb                              0xc0057930   Data           4  tcp.o(.data)
    tcp_active_pcbs_changed                  0xc0057934   Data           1  tcp.o(.data)
    tcp_input_pcb                            0xc005795c   Data           4  tcp_in.o(.data)
    udp_pcbs                                 0xc0057970   Data           4  udp.o(.data)
    current_netif                            0xc005b424   Data           4  ip.o(.data)
    current_header                           0xc005b428   Data           4  ip.o(.data)
    current_iphdr_src                        0xc005b42c   Data           4  ip.o(.data)
    current_iphdr_dest                       0xc005b430   Data           4  ip.o(.data)
    netif_list                               0xc005b44c   Data           4  netif.o(.data)
    netif_default                            0xc005b450   Data           4  netif.o(.data)
    download_config_file_request             0xc005ef08   Data           1  board_info.o(.data)
    ports_num                                0xc005ef0c   Data           4  board_info.o(.data)
    is_open_delay_config_ports               0xc005ef10   Data           1  board_info.o(.data)
    delay_config_ports_time                  0xc005ef14   Data           4  board_info.o(.data)
    data__lib_config_js                      0xc0071e1d   Data         552  fs.o(.data)
    file__images_conflict_gif                0xc01013fc   Data          20  fs.o(.data)
    file__images_factory_gif                 0xc0101410   Data          20  fs.o(.data)
    file__images_favicon_ico                 0xc0101424   Data          20  fs.o(.data)
    file__images_forbid_gif                  0xc0101438   Data          20  fs.o(.data)
    file__images_jack_copper_disabled_bottom_png 0xc010144c   Data          20  fs.o(.data)
    file__images_jack_copper_disabled_top_png 0xc0101460   Data          20  fs.o(.data)
    file__images_jack_copper_down_bottom_png 0xc0101474   Data          20  fs.o(.data)
    file__images_jack_copper_down_top_png    0xc0101488   Data          20  fs.o(.data)
    file__images_jack_copper_link_bottom_png 0xc010149c   Data          20  fs.o(.data)
    file__images_jack_copper_link_top_png    0xc01014b0   Data          20  fs.o(.data)
    file__images_jack_hdmi_disabled_bottom_png 0xc01014c4   Data          20  fs.o(.data)
    file__images_jack_hdmi_down_bottom_png   0xc01014d8   Data          20  fs.o(.data)
    file__images_jack_hdmi_link_bottom_png   0xc01014ec   Data          20  fs.o(.data)
    file__images_jack_hdmi_sprout_bottom_png 0xc0101500   Data          20  fs.o(.data)
    file__images_jack_sfp_disabled_bottom_png 0xc0101514   Data          20  fs.o(.data)
    file__images_jack_sfp_down_bottom_png    0xc0101528   Data          20  fs.o(.data)
    file__images_jack_sfp_link_bottom_png    0xc010153c   Data          20  fs.o(.data)
    file__images_jack_sfp_sprout_bottom_png  0xc0101550   Data          20  fs.o(.data)
    file__images_jack_sfp_up_bottom_png      0xc0101564   Data          20  fs.o(.data)
    file__images_jack_x2_disabled_bottom_png 0xc0101578   Data          20  fs.o(.data)
    file__images_jack_x2_down_bottom_png     0xc010158c   Data          20  fs.o(.data)
    file__images_jack_x2_link_bottom_png     0xc01015a0   Data          20  fs.o(.data)
    file__images_led_down_gif                0xc01015b4   Data          20  fs.o(.data)
    file__images_led_green_small_gif         0xc01015c8   Data          20  fs.o(.data)
    file__images_led_off_small_gif           0xc01015dc   Data          20  fs.o(.data)
    file__images_led_up_gif                  0xc01015f0   Data          20  fs.o(.data)
    file__images_logo_png                    0xc0101604   Data          20  fs.o(.data)
    file__images_logout_png                  0xc0101618   Data          20  fs.o(.data)
    file__images_menu_o_gif                  0xc010162c   Data          20  fs.o(.data)
    file__images_no_gif                      0xc0101640   Data          20  fs.o(.data)
    file__images_port_gif                    0xc0101654   Data          20  fs.o(.data)
    file__images_port_1_gif                  0xc0101668   Data          20  fs.o(.data)
    file__images_port_2_gif                  0xc010167c   Data          20  fs.o(.data)
    file__images_port_3_gif                  0xc0101690   Data          20  fs.o(.data)
    file__images_switch_small_png            0xc01016a4   Data          20  fs.o(.data)
    file__images_title_png                   0xc01016b8   Data          20  fs.o(.data)
    file__images_title1_png                  0xc01016cc   Data          20  fs.o(.data)
    file__images_updating_gif                0xc01016e0   Data          20  fs.o(.data)
    file__images_yes_gif                     0xc01016f4   Data          20  fs.o(.data)
    file__lib_ajax_js                        0xc0101708   Data          20  fs.o(.data)
    file__lib_config_js                      0xc010171c   Data          20  fs.o(.data)
    file__lib_control_js                     0xc0101730   Data          20  fs.o(.data)
    file__lib_cookie_js                      0xc0101744   Data          20  fs.o(.data)
    file__lib_core_js                        0xc0101758   Data          20  fs.o(.data)
    file__lib_demo_css                       0xc010176c   Data          20  fs.o(.data)
    file__lib_exporting_js                   0xc0101780   Data          20  fs.o(.data)
    file__lib_filter_css                     0xc0101794   Data          20  fs.o(.data)
    file__lib_format_js                      0xc01017a8   Data          20  fs.o(.data)
    file__lib_formUtility_js                 0xc01017bc   Data          20  fs.o(.data)
    file__lib_highcharts_js                  0xc01017d0   Data          20  fs.o(.data)
    file__lib_html5_js                       0xc01017e4   Data          20  fs.o(.data)
    file__lib_jquery_min_js                  0xc01017f8   Data          20  fs.o(.data)
    file__lib_normal_css                     0xc010180c   Data          20  fs.o(.data)
    file__lib_validate_js                    0xc0101820   Data          20  fs.o(.data)
    file__404_html                           0xc0101834   Data          20  fs.o(.data)
    file__bandwidth_chart_shtml              0xc0101848   Data          20  fs.o(.data)
    file__download_config_file_shtml         0xc010185c   Data          20  fs.o(.data)
    file__dyna_mac_shtml                     0xc0101870   Data          20  fs.o(.data)
    file__factory_shtml                      0xc0101884   Data          20  fs.o(.data)
    file__index_shtml                        0xc0101898   Data          20  fs.o(.data)
    file__left_html                          0xc01018ac   Data          20  fs.o(.data)
    file__login_shtml                        0xc01018c0   Data          20  fs.o(.data)
    file__mac_shtml                          0xc01018d4   Data          20  fs.o(.data)
    file__ports_shtml                        0xc01018e8   Data          20  fs.o(.data)
    file__restart_shtml                      0xc01018fc   Data          20  fs.o(.data)
    file__save_all_shtml                     0xc0101910   Data          20  fs.o(.data)
    file__serial_shtml                       0xc0101924   Data          20  fs.o(.data)
    file__stat_detailed_shtml                0xc0101938   Data          20  fs.o(.data)
    file__stat_ports_shtml                   0xc010194c   Data          20  fs.o(.data)
    file__sys_shtml                          0xc0101960   Data          20  fs.o(.data)
    file__system_config_shtml                0xc0101974   Data          20  fs.o(.data)
    file__system_log_shtml                   0xc0101988   Data          20  fs.o(.data)
    file__top_html                           0xc010199c   Data          20  fs.o(.data)
    file__update_shtml                       0xc01019b0   Data          20  fs.o(.data)
    file__upload_config_file_shtml           0xc01019c4   Data          20  fs.o(.data)
    file__vlan_shtml                         0xc01019d8   Data          20  fs.o(.data)
    file__vlan_membership_stat_shtml         0xc01019ec   Data          20  fs.o(.data)
    file__vlan_port_shtml                    0xc0101a00   Data          20  fs.o(.data)
    file__vlan_port_stat_shtml               0xc0101a14   Data          20  fs.o(.data)
    board                                    0xc01054d4   Data       80808  web_main.o(.data)
    auto_ntp_refresh_timeout                 0xc011907c   Data           4  web_main.o(.data)
    isConfigRemoteHost                       0xc0119080   Data           4  web_main.o(.data)
    serial_data_timeout                      0xc0119084   Data           4  web_main.o(.data)
    igmp_time_out                            0xc0119088   Data           4  web_main.o(.data)
    print_timeout                            0xc011908c   Data           4  web_main.o(.data)
    bp_targ                                  0xc0119090   Data           1  web_main.o(.data)
    isFirstRequest                           0xc0119091   Data           1  web_main.o(.data)
    isFirstRequestPorts                      0xc0119092   Data           1  web_main.o(.data)
    isFirstRequestVlanPorts                  0xc0119093   Data           1  web_main.o(.data)
    isRecoverMacConfig                       0xc0119094   Data           1  web_main.o(.data)
    vlan_time_out                            0xc0119098   Data           4  web_main.o(.data)
    is_reboot                                0xc011909c   Data           1  web_main.o(.data)
    ntp_request_timeout                      0xc01190a0   Data           4  web_main.o(.data)
    write_flash_time                         0xc01190a4   Data           4  web_main.o(.data)
    recond_system_reboot_time_out            0xc01190a8   Data           4  web_main.o(.data)
    lwip_time_out                            0xc01190ac   Data           4  web_main.o(.data)
    sigalarm_time_out                        0xc01190b0   Data           4  web_main.o(.data)
    snmp_system_inc_timeout                  0xc01190b4   Data           4  web_main.o(.data)
    serial_client_timeout                    0xc01190b8   Data           4  web_main.o(.data)
    crc_ccitt_tab                            0xc01190bc   Data         512  crc16.o(.data)
    g_pfnSSIHandler                          0xc011cd6c   Data           4  httpd.o(.data)
    g_iNumTags                               0xc011cd70   Data           4  httpd.o(.data)
    g_ppcTags                                0xc011cd74   Data           4  httpd.o(.data)
    current_http_connection                  0xc011cd7c   Data           4  httpd.o(.data)
    port_mode                                0xc0120830   Data          13  httpd-cgi.o(.data)
    change_status                            0xc012083d   Data          13  httpd-cgi.o(.data)
    is_file_download                         0xc012084a   Data           1  httpd-cgi.o(.data)
    upDown                                   0xc01242f8   Data           8  ports.o(.data)
    speedType                                0xc0124300   Data          28  ports.o(.data)
    link_down                                0xc012431c   Data           8  ports.o(.data)
    top_bottom                               0xc0124324   Data           8  ports.o(.data)
    band_width_refresh_time                  0xc0124330   Data           4  ports.o(.data)
    isRestartDevice                          0xc0127de4   Data           4  system_maintain.o(.data)
    network_update_sucess                    0xc0127de8   Data           1  system_maintain.o(.data)
    url_buf_length                           0xc0127dec   Data           4  system_maintain.o(.data)
    is_recover_factory                       0xc012f348   Data           1  system_info.o(.data)
    time_update_interval                     0xc012f34c   Data           4  system_info.o(.data)
    system_start_time                        0xc012f350   Data           4  system_info.o(.data)
    mac_addr_num                             0xc0132e00   Data           4  mac_link.o(.data)
    mac_root                                 0xc0132e04   Data           4  mac_link.o(.data)
    age_time                                 0xc0132e08   Data           4  mac_link.o(.data)
    hex                                      0xc01368b8   Data           6  mac_table.o(.data)
    vlan_num                                 0xc013a36c   Data           4  vlan_link.o(.data)
    vlan_root                                0xc013a370   Data           4  vlan_link.o(.data)
    request_failed_num                       0xc013de28   Data           1  ntp_client.o(.data)
    is_need_record_time_log                  0xc013de29   Data           1  ntp_client.o(.data)
    is_open_ntp_request_timer                0xc013de2a   Data           1  ntp_client.o(.data)
    ntp_send_request_time                    0xc013de2c   Data           4  ntp_client.o(.data)
    final_JSON_result                        0xc01418e8   Data           4  jsonutility.o(.data)
    http_header_length                       0xc0145398   Data           4  upload_file.o(.data)
    log_num                                  0xc0148e48   Data           4  loginfo.o(.data)
    log_use_total_memory                     0xc0148e4c   Data           4  loginfo.o(.data)
    log_root                                 0xc0148e50   Data           4  loginfo.o(.data)
    session_root                             0xc014c900   Data           4  session.o(.data)
    server_queue_all_length                  0xc01503b0   Data           4  serialutility.o(.data)
    __stderr                                 0xc01503b4   Data           4  stderr.o(.data)
    __stdout                                 0xc01503c0   Data           4  stdout.o(.data)
    __microlib_freelist                      0xc01503c4   Data           4  mvars.o(.data)
    __microlib_freelist_initialised          0xc01503c8   Data           4  mvars.o(.data)
    TX_BUFFER                                0xc01503d0   Data       128000  veth_hal_init.o(EXTSDRAM)
    RX_BUFFER                                0xc016f7d0   Data       128000  veth_hal_init.o(EXTSDRAM)
    Eth_Handle                               0xc018ebd0   Data          72  main.o(.bss)
    IwdgHandle                               0xc018ec18   Data          16  main.o(.bss)
    comdin                                   0xc018ec28   Data          20  main.o(.bss)
    bpdu_count                               0xc018ec64   Data          12  veth_eth_ap.o(.bss)
    COM6_TX_buffer                           0xc018ec70   Data        1600  veth_hal_init.o(.bss)
    COM6_RX_buffer                           0xc018f2b0   Data        1600  veth_hal_init.o(.bss)
    COM1_TX_buffer                           0xc018f8f0   Data        1600  veth_hal_init.o(.bss)
    COM1_RX_buffer                           0xc018ff30   Data        1600  veth_hal_init.o(.bss)
    COM5_TX_buffer                           0xc0190570   Data        1600  veth_hal_init.o(.bss)
    COM5_RX_buffer                           0xc0190bb0   Data        1600  veth_hal_init.o(.bss)
    COM4_TX_buffer                           0xc01911f0   Data        1600  veth_hal_init.o(.bss)
    COM4_RX_buffer                           0xc0191830   Data        1600  veth_hal_init.o(.bss)
    COM7_TX_buffer                           0xc0191e70   Data        1600  veth_hal_init.o(.bss)
    COM7_RX_buffer                           0xc01924b0   Data        1600  veth_hal_init.o(.bss)
    TimHandle                                0xc0192af0   Data          60  veth_hal_init.o(.bss)
    TimsHandle                               0xc0192b2c   Data          60  veth_hal_init.o(.bss)
    TimrHandle                               0xc0192b68   Data          60  veth_hal_init.o(.bss)
    Uart6Handle                              0xc0192ba4   Data         156  veth_hal_init.o(.bss)
    Uart5Handle                              0xc0192c40   Data         156  veth_hal_init.o(.bss)
    Uart1Handle                              0xc0192cdc   Data         156  veth_hal_init.o(.bss)
    Uart4Handle                              0xc0192d78   Data         156  veth_hal_init.o(.bss)
    Uart7Handle                              0xc0192e14   Data         156  veth_hal_init.o(.bss)
    SDRAMHandle                              0xc0192eb0   Data          52  veth_hal_init.o(.bss)
    SDRAM_Timing                             0xc0192ee4   Data          28  veth_hal_init.o(.bss)
    SDRAM_Command                            0xc0192f00   Data          16  veth_hal_init.o(.bss)
    norHandle                                0xc0192f10   Data          68  veth_hal_init.o(.bss)
    Timing                                   0xc0192f54   Data          28  veth_hal_init.o(.bss)
    I2C1Handle                               0xc0192f70   Data          56  veth_hal_init.o(.bss)
    TX_LIST                                  0xc0192fa8   Data        2560  veth_hal_init.o(.bss)
    RX_LIST                                  0xc01939a8   Data        2560  veth_hal_init.o(.bss)
    my_invarite                              0xc01943bc   Data         210  veth_invariate.o(.bss)
    com1rcvBuffer1                           0xc0194758   Data       46080  veth_serial.o(.bss)
    com1rcvBuffer2                           0xc019fb58   Data       46080  veth_serial.o(.bss)
    com2rcvBuffer1                           0xc01aaf58   Data       46080  veth_serial.o(.bss)
    com2rcvBuffer2                           0xc01b6358   Data       46080  veth_serial.o(.bss)
    com3rcvBuffer1                           0xc01c1758   Data       46080  veth_serial.o(.bss)
    com3rcvBuffer2                           0xc01ccb58   Data       46080  veth_serial.o(.bss)
    com4rcvBuffer1                           0xc01d7f58   Data       46080  veth_serial.o(.bss)
    com4rcvBuffer2                           0xc01e3358   Data       46080  veth_serial.o(.bss)
    com1dataFIFO                             0xc01ee758   Data       30720  veth_serial.o(.bss)
    com2dataFIFO                             0xc01f5f58   Data       30720  veth_serial.o(.bss)
    com3dataFIFO                             0xc01fd758   Data       30720  veth_serial.o(.bss)
    com4dataFIFO                             0xc0204f58   Data       30720  veth_serial.o(.bss)
    com1rcvFIFO                              0xc020c758   Data       30720  veth_serial.o(.bss)
    com2rcvFIFO                              0xc0213f58   Data       30720  veth_serial.o(.bss)
    com3rcvFIFO                              0xc021b758   Data       30720  veth_serial.o(.bss)
    com4rcvFIFO                              0xc0222f58   Data       30720  veth_serial.o(.bss)
    com1FIFO                                 0xc022a758   Data          36  veth_serial.o(.bss)
    com2FIFO                                 0xc022a77c   Data          36  veth_serial.o(.bss)
    com3FIFO                                 0xc022a7a0   Data          36  veth_serial.o(.bss)
    com4FIFO                                 0xc022a7c4   Data          36  veth_serial.o(.bss)
    com1rxFIFO                               0xc022a7e8   Data          36  veth_serial.o(.bss)
    com2rxFIFO                               0xc022a80c   Data          36  veth_serial.o(.bss)
    com3rxFIFO                               0xc022a830   Data          36  veth_serial.o(.bss)
    com4rxFIFO                               0xc022a854   Data          36  veth_serial.o(.bss)
    com1DmaStatus                            0xc022a878   Data          32  veth_serial.o(.bss)
    com2DmaStatus                            0xc022a898   Data          32  veth_serial.o(.bss)
    com3DmaStatus                            0xc022a8b8   Data          32  veth_serial.o(.bss)
    com4DmaStatus                            0xc022a8d8   Data          32  veth_serial.o(.bss)
    com1RcvStatus                            0xc022a8f8   Data          28  veth_serial.o(.bss)
    com2RcvStatus                            0xc022a914   Data          28  veth_serial.o(.bss)
    com3RcvStatus                            0xc022a930   Data          28  veth_serial.o(.bss)
    com4RcvStatus                            0xc022a94c   Data          28  veth_serial.o(.bss)
    pFlash                                   0xc022a968   Data          28  stm32f4xx_hal_flash.o(.bss)
    Command                                  0xc022a984   Data          50  stm32f4xx_hal_uart.o(.bss)
    msg_input_list                           0xc022ab38   Data         304  msg_in.o(.bss)
    trap_msg                                 0xc022ac68   Data          68  msg_out.o(.bss)
    lwip_stats                               0xc022acac   Data         516  stats.o(.bss)
    veth_netif                               0xc024a9e0   Data         104  netif.o(.bss)
    is_modify_port                           0xc024aa48   Data          10  board_info.o(.bss)
    board_temp                               0xc024aa54   Data       80808  web_main.o(.bss)
    pre_port_link_status                     0xc025e5fc   Data          10  web_main.o(.bss)
    pre_rx_byte                              0xc025f330   Data          80  ports.o(.bss)
    pre_tx_byte                              0xc025f380   Data          80  ports.o(.bss)
    ports_pre_band_width                     0xc025f3d0   Data         200  ports.o(.bss)
    data                                     0xc025f4dc   Data         100  system_maintain.o(.bss)
    save_all_config_result                   0xc025f540   Data          16  system_maintain.o(.bss)
    remote_serial_server_socket              0xc025f550   Data         768  system_maintain.o(.bss)
    pre_compile_date                         0xc025f850   Data          30  system_maintain.o(.bss)
    system_time                              0xc025fa94   Data          48  system_info.o(.bss)
    mac_addr                                 0xc0261ac4   Data         400  mac_table.o(.bss)
    login_status                             0xc0264284   Data          32  user.o(.bss)
    string_hash                              0xc02642d4   Data          64  stringhashtable.o(.bss)
    server_array_queue                       0xc0266314   Data          32  serialqueue.o(.bss)
    client_array_queue                       0xc0266334   Data         112  serialqueue.o(.bss)
    serial_use_memory                        0xc02668d0   Data          16  serialutility.o(.bss)
    serial_server_queue_total                0xc02668e0   Data          16  serialutility.o(.bss)
    serial_client                            0xc02668f0   Data          96  serialclient.o(.bss)
    recv_total_data                          0xc0266950   Data          16  serialserver.o(.bss)
    serial_server                            0xc0266960   Data          32  serialserverudp.o(.bss)
    udp_serv_recv                            0xc0266980   Data          16  serialserverudp.o(.bss)
    recieved_package                         0xc0600000   Data       868360  main.o(.ARM.__AT_0xC0600000)
    ram_heap                                 0xc06d4008   Data       4194329  mem.o(.bss)
    __heap_base                              0xc0ad4028   Data           0  startup_stm32f429x.o(HEAP)
    __heap_limit                             0xc0fd4028   Data           0  startup_stm32f429x.o(HEAP)



==============================================================================

Memory Map of the image

  Image Entry point : 0x0800c1ad

  Load Region LR_IROM1 (Base: 0x0800c000, Size: 0x001ad438, Max: 0x000d4000, ABSOLUTE, COMPRESSED[0x00094d0c])

    Execution Region ER_IROM1 (Base: 0x0800c000, Size: 0x00045868, Max: 0x000d4000, ABSOLUTE)

    Base Addr    Size         Type   Attr      Idx    E Section Name        Object

    0x0800c000   0x000001ac   Data   RO            3    RESET               startup_stm32f429x.o
    0x0800c1ac   0x00000000   Code   RO         3676  * .ARM.Collect$$$$00000000  mc_w.l(entry.o)
    0x0800c1ac   0x00000004   Code   RO         4083    .ARM.Collect$$$$00000001  mc_w.l(entry2.o)
    0x0800c1b0   0x00000004   Code   RO         4086    .ARM.Collect$$$$00000004  mc_w.l(entry5.o)
    0x0800c1b4   0x00000000   Code   RO         4088    .ARM.Collect$$$$00000008  mc_w.l(entry7b.o)
    0x0800c1b4   0x00000000   Code   RO         4090    .ARM.Collect$$$$0000000A  mc_w.l(entry8b.o)
    0x0800c1b4   0x00000008   Code   RO         4091    .ARM.Collect$$$$0000000B  mc_w.l(entry9a.o)
    0x0800c1bc   0x00000000   Code   RO         4093    .ARM.Collect$$$$0000000D  mc_w.l(entry10a.o)
    0x0800c1bc   0x00000000   Code   RO         4095    .ARM.Collect$$$$0000000F  mc_w.l(entry11a.o)
    0x0800c1bc   0x00000004   Code   RO         4084    .ARM.Collect$$$$00002712  mc_w.l(entry2.o)
    0x0800c1c0   0x00000024   Code   RO            4    .text               startup_stm32f429x.o
    0x0800c1e4   0x000003b8   Code   RO           12    .text               system_stm32f4xx.o
    0x0800c59c   0x00000448   Code   RO           61    .text               main.o
    0x0800c9e4   0x00000f40   Code   RO          337    .text               veth_com_usart.o
    0x0800d924   0x00000294   Code   RO          380    .text               veth_eth_ap.o
    0x0800dbb8   0x00000e38   Code   RO          432    .text               veth_hal_init.o
    0x0800e9f0   0x000009ac   Code   RO          461    .text               veth_invariate.o
    0x0800f39c   0x00000648   Code   RO          490    .text               veth_m_4pse.o
    0x0800f9e4   0x00001d2c   Code   RO          514    .text               veth_marvell_6097f.o
    0x08011710   0x00000088   Code   RO          566    .text               veth_system_clock.o
    0x08011798   0x00000108   Code   RO          646    .text               stm32f4xx_it.o
    0x080118a0   0x00000230   Code   RO          670    .text               veth_rstp.o
    0x08011ad0   0x000000d2   Code   RO          704    .text               veth_ntoh.o
    0x08011ba2   0x00000002   PAD
    0x08011ba4   0x000028d4   Code   RO          718    .text               veth_serial.o
    0x08014478   0x00000162   Code   RO          754    .text               fifo.o
    0x080145da   0x00000002   PAD
    0x080145dc   0x00000114   Code   RO          768    .text               edge.o
    0x080146f0   0x0000019c   Code   RO          800    .text               migrate.o
    0x0801488c   0x000000d0   Code   RO          825    .text               p2p.o
    0x0801495c   0x00000184   Code   RO          850    .text               pcost.o
    0x08014ae0   0x000003fc   Code   RO          875    .text               port.o
    0x08014edc   0x0000056c   Code   RO          922    .text               portinfo.o
    0x08015448   0x00000448   Code   RO          947    .text               rolesel.o
    0x08015890   0x000005de   Code   RO          972    .text               roletrns.o
    0x08015e6e   0x00000002   PAD
    0x08015e70   0x000000e4   Code   RO          997    .text               statmch.o
    0x08015f54   0x00000c00   Code   RO         1017    .text               stp_in.o
    0x08016b54   0x00000130   Code   RO         1044    .text               stp_to.o
    0x08016c84   0x00000464   Code   RO         1091    .text               stpm.o
    0x080170e8   0x0000010c   Code   RO         1113    .text               sttrans.o
    0x080171f4   0x0000011c   Code   RO         1138    .text               times.o
    0x08017310   0x00000278   Code   RO         1158    .text               topoch.o
    0x08017588   0x000003bc   Code   RO         1183    .text               transmit.o
    0x08017944   0x00000170   Code   RO         1209    .text               vector.o
    0x08017ab4   0x00000064   Code   RO         1229    .text               veth_netupgrade.o
    0x08017b18   0x00000786   Code   RO         1258    .text               veth_mac.o
    0x0801829e   0x00000002   PAD
    0x080182a0   0x00000db8   Code   RO         1286    .text               veth_port.o
    0x08019058   0x0000020c   Code   RO         1313    .text               veth_vlan.o
    0x08019264   0x000002a0   Code   RO         1333    .text               veth_com.o
    0x08019504   0x00000154   Code   RO         1356    .text               stm32f4xx_hal.o
    0x08019658   0x000002ac   Code   RO         1392    .text               stm32f4xx_hal_cortex.o
    0x08019904   0x00007b90   Code   RO         1416    .text               stm32f4xx_hal_dma.o
    0x08021494   0x00000254   Code   RO         1436    .text               stm32f4xx_hal_dma_ex.o
    0x080216e8   0x00000cd0   Code   RO         1476    .text               stm32f4xx_hal_eth.o
    0x080223b8   0x00000480   Code   RO         1496    .text               stm32f4xx_hal_flash.o
    0x08022838   0x000005fc   Code   RO         1519    .text               stm32f4xx_hal_flash_ex.o
    0x08022e34   0x00000388   Code   RO         1540    .text               stm32f4xx_hal_gpio.o
    0x080231bc   0x0000243c   Code   RO         1560    .text               stm32f4xx_hal_i2c.o
    0x080255f8   0x00000554   Code   RO         1600    .text               stm32f4xx_hal_nor.o
    0x08025b4c   0x00000a24   Code   RO         1660    .text               stm32f4xx_hal_rcc.o
    0x08026570   0x00000434   Code   RO         1707    .text               stm32f4xx_hal_sdram.o
    0x080269a4   0x00002650   Code   RO         1727    .text               stm32f4xx_hal_tim.o
    0x08028ff4   0x00000d58   Code   RO         1747    .text               stm32f4xx_hal_tim_ex.o
    0x08029d4c   0x000011f0   Code   RO         1767    .text               stm32f4xx_hal_uart.o
    0x0802af3c   0x000004ec   Code   RO         1803    .text               stm32f4xx_ll_fmc.o
    0x0802b428   0x000000dc   Code   RO         1837    .text               stm32f4xx_hal_iwdg.o
    0x0802b504   0x000004e8   Code   RO         1855    .text               asn1_dec.o
    0x0802b9ec   0x000003d8   Code   RO         1879    .text               asn1_enc.o
    0x0802bdc4   0x000001dc   Code   RO         1897    .text               def.o
    0x0802bfa0   0x000008cc   Code   RO         1921    .text               igmp.o
    0x0802c86c   0x00000028   Code   RO         1986    .text               init.o
    0x0802c894   0x00000b8c   Code   RO         2042    .text               mib_structs.o
    0x0802d420   0x00002670   Code   RO         2061    .text               mib2.o
    0x0802fa90   0x00001564   Code   RO         2094    .text               msg_in.o
    0x08030ff4   0x00000988   Code   RO         2119    .text               msg_out.o
    0x0803197c   0x00000044   Code   RO         2148    .text               stats.o
    0x080319c0   0x0000000c   Code   RO         2173    .text               sys.o
    0x080319cc   0x00001604   Code   RO         2191    .text               tcp.o
    0x08032fd0   0x000019c0   Code   RO         2215    .text               tcp_in.o
    0x08034990   0x00001554   Code   RO         2242    .text               tcp_out.o
    0x08035ee4   0x000002e8   Code   RO         2255    .text               timers.o
    0x080361cc   0x00000730   Code   RO         2275    .text               udp.o
    0x080368fc   0x000010b4   Code   RO         2295    .text               etharp.o
    0x080379b0   0x00000290   Code   RO         2324    .text               ethernetif.o
    0x08037c40   0x000004fc   Code   RO         2354    .text               icmp.o
    0x0803813c   0x000002ac   Code   RO         2366    .text               inet_chksum.o
    0x080383e8   0x0000068c   Code   RO         2381    .text               ip.o
    0x08038a74   0x0000031c   Code   RO         2402    .text               ip_addr.o
    0x08038d90   0x00000ac8   Code   RO         2425    .text               ip_frag.o
    0x08039858   0x00000748   Code   RO         2439    .text               mem.o
    0x08039fa0   0x000001f0   Code   RO         2455    .text               memp.o
    0x0803a190   0x000003f8   Code   RO         2480    .text               netif.o
    0x0803a588   0x00001014   Code   RO         2512    .text               pbuf.o
    0x0803b59c   0x00000244   Code   RO         2524    .text               raw.o
    0x0803b7e0   0x000004f4   Code   RO         2540    .text               board_info.o
    0x0803bcd4   0x00000180   Code   RO         2572    .text               fs.o
    0x0803be54   0x00000ad8   Code   RO         2636    .text               web_main.o
    0x0803c92c   0x00000328   Code   RO         2723    .text               ip_config.o
    0x0803cc54   0x0000002c   Code   RO         2749    .text               crc16.o
    0x0803cc80   0x00001c48   Code   RO         2766    .text               httpd.o
    0x0803e8c8   0x00000afc   Code   RO         2803    .text               httpd-cgi.o
    0x0803f3c4   0x000011ec   Code   RO         2849    .text               ports.o
    0x080405b0   0x000001b8   Code   RO         2881    .text               request.o
    0x08040768   0x0000008c   Code   RO         2897    .text               timer.o
    0x080407f4   0x0000053c   Code   RO         2920    .text               system_maintain.o
    0x08040d30   0x000000e4   Code   RO         2971    .text               gbk_conv_hanzi.o
    0x08040e14   0x00000514   Code   RO         2989    .text               system_info.o
    0x08041328   0x00000554   Code   RO         3019    .text               mac_link.o
    0x0804187c   0x00000314   Code   RO         3051    .text               mac_table.o
    0x08041b90   0x00000a40   Code   RO         3076    .text               mac.o
    0x080425d0   0x000011b4   Code   RO         3100    .text               vlan.o
    0x08043784   0x00000118   Code   RO         3125    .text               vlan_link.o
    0x0804389c   0x00000114   Code   RO         3152    .text               user.o
    0x080439b0   0x00000434   Code   RO         3198    .text               ntp_client.o
    0x08043de4   0x00001c34   Code   RO         3229    .text               cjson.o
    0x08045a18   0x00000e44   Code   RO         3255    .text               jsonutility.o
    0x0804685c   0x00000118   Code   RO         3282    .text               upload_file.o
    0x08046974   0x000000c2   Code   RO         3308    .text               findsubstring.o
    0x08046a36   0x00000002   PAD
    0x08046a38   0x000001d8   Code   RO         3320    .text               stringhashtable.o
    0x08046c10   0x00000016   Code   RO         3338    .text               utility.o
    0x08046c26   0x00000002   PAD
    0x08046c28   0x000000b4   Code   RO         3355    .text               loginfo.o
    0x08046cdc   0x00000514   Code   RO         3382    .text               logutility.o
    0x080471f0   0x00000228   Code   RO         3406    .text               session.o
    0x08047418   0x00000104   Code   RO         3433    .text               serialqueue.o
    0x0804751c   0x00001220   Code   RO         3461    .text               serialutility.o
    0x0804873c   0x0000057c   Code   RO         3500    .text               serialclient.o
    0x08048cb8   0x000001e8   Code   RO         3532    .text               serialclientudp.o
    0x08048ea0   0x00000374   Code   RO         3561    .text               serialserver.o
    0x08049214   0x0000018c   Code   RO         3594    .text               serialserverudp.o
    0x080493a0   0x00000008   Code   RO         3680    .text               mc_w.l(ctype_o.o)
    0x080493a8   0x00000012   Code   RO         3702    .text               mc_w.l(isspace_o.o)
    0x080493ba   0x0000000c   Code   RO         3708    .text               mc_w.l(tolower.o)
    0x080493c6   0x00000002   PAD
    0x080493c8   0x00000024   Code   RO         3710    .text               mc_w.l(rand.o)
    0x080493ec   0x00000084   Code   RO         3713    .text               mc_w.l(localtime.o)
    0x08049470   0x00000024   Code   RO         3717    .text               mc_w.l(memcpya.o)
    0x08049494   0x00000024   Code   RO         3719    .text               mc_w.l(memseta.o)
    0x080494b8   0x00000018   Code   RO         3721    .text               mc_w.l(strcat.o)
    0x080494d0   0x00000024   Code   RO         3723    .text               mc_w.l(strstr.o)
    0x080494f4   0x00000018   Code   RO         3725    .text               mc_w.l(strncpy.o)
    0x0804950c   0x00000014   Code   RO         3727    .text               mc_w.l(strchr.o)
    0x08049520   0x0000000e   Code   RO         3729    .text               mc_w.l(strlen.o)
    0x0804952e   0x0000001c   Code   RO         3731    .text               mc_w.l(strcmp.o)
    0x0804954a   0x0000001a   Code   RO         3733    .text               mc_w.l(memcmp.o)
    0x08049564   0x00000012   Code   RO         3735    .text               mc_w.l(strcpy.o)
    0x08049576   0x0000001e   Code   RO         3737    .text               mc_w.l(strncmp.o)
    0x08049594   0x00000044   Code   RO         3739    .text               mc_w.l(strtok.o)
    0x080495d8   0x00000020   Code   RO         3745    .text               mc_w.l(strrchr.o)
    0x080495f8   0x0000001c   Code   RO         4038    .text               mc_w.l(calloc.o)
    0x08049614   0x0000001a   Code   RO         4040    .text               mc_w.l(atoi.o)
    0x0804962e   0x0000014e   Code   RO         4042    .text               mf_w.l(dadd.o)
    0x0804977c   0x000000e4   Code   RO         4044    .text               mf_w.l(dmul.o)
    0x08049860   0x000000de   Code   RO         4046    .text               mf_w.l(ddiv.o)
    0x0804993e   0x00000022   Code   RO         4048    .text               mf_w.l(dflti.o)
    0x08049960   0x0000001a   Code   RO         4050    .text               mf_w.l(dfltui.o)
    0x0804997a   0x00000018   Code   RO         4052    .text               mf_w.l(dfltul.o)
    0x08049992   0x0000003e   Code   RO         4054    .text               mf_w.l(dfixi.o)
    0x080499d0   0x00000026   Code   RO         4056    .text               mf_w.l(f2d.o)
    0x080499f6   0x00000002   PAD
    0x080499f8   0x00000028   Code   RO         4058    .text               mf_w.l(cdcmple.o)
    0x08049a20   0x00000028   Code   RO         4060    .text               mf_w.l(cdrcmple.o)
    0x08049a48   0x00000038   Code   RO         4062    .text               mf_w.l(d2f.o)
    0x08049a80   0x0000002c   Code   RO         4098    .text               mc_w.l(uidiv.o)
    0x08049aac   0x00000062   Code   RO         4100    .text               mc_w.l(uldiv.o)
    0x08049b0e   0x0000001e   Code   RO         4102    .text               mc_w.l(llshl.o)
    0x08049b2c   0x00000020   Code   RO         4104    .text               mc_w.l(llushr.o)
    0x08049b4c   0x00000024   Code   RO         4106    .text               mc_w.l(llsshr.o)
    0x08049b70   0x0000009c   Code   RO         4117    .text               mc_w.l(strtod.o)
    0x08049c0c   0x00000070   Code   RO         4119    .text               mc_w.l(strtol.o)
    0x08049c7c   0x00000000   Code   RO         4121    .text               mc_w.l(iusefp.o)
    0x08049c7c   0x0000006c   Code   RO         4122    .text               mf_w.l(fepilogue.o)
    0x08049ce8   0x000000be   Code   RO         4124    .text               mf_w.l(depilogue.o)
    0x08049da6   0x0000002e   Code   RO         4128    .text               mf_w.l(dscalb.o)
    0x08049dd4   0x00000030   Code   RO         4130    .text               mf_w.l(dfixul.o)
    0x08049e04   0x00000024   Code   RO         4132    .text               mc_w.l(init.o)
    0x08049e28   0x0000033c   Code   RO         4136    .text               mc_w.l(scanf_fp.o)
    0x0804a164   0x00000040   Code   RO         4140    .text               mc_w.l(_sgetc.o)
    0x0804a1a4   0x0000009e   Code   RO         4142    .text               mc_w.l(_strtoul.o)
    0x0804a242   0x000000a2   Code   RO         4144    .text               mf_w.l(dsqrt.o)
    0x0804a2e4   0x0000001c   Code   RO         4149    .text               mc_w.l(_chval.o)
    0x0804a300   0x00000060   Code   RO         4159    .text               mc_w.l(__dclz77c.o)
    0x0804a360   0x0000001c   Code   RO         3981    i.__0fprintf        mc_w.l(printfa.o)
    0x0804a37c   0x00000020   Code   RO         3982    i.__0printf         mc_w.l(printfa.o)
    0x0804a39c   0x00000028   Code   RO         3984    i.__0sprintf        mc_w.l(printfa.o)
    0x0804a3c4   0x00000030   Code   RO         4066    i.__ARM_fpclassify  m_wm.l(fpclassify.o)
    0x0804a3f4   0x00000008   Code   RO         4110    i.__aeabi_errno_addr  mc_w.l(errno.o)
    0x0804a3fc   0x00000004   PAD
    0x0804a400   0x00000038   Code   RO         3644    i.__hardfp_atof     m_wm.l(atof.o)
    0x0804a438   0x00000014   Code   RO         3650    i.__hardfp_fabs     m_wm.l(fabs.o)
    0x0804a44c   0x00000004   PAD
    0x0804a450   0x00000118   Code   RO         3656    i.__hardfp_floor    m_wm.l(floor.o)
    0x0804a568   0x00000c90   Code   RO         3662    i.__hardfp_pow      m_wm.l(pow.o)
    0x0804b1f8   0x000000f8   Code   RO         4068    i.__kernel_poly     m_wm.l(poly.o)
    0x0804b2f0   0x00000020   Code   RO         4064    i.__mathlib_dbl_underflow  m_wm.l(dunder.o)
    0x0804b310   0x0000000c   Code   RO         4111    i.__read_errno      mc_w.l(errno.o)
    0x0804b31c   0x0000000e   Code   RO         4153    i.__scatterload_copy  mc_w.l(handlers.o)
    0x0804b32a   0x00000002   Code   RO         4154    i.__scatterload_null  mc_w.l(handlers.o)
    0x0804b32c   0x0000000e   Code   RO         4155    i.__scatterload_zeroinit  mc_w.l(handlers.o)
    0x0804b33a   0x00000002   PAD
    0x0804b33c   0x0000000c   Code   RO         4112    i.__set_errno       mc_w.l(errno.o)
    0x0804b348   0x0000015c   Code   RO         3989    i._fp_digits        mc_w.l(printfa.o)
    0x0804b4a4   0x0000000e   Code   RO         4138    i._is_digit         mc_w.l(scanf_fp.o)
    0x0804b4b2   0x00000002   PAD
    0x0804b4b4   0x000006f0   Code   RO         3990    i._printf_core      mc_w.l(printfa.o)
    0x0804bba4   0x00000026   Code   RO         3991    i._printf_post_padding  mc_w.l(printfa.o)
    0x0804bbca   0x00000030   Code   RO         3992    i._printf_pre_padding  mc_w.l(printfa.o)
    0x0804bbfa   0x0000000a   Code   RO         3994    i._sputc            mc_w.l(printfa.o)
    0x0804bc04   0x00000020   Code   RO         3652    i.fabs              m_wm.l(fabs.o)
    0x0804bc24   0x00000050   Code   RO         4010    i.free              mc_w.l(malloc.o)
    0x0804bc74   0x0000006c   Code   RO         4011    i.malloc            mc_w.l(malloc.o)
    0x0804bce0   0x0000006e   Code   RO         4073    i.sqrt              m_wm.l(sqrt.o)
    0x0804bd4e   0x00000002   PAD
    0x0804bd50   0x000005a6   Data   RO          339    .constdata          veth_com_usart.o
    0x0804c2f6   0x00000002   PAD
    0x0804c2f8   0x00000004   Data   RO         1259    .constdata          veth_mac.o
    0x0804c2fc   0x00000010   Data   RO         1661    .constdata          stm32f4xx_hal_rcc.o
    0x0804c30c   0x00000010   Data   RO         2044    .constdata          mib_structs.o
    0x0804c31c   0x000008fc   Data   RO         2062    .constdata          mib2.o
    0x0804cc18   0x0000000b   Data   RO         2096    .constdata          msg_in.o
    0x0804cc23   0x00000001   PAD
    0x0804cc24   0x0000003c   Data   RO         2150    .constdata          stats.o
    0x0804cc60   0x00000050   Data   RO         2192    .constdata          tcp.o
    0x0804ccb0   0x00000055   Data   RO         2243    .constdata          tcp_out.o
    0x0804cd05   0x00000003   PAD
    0x0804cd08   0x00000050   Data   RO         2297    .constdata          etharp.o
    0x0804cd58   0x00000008   Data   RO         2404    .constdata          ip_addr.o
    0x0804cd60   0x0000003c   Data   RO         2457    .constdata          memp.o
    0x0804cd9c   0x00000042   Data   RO         2638    .constdata          web_main.o
    0x0804cdde   0x00000002   PAD
    0x0804cde0   0x00000041   Data   RO         2724    .constdata          ip_config.o
    0x0804ce21   0x00000003   PAD
    0x0804ce24   0x000001a4   Data   RO         2768    .constdata          httpd.o
    0x0804cfc8   0x00000080   Data   RO         2851    .constdata          ports.o
    0x0804d048   0x00000099   Data   RO         2991    .constdata          system_info.o
    0x0804d0e1   0x00000003   PAD
    0x0804d0e4   0x00000047   Data   RO         3102    .constdata          vlan.o
    0x0804d12b   0x00000007   Data   RO         3230    .constdata          cjson.o
    0x0804d132   0x00000006   PAD
    0x0804d138   0x00000088   Data   RO         3665    .constdata          m_wm.l(pow.o)
    0x0804d1c0   0x00000081   Data   RO         3681    .constdata          mc_w.l(ctype_o.o)
    0x0804d241   0x00000003   PAD
    0x0804d244   0x00000004   Data   RO         3682    .constdata          mc_w.l(ctype_o.o)
    0x0804d248   0x0000000c   Data   RO         3715    .constdata          mc_w.l(localtime.o)
    0x0804d254   0x00000004   PAD
    0x0804d258   0x00000008   Data   RO         4070    .constdata          m_wm.l(qnan.o)
    0x0804d260   0x00003aa8   Data   RO           64    .conststring        main.o
    0x08050d08   0x00000024   Data   RO          769    .conststring        edge.o
    0x08050d2c   0x0000002c   Data   RO          801    .conststring        migrate.o
    0x08050d58   0x00000011   Data   RO          826    .conststring        p2p.o
    0x08050d69   0x0000000b   Data   RO          851    .conststring        pcost.o
    0x08050d74   0x0000003e   Data   RO          923    .conststring        portinfo.o
    0x08050db2   0x0000001b   Data   RO          948    .conststring        rolesel.o
    0x08050dcd   0x000000f8   Data   RO          973    .conststring        roletrns.o
    0x08050ec5   0x00000313   Data   RO         1018    .conststring        stp_in.o
    0x080511d8   0x0000001f   Data   RO         1114    .conststring        sttrans.o
    0x080511f7   0x00000044   Data   RO         1159    .conststring        topoch.o
    0x0805123b   0x00000050   Data   RO         1184    .conststring        transmit.o
    0x0805128b   0x000000a1   Data   RO         2151    .conststring        stats.o
    0x0805132c   0x00000061   Data   RO         2193    .conststring        tcp.o
    0x0805138d   0x000003f8   Data   RO         2769    .conststring        httpd.o
    0x08051785   0x00000073   Data   RO         2852    .conststring        ports.o
    0x080517f8   0x00000030   Data   RO         2992    .conststring        system_info.o
    0x08051828   0x00000040   Data   RO         4151    Region$$Table       anon$$obj.o


    Execution Region RW_RAM2 (Base: 0x20000000, Size: 0x00010000, Max: 0xffffffff, ABSOLUTE)

    Base Addr    Size         Type   Attr      Idx    E Section Name        Object

    0x20000000   0x00010000   Zero   RW            1    STACK               startup_stm32f429x.o


    Execution Region RW_RAM4 (Base: 0x20010000, Size: 0x00009000, Max: 0x0000c000, ABSOLUTE, COMPRESSED[0x000001b4])

    Base Addr    Size         Type   Attr      Idx    E Section Name        Object

    0x20010000   0x00009000   Data   RW          722    COMDATABUFFER       veth_serial.o


    Execution Region RW_RAM3 (Base: 0xc0000000, Size: 0x00000000, Max: 0x00030000, ABSOLUTE)

    **** No section assigned to this execution region ****


    Execution Region RW_IRAM1 (Base: 0xc0030000, Size: 0x00fa4028, Max: 0x00fc0000, ABSOLUTE, COMPRESSED[0x0004f2f0])

    Base Addr    Size         Type   Attr      Idx    E Section Name        Object

    0xc0030000   0x00000014   Data   RW           13    .data               system_stm32f4xx.o
    0xc0030014   0x00003ac1   Data   RW           65    .data               main.o
    0xc0033ad5   0x00000003   PAD
    0xc0033ad8   0x00003c0e   Data   RW          341    .data               veth_com_usart.o
    0xc00376e6   0x00000002   PAD
    0xc00376e8   0x00000154   Data   RW          434    .data               veth_hal_init.o
    0xc003783c   0x00003ac5   Data   RW          464    .data               veth_invariate.o
    0xc003b301   0x00000001   PAD
    0xc003b302   0x00000018   Data   RW          515    .data               veth_marvell_6097f.o
    0xc003b31a   0x00000002   PAD
    0xc003b31c   0x00000018   Data   RW          672    .data               veth_rstp.o
    0xc003b334   0x00004780   Data   RW          721    .data               veth_serial.o
    0xc003fab4   0x00000010   Data   RW          770    .data               edge.o
    0xc003fac4   0x00000014   Data   RW          802    .data               migrate.o
    0xc003fad8   0x0000000c   Data   RW          827    .data               p2p.o
    0xc003fae4   0x0000000c   Data   RW          852    .data               pcost.o
    0xc003faf0   0x00000024   Data   RW          924    .data               portinfo.o
    0xc003fb14   0x00000008   Data   RW          949    .data               rolesel.o
    0xc003fb1c   0x00000048   Data   RW          974    .data               roletrns.o
    0xc003fb64   0x00000084   Data   RW         1019    .data               stp_in.o
    0xc003fbe8   0x00003ab0   Data   RW         1046    .data               stp_to.o
    0xc0043698   0x00000004   Data   RW         1092    .data               stpm.o
    0xc004369c   0x0000000c   Data   RW         1115    .data               sttrans.o
    0xc00436a8   0x00000020   Data   RW         1160    .data               topoch.o
    0xc00436c8   0x00000058   Data   RW         1185    .data               transmit.o
    0xc0043720   0x0000c800   Data   RW         1230    .data               veth_netupgrade.o
    0xc004ff20   0x00000006   Data   RW         1260    .data               veth_mac.o
    0xc004ff26   0x00000001   Data   RW         1287    .data               veth_port.o
    0xc004ff27   0x00000001   PAD
    0xc004ff28   0x00000004   Data   RW         1357    .data               stm32f4xx_hal.o
    0xc004ff2c   0x00003ac5   Data   RW         1770    .data               stm32f4xx_hal_uart.o
    0xc00539f1   0x00000003   PAD
    0xc00539f4   0x0000000c   Data   RW         1922    .data               igmp.o
    0xc0053a00   0x00000001   Data   RW         2045    .data               mib_structs.o
    0xc0053a01   0x00000003   PAD
    0xc0053a04   0x00003f04   Data   RW         2064    .data               mib2.o
    0xc0057908   0x00000004   Data   RW         2097    .data               msg_in.o
    0xc005790c   0x00000008   Data   RW         2121    .data               msg_out.o
    0xc0057914   0x0000002c   Data   RW         2194    .data               tcp.o
    0xc0057940   0x00000020   Data   RW         2217    .data               tcp_in.o
    0xc0057960   0x0000000c   Data   RW         2256    .data               timers.o
    0xc005796c   0x00000008   Data   RW         2276    .data               udp.o
    0xc0057974   0x00003aad   Data   RW         2299    .data               etharp.o
    0xc005b421   0x00000003   PAD
    0xc005b424   0x00000012   Data   RW         2382    .data               ip.o
    0xc005b436   0x00000002   PAD
    0xc005b438   0x00000006   Data   RW         2426    .data               ip_frag.o
    0xc005b43e   0x00000002   PAD
    0xc005b440   0x0000000c   Data   RW         2441    .data               mem.o
    0xc005b44c   0x00000009   Data   RW         2482    .data               netif.o
    0xc005b455   0x00000003   PAD
    0xc005b458   0x00000004   Data   RW         2525    .data               raw.o
    0xc005b45c   0x00003abc   Data   RW         2543    .data               board_info.o
    0xc005ef18   0x000a2b10   Data   RW         2574    .data               fs.o
    0xc0101a28   0x00017694   Data   RW         2640    .data               web_main.o
    0xc01190bc   0x00000200   Data   RW         2750    .data               crc16.o
    0xc01192bc   0x00003ac4   Data   RW         2770    .data               httpd.o
    0xc011cd80   0x00003acb   Data   RW         2805    .data               httpd-cgi.o
    0xc012084b   0x00000001   PAD
    0xc012084c   0x00003aec   Data   RW         2853    .data               ports.o
    0xc0124338   0x00003ab8   Data   RW         2923    .data               system_maintain.o
    0xc0127df0   0x00003aac   Data   RW         2974    .data               gbk_conv_hanzi.o
    0xc012b89c   0x00003ab8   Data   RW         2993    .data               system_info.o
    0xc012f354   0x00003ab8   Data   RW         3021    .data               mac_link.o
    0xc0132e0c   0x00003ab2   Data   RW         3054    .data               mac_table.o
    0xc01368be   0x00000002   PAD
    0xc01368c0   0x00003ab4   Data   RW         3127    .data               vlan_link.o
    0xc013a374   0x00003abc   Data   RW         3201    .data               ntp_client.o
    0xc013de30   0x0000000c   Data   RW         3231    .data               cjson.o
    0xc013de3c   0x00003ab0   Data   RW         3257    .data               jsonutility.o
    0xc01418ec   0x00003ab0   Data   RW         3284    .data               upload_file.o
    0xc014539c   0x00003ab8   Data   RW         3357    .data               loginfo.o
    0xc0148e54   0x00003ab0   Data   RW         3408    .data               session.o
    0xc014c904   0x00003ab0   Data   RW         3464    .data               serialutility.o
    0xc01503b4   0x00000004   Data   RW         3679    .data               mc_w.l(stderr.o)
    0xc01503b8   0x00000004   Data   RW         3711    .data               mc_w.l(rand.o)
    0xc01503bc   0x00000004   Data   RW         3740    .data               mc_w.l(strtok.o)
    0xc01503c0   0x00000004   Data   RW         4097    .data               mc_w.l(stdout.o)
    0xc01503c4   0x00000004   Data   RW         4108    .data               mc_w.l(mvars.o)
    0xc01503c8   0x00000004   Data   RW         4109    .data               mc_w.l(mvars.o)
    0xc01503cc   0x00000004   Data   RW         4113    .data               mc_w.l(errno.o)
    0xc01503d0   0x0003e800   Data   RW          435    EXTSDRAM            veth_hal_init.o
    0xc018ebd0   0x0000006c   Zero   RW           63    .bss                main.o
    0xc018ec3c   0x00000028   Zero   RW          338    .bss                veth_com_usart.o
    0xc018ec64   0x0000000c   Zero   RW          381    .bss                veth_eth_ap.o
    0xc018ec70   0x00005738   Zero   RW          433    .bss                veth_hal_init.o
    0xc01943a8   0x000000e6   Zero   RW          462    .bss                veth_invariate.o
    0xc019448e   0x0000002a   Zero   RW          671    .bss                veth_rstp.o
    0xc01944b8   0x000964b0   Zero   RW          719    .bss                veth_serial.o
    0xc022a968   0x0000001c   Zero   RW         1497    .bss                stm32f4xx_hal_flash.o
    0xc022a984   0x00000032   Zero   RW         1768    .bss                stm32f4xx_hal_uart.o
    0xc022a9b6   0x00000002   PAD
    0xc022a9b8   0x00000180   Zero   RW         2043    .bss                mib_structs.o
    0xc022ab38   0x00000130   Zero   RW         2095    .bss                msg_in.o
    0xc022ac68   0x00000044   Zero   RW         2120    .bss                msg_out.o
    0xc022acac   0x00000204   Zero   RW         2149    .bss                stats.o
    0xc022aeb0   0x00000014   Zero   RW         2216    .bss                tcp_in.o
    0xc022aec4   0x000000c8   Zero   RW         2296    .bss                etharp.o
    0xc022af8c   0x00000010   Zero   RW         2403    .bss                ip_addr.o
    0xc022af9c   0x0001fa44   Zero   RW         2456    .bss                memp.o
    0xc024a9e0   0x00000068   Zero   RW         2481    .bss                netif.o
    0xc024aa48   0x0000000a   Zero   RW         2541    .bss                board_info.o
    0xc024aa52   0x00000002   PAD
    0xc024aa54   0x00013bb2   Zero   RW         2637    .bss                web_main.o
    0xc025e606   0x00000440   Zero   RW         2767    .bss                httpd.o
    0xc025ea46   0x00000002   PAD
    0xc025ea48   0x00000a50   Zero   RW         2850    .bss                ports.o
    0xc025f498   0x00000024   Zero   RW         2898    .bss                timer.o
    0xc025f4bc   0x000003b2   Zero   RW         2921    .bss                system_maintain.o
    0xc025f86e   0x00000032   Zero   RW         2972    .bss                gbk_conv_hanzi.o
    0xc025f8a0   0x00000224   Zero   RW         2990    .bss                system_info.o
    0xc025fac4   0x00002190   Zero   RW         3052    .bss                mac_table.o
    0xc0261c54   0x00000400   Zero   RW         3077    .bss                mac.o
    0xc0262054   0x00002230   Zero   RW         3101    .bss                vlan.o
    0xc0264284   0x00000020   Zero   RW         3153    .bss                user.o
    0xc02642a4   0x00000030   Zero   RW         3199    .bss                ntp_client.o
    0xc02642d4   0x00000040   Zero   RW         3321    .bss                stringhashtable.o
    0xc0264314   0x00002000   Zero   RW         3383    .bss                logutility.o
    0xc0266314   0x00000090   Zero   RW         3434    .bss                serialqueue.o
    0xc02663a4   0x0000054c   Zero   RW         3462    .bss                serialutility.o
    0xc02668f0   0x00000060   Zero   RW         3501    .bss                serialclient.o
    0xc0266950   0x00000010   Zero   RW         3562    .bss                serialserver.o
    0xc0266960   0x00000030   Zero   RW         3595    .bss                serialserverudp.o
    0xc0266990   0x0000002c   Zero   RW         3714    .bss                mc_w.l(localtime.o)
    0xc02669bc   0x00399644   PAD
    0xc0600000   0x000d4008   Zero   RW           62    .ARM.__AT_0xC0600000  main.o
    0xc06d4008   0x00400019   Zero   RW         2440    .bss                mem.o
    0xc0ad4021   0x00000007   PAD
    0xc0ad4028   0x00500000   Zero   RW            2    HEAP                startup_stm32f429x.o


==============================================================================

Image component sizes


      Code (inc. data)   RO Data    RW Data    ZI Data      Debug   Object Name

      1256          0          0          0          0       7196   asn1_dec.o
       984          0          0          0          0       5241   asn1_enc.o
      1268        178          0      15036         10       3632   board_info.o
      7220        238          7         12          0      23934   cjson.o
        44          4          0        512          0       1122   crc16.o
       476        328          0          0          0       1514   def.o
       276         12         36         16          0       1761   edge.o
      4276        626         80      15021        200      10566   etharp.o
       656        132          0          0          0       2759   ethernetif.o
       354          0          0          0          0       3056   fifo.o
       194          0          0          0          0       1248   findsubstring.o
       384         64          0     666384          0      19212   fs.o
       228         10          0      15020         50       1109   gbk_conv_hanzi.o
      2812        878          0      15051          0       5964   httpd-cgi.o
      7240       1280       1436      15044       1088      24152   httpd.o
      1276        360          0          0          0       2470   icmp.o
      2252        396          0         12          0      21404   igmp.o
       684         90          0          0          0       2769   inet_chksum.o
        40          0          0          0          0      15331   init.o
      1676        190          0         18          0       6568   ip.o
       796         94          8          0         16       9586   ip_addr.o
       808        210         65          0          0       2141   ip_config.o
      2760        486          0          6          0       6400   ip_frag.o
      3652        590          0      15024          0       3742   jsonutility.o
       180          8          0      15032          0       2498   loginfo.o
      1300        218          0          0       8192       4302   logutility.o
      2624        522          0          0       1024       5435   mac.o
      1364        204          0      15032          0       6525   mac_link.o
       788         78          0      15026       8592       2995   mac_table.o
      1096        308      15016      15041     868468     203966   main.o
      1864        482          0         12    4194329       3798   mem.o
       496        122         60          0     129604       2394   memp.o
      9840       1436       2300      16132          0      45681   mib2.o
      2956        206         16          1        384       8735   mib_structs.o
       412         20         44         20          0       1946   migrate.o
      5476        236         11          4        304      12945   msg_in.o
      2440         24          0          8         68       8069   msg_out.o
      1016        118          0          9        104       6920   netif.o
      1076        376          0      15036         48       8972   ntp_client.o
       208         14         17         12          0       1786   p2p.o
      4116       1090          0          0          0       9129   pbuf.o
       388         36         11         12          0       2048   pcost.o
      1020        250          0          0          0       2793   port.o
      1388         48         62         36          0       3750   portinfo.o
      4588        892        243      15084       2640      12068   ports.o
       580        122          0          4          0       3033   raw.o
       440         62          0          0          0       1938   request.o
      1096        106         27          8          0       3922   rolesel.o
      1502         48        248         72          0       3821   roletrns.o
      1404        272          0          0         96       6141   serialclient.o
       488        140          0          0          0       8234   serialclientudp.o
       260         38          0          0        144       2997   serialqueue.o
       884        332          0          0         16       3539   serialserver.o
       396         94          0          0         48       2942   serialserverudp.o
      4640       1086          0      15024       1356      10723   serialutility.o
       552         20          0      15024          0       3903   session.o
        36          8        428          0    5308416        780   startup_stm32f429x.o
       228         64          0          0          0       2139   statmch.o
        68         14        221          0        516       3654   stats.o
       340         30          0          4          0       4444   stm32f4xx_hal.o
       684         22          0          0          0      31554   stm32f4xx_hal_cortex.o
     31632        416          0          0          0      20778   stm32f4xx_hal_dma.o
       596         46          0          0          0       2901   stm32f4xx_hal_dma_ex.o
      3280         52          0          0          0       9751   stm32f4xx_hal_eth.o
      1152         34          0          0         28       4405   stm32f4xx_hal_flash.o
      1532         34          0          0          0       6794   stm32f4xx_hal_flash_ex.o
       904         54          0          0          0       3870   stm32f4xx_hal_gpio.o
      9276        106          0          0          0      21667   stm32f4xx_hal_i2c.o
       220          0          0          0          0       1907   stm32f4xx_hal_iwdg.o
      1364         12          0          0          0       6583   stm32f4xx_hal_nor.o
      2596         86         16          0          0      32053   stm32f4xx_hal_rcc.o
      1076         10          0          0          0       7949   stm32f4xx_hal_sdram.o
      9808        164          0          0          0      30012   stm32f4xx_hal_tim.o
      3416         26          0          0          0      11554   stm32f4xx_hal_tim_ex.o
      4592        114          0      15045         50      13365   stm32f4xx_hal_uart.o
       264         36          0          0          0       3737   stm32f4xx_it.o
      1260          0          0          0          0       8389   stm32f4xx_ll_fmc.o
      3072        142        787        132          0      11559   stp_in.o
       304         20          0      15024          0       5125   stp_to.o
      1124        172          0          4          0       6157   stpm.o
       472         80          0          0         64       3339   stringhashtable.o
       268         14         31         12          0       1714   sttrans.o
        12          6          0          0          0        418   sys.o
      1300        366        201      15032        548       8836   system_info.o
      1340        438          0      15032        946      15958   system_maintain.o
       952        114          0         20          0     271847   system_stm32f4xx.o
      5636       1116        177         44          0      21283   tcp.o
      6592        976          0         32         20      14747   tcp_in.o
      5460       1112         85          0          0       9627   tcp_out.o
       140          6          0          0         36       2031   timer.o
       744        172          0         12          0       2767   timers.o
       284          0          0          0          0       1775   times.o
       632         44         68         32          0       2459   topoch.o
       956         56         80         88          0       4334   transmit.o
      1840        202          0          8          0       6706   udp.o
       280         80          0      15024          0       1318   upload_file.o
       276         92          0          0         32       1644   user.o
        22          0          0          0          0        528   utility.o
       368          0          0          0          0       3203   vector.o
       672         34          0          0          0       1980   veth_com.o
      3904       1268       1446      15374         40      41359   veth_com_usart.o
       660         36          0          0         12      18132   veth_eth_ap.o
      3640        374          0     256340      22328      13910   veth_hal_init.o
      2476        866          0      15045        230       7335   veth_invariate.o
      1608          8          0          0          0       9609   veth_m_4pse.o
      1926        444          4          6          0      10335   veth_mac.o
      7468        192          0         24          0      21744   veth_marvell_6097f.o
       100         18          0      51200          0       1588   veth_netupgrade.o
       210          0          0          0          0       1286   veth_ntoh.o
      3512       2182          0          1          0      10818   veth_port.o
       560         36          0         24         42       3098   veth_rstp.o
     10452        932          0      55168     615600      18589   veth_serial.o
       136          8          0          0          0      98301   veth_system_clock.o
       524         92          0          0          0       2416   veth_vlan.o
      4532       1248         71          0       8752       7196   vlan.o
       280          4          0      15028          0       2893   vlan_link.o
      2776        742         66      95892      80818      29741   web_main.o

    ----------------------------------------------------------------------
    250336      30194      23452    1473460   11255272    1516816   Object Totals
         0          0         64          0          0          0   (incl. Generated)
        12          0         20         28         13          0   (incl. Padding)

    ----------------------------------------------------------------------

      Code (inc. data)   RO Data    RW Data    ZI Data      Debug   Library Member Name

        56         12          0          0          0        132   atof.o
        32          8          0          0          0        124   dunder.o
        52          0          0          0          0        248   fabs.o
       280         28          0          0          0        156   floor.o
        48          0          0          0          0        124   fpclassify.o
       248          0          0          0          0        152   poly.o
      3216        310        136          0          0        216   pow.o
         0          0          8          0          0          0   qnan.o
       110          0          0          0          0        148   sqrt.o
        96          0          0          0          0          0   __dclz77c.o
        28          0          0          0          0         68   _chval.o
        64          0          0          0          0         84   _sgetc.o
       158          0          0          0          0         92   _strtoul.o
        26          0          0          0          0         80   atoi.o
        28          0          0          0          0         76   calloc.o
         8          4        133          0          0         68   ctype_o.o
         0          0          0          0          0          0   entry.o
         0          0          0          0          0          0   entry10a.o
         0          0          0          0          0          0   entry11a.o
         8          4          0          0          0          0   entry2.o
         4          0          0          0          0          0   entry5.o
         0          0          0          0          0          0   entry7b.o
         0          0          0          0          0          0   entry8b.o
         8          4          0          0          0          0   entry9a.o
        32         16          0          4          0        204   errno.o
        30          0          0          0          0          0   handlers.o
        36          8          0          0          0         68   init.o
        18          0          0          0          0         76   isspace_o.o
         0          0          0          0          0          0   iusefp.o
        30          0          0          0          0         68   llshl.o
        36          0          0          0          0         68   llsshr.o
        32          0          0          0          0         68   llushr.o
       132          8         12          0         44         76   localtime.o
       188         20          0          0          0        160   malloc.o
        26          0          0          0          0         80   memcmp.o
        36          0          0          0          0         68   memcpya.o
        36          0          0          0          0        108   memseta.o
         0          0          0          8          0          0   mvars.o
      2320        102          0          0          0        680   printfa.o
        36         10          0          4          0        136   rand.o
       842         12          0          0          0        216   scanf_fp.o
         0          0          0          4          0          0   stderr.o
         0          0          0          4          0          0   stdout.o
        24          0          0          0          0         68   strcat.o
        20          0          0          0          0         68   strchr.o
        28          0          0          0          0         76   strcmp.o
        18          0          0          0          0         68   strcpy.o
        14          0          0          0          0         68   strlen.o
        30          0          0          0          0         80   strncmp.o
        24          0          0          0          0         76   strncpy.o
        32          0          0          0          0         68   strrchr.o
        36          0          0          0          0         80   strstr.o
       156         14          0          0          0        120   strtod.o
        68          6          0          4          0         80   strtok.o
       112          0          0          0          0         88   strtol.o
        12          0          0          0          0         68   tolower.o
        44          0          0          0          0         80   uidiv.o
        98          0          0          0          0         92   uldiv.o
        40          2          0          0          0         68   cdcmple.o
        40          2          0          0          0         68   cdrcmple.o
        56          0          0          0          0         88   d2f.o
       334          0          0          0          0        148   dadd.o
       222          0          0          0          0        100   ddiv.o
       190          0          0          0          0        176   depilogue.o
        62          0          0          0          0         80   dfixi.o
        48          0          0          0          0         68   dfixul.o
        34          0          0          0          0         76   dflti.o
        26          0          0          0          0         76   dfltui.o
        24          0          0          0          0         76   dfltul.o
       228          0          0          0          0         96   dmul.o
        46          0          0          0          0         80   dscalb.o
       162          0          0          0          0        100   dsqrt.o
        38          0          0          0          0         68   f2d.o
       108          0          0          0          0        168   fepilogue.o

    ----------------------------------------------------------------------
     10692        574        296         28    3774064       6560   Library Totals
        18          4          7          0    3774020          0   (incl. Padding)

    ----------------------------------------------------------------------

      Code (inc. data)   RO Data    RW Data    ZI Data      Debug   Library Name

      4042        358        144          0          0       1300   m_wm.l
      4974        208        145         28         44       3724   mc_w.l
      1658          4          0          0          0       1536   mf_w.l

    ----------------------------------------------------------------------
     10692        574        296         28    3774064       6560   Library Totals

    ----------------------------------------------------------------------

==============================================================================


      Code (inc. data)   RO Data    RW Data    ZI Data      Debug   

    261028      30768      23748    1473488   15029336    1493908   Grand Totals
    261028      30768      23748     324772   15029336    1493908   ELF Image Totals (compressed)
    261028      30768      23748     324772          0          0   ROM Totals

==============================================================================

    Total RO  Size (Code + RO Data)               284776 ( 278.10kB)
    Total RW  Size (RW Data + ZI Data)          16502824 (16116.04kB)
    Total ROM Size (Code + RO Data + RW Data)     609548 ( 595.26kB)

==============================================================================

