ARM Linker, 5.03 [Build 76] [MDK-ARM Standard]

==============================================================================

Section Cross References

    system_stm32f4xx.o(.text) refers to system_stm32f4xx.o(.data) for .data
    startup_stm32f429x.o(RESET) refers to startup_stm32f429x.o(STACK) for __initial_sp
    startup_stm32f429x.o(RESET) refers to startup_stm32f429x.o(.text) for Reset_Handler
    startup_stm32f429x.o(RESET) refers to stm32f4xx_it.o(.text) for NMI_Handler
    startup_stm32f429x.o(.text) refers to system_stm32f4xx.o(.text) for SystemInit
    startup_stm32f429x.o(.text) refers to entry.o(.ARM.Collect$$$$00000000) for __main
    stm32f4xx_it.o(.text) refers to stm32f4xx_hal.o(.text) for HAL_IncTick
    stm32f4xx_it.o(.text) refers to stm32f4xx_hal_tim.o(.text) for HAL_TIM_IRQHandler
    stm32f4xx_it.o(.text) refers to stm32f4xx_hal_uart.o(.text) for HAL_UART_IRQHandler
    stm32f4xx_it.o(.text) refers to stm32f4xx_hal_i2c.o(.text) for HAL_I2C_EV_IRQHandler
    stm32f4xx_it.o(.text) refers to veth_hal_init.o(.bss) for TimHandle
    stm32f4xx_it.o(.text) refers to veth_hal_init.o(.bss) for Uart6Handle
    stm32f4xx_it.o(.text) refers to veth_hal_init.o(.bss) for Uart1Handle
    stm32f4xx_it.o(.text) refers to veth_hal_init.o(.bss) for Uart5Handle
    stm32f4xx_it.o(.text) refers to veth_hal_init.o(.bss) for Uart7Handle
    stm32f4xx_it.o(.text) refers to veth_hal_init.o(.bss) for Uart4Handle
    stm32f4xx_it.o(.text) refers to veth_hal_init.o(.bss) for I2C1Handle
    main.o(.text) refers to stm32f4xx_hal_uart.o(.text) for HAL_UART_Transmit
    main.o(.text) refers to stm32f4xx_hal_gpio.o(.text) for HAL_GPIO_ReadPin
    main.o(.text) refers to malloc.o(i.malloc) for malloc
    main.o(.text) refers to veth_system_clock.o(.text) for SystemClock_Config
    main.o(.text) refers to veth_hal_init.o(.text) for RCC_Configuration
    main.o(.text) refers to veth_invariate.o(.text) for InVariate_Init
    main.o(.text) refers to veth_com_usart.o(.text) for CLI
    main.o(.text) refers to veth_rstp.o(.text) for RSTP
    main.o(.text) refers to veth_hal_init.o(.bss) for Uart1Handle
    main.o(.text) refers to veth_hal_init.o(.data) for rCount
    main.o(.text) refers to veth_hal_init.o(.bss) for Uart6Handle
    main.o(.text) refers to veth_hal_init.o(.bss) for Uart5Handle
    main.o(.text) refers to veth_hal_init.o(.bss) for Uart7Handle
    main.o(.text) refers to veth_hal_init.o(.bss) for Uart4Handle
    main.o(.text) refers to main.o(.bss) for .bss
    main.o(.text) refers to veth_hal_init.o(.bss) for I2C1Handle
    main.o(.text) refers to main.o(.data) for .data
    veth_com_usart.o(.text) refers to stm32f4xx_hal_uart.o(.text) for HAL_UART_Transmit_IT
    veth_com_usart.o(.text) refers to printf8.o(i.__0printf$8) for __2printf
    veth_com_usart.o(.text) refers to main.o(.text) for Blink_LED_RUN
    veth_com_usart.o(.text) refers to strncmp.o(.text) for strncmp
    veth_com_usart.o(.text) refers to veth_hal_init.o(.text) for Display_the_MAC
    veth_com_usart.o(.text) refers to veth_hal_init.o(.bss) for COM6_TX_buffer
    veth_com_usart.o(.text) refers to veth_hal_init.o(.bss) for COM6_RX_buffer
    veth_com_usart.o(.text) refers to veth_hal_init.o(.bss) for COM7_RX_buffer
    veth_com_usart.o(.text) refers to veth_hal_init.o(.bss) for COM4_RX_buffer
    veth_com_usart.o(.text) refers to veth_hal_init.o(.data) for read_com6
    veth_com_usart.o(.text) refers to veth_com_usart.o(.constdata) for .constdata
    veth_com_usart.o(.text) refers to veth_com_usart.o(.data) for .data
    veth_com_usart.o(.text) refers to stm32f4xx_hal_uart.o(.bss) for Command
    veth_eth_ap.o(.text) refers to stm32f4xx_hal_eth.o(.text) for HAL_ETH_TransmitFrame
    veth_eth_ap.o(.text) refers to memcpya.o(.text) for __aeabi_memcpy4
    veth_eth_ap.o(.text) refers to stp_in.o(.text) for STP_IN_check_bpdu_header
    veth_eth_ap.o(.text) refers to veth_hal_init.o(.data) for msCount
    veth_eth_ap.o(.text) refers to main.o(.bss) for heth
    veth_eth_ap.o(.text) refers to veth_eth_ap.o(.bss) for .bss
    veth_hal_init.o(.text) refers to stm32f4xx_hal_cortex.o(.text) for HAL_NVIC_SetPriorityGrouping
    veth_hal_init.o(.text) refers to stm32f4xx_hal_gpio.o(.text) for HAL_GPIO_Init
    veth_hal_init.o(.text) refers to memcpya.o(.text) for __aeabi_memcpy4
    veth_hal_init.o(.text) refers to stm32f4xx_hal_uart.o(.text) for HAL_UART_Init
    veth_hal_init.o(.text) refers to stm32f4xx_hal_rcc.o(.text) for HAL_RCC_GetHCLKFreq
    veth_hal_init.o(.text) refers to stm32f4xx_hal_tim.o(.text) for HAL_TIM_Base_Init
    veth_hal_init.o(.text) refers to veth_hal_init.o(.bss) for .bss
    veth_hal_init.o(.text) refers to veth_hal_init.o(.data) for .data
    veth_hal_init.o(.text) refers to stm32f4xx_hal_eth.o(.text) for HAL_ETH_Init
    veth_hal_init.o(.text) refers to veth_marvell_6097f.o(.text) for Load_Purge_ATUentry
    veth_hal_init.o(.text) refers to stm32f4xx_hal_i2c.o(.text) for HAL_I2C_Init
[...]
    DMA2_Stream2_IRQHandler                  0x0800029b   Thumb Code     0  startup_stm32f429x.o(.text)
    DMA2_Stream3_IRQHandler                  0x0800029b   Thumb Code     0  startup_stm32f429x.o(.text)
    DMA2_Stream4_IRQHandler                  0x0800029b   Thumb Code     0  startup_stm32f429x.o(.text)
    DMA2_Stream5_IRQHandler                  0x0800029b   Thumb Code     0  startup_stm32f429x.o(.text)
    DMA2_Stream6_IRQHandler                  0x0800029b   Thumb Code     0  startup_stm32f429x.o(.text)
    DMA2_Stream7_IRQHandler                  0x0800029b   Thumb Code     0  startup_stm32f429x.o(.text)
    ETH_IRQHandler                           0x0800029b   Thumb Code     0  startup_stm32f429x.o(.text)
    ETH_WKUP_IRQHandler                      0x0800029b   Thumb Code     0  startup_stm32f429x.o(.text)
    EXTI0_IRQHandler                         0x0800029b   Thumb Code     0  startup_stm32f429x.o(.text)
    EXTI15_10_IRQHandler                     0x0800029b   Thumb Code     0  startup_stm32f429x.o(.text)
    EXTI1_IRQHandler                         0x0800029b   Thumb Code     0  startup_stm32f429x.o(.text)
    EXTI2_IRQHandler                         0x0800029b   Thumb Code     0  startup_stm32f429x.o(.text)
    EXTI3_IRQHandler                         0x0800029b   Thumb Code     0  startup_stm32f429x.o(.text)
    EXTI4_IRQHandler                         0x0800029b   Thumb Code     0  startup_stm32f429x.o(.text)
    EXTI9_5_IRQHandler                       0x0800029b   Thumb Code     0  startup_stm32f429x.o(.text)
    FLASH_IRQHandler                         0x0800029b   Thumb Code     0  startup_stm32f429x.o(.text)
    FMC_IRQHandler                           0x0800029b   Thumb Code     0  startup_stm32f429x.o(.text)
    FPU_IRQHandler                           0x0800029b   Thumb Code     0  startup_stm32f429x.o(.text)
    HASH_RNG_IRQHandler                      0x0800029b   Thumb Code     0  startup_stm32f429x.o(.text)
    I2C1_ER_IRQHandler                       0x0800029b   Thumb Code     0  startup_stm32f429x.o(.text)
    I2C1_EV_IRQHandler                       0x0800029b   Thumb Code     0  startup_stm32f429x.o(.text)
    I2C2_ER_IRQHandler                       0x0800029b   Thumb Code     0  startup_stm32f429x.o(.text)
    I2C2_EV_IRQHandler                       0x0800029b   Thumb Code     0  startup_stm32f429x.o(.text)
    I2C3_ER_IRQHandler                       0x0800029b   Thumb Code     0  startup_stm32f429x.o(.text)
    I2C3_EV_IRQHandler                       0x0800029b   Thumb Code     0  startup_stm32f429x.o(.text)
    LTDC_ER_IRQHandler                       0x0800029b   Thumb Code     0  startup_stm32f429x.o(.text)
    LTDC_IRQHandler                          0x0800029b   Thumb Code     0  startup_stm32f429x.o(.text)
    OTG_FS_IRQHandler                        0x0800029b   Thumb Code     0  startup_stm32f429x.o(.text)
    OTG_FS_WKUP_IRQHandler                   0x0800029b   Thumb Code     0  startup_stm32f429x.o(.text)
    OTG_HS_EP1_IN_IRQHandler                 0x0800029b   Thumb Code     0  startup_stm32f429x.o(.text)
    OTG_HS_EP1_OUT_IRQHandler                0x0800029b   Thumb Code     0  startup_stm32f429x.o(.text)
    OTG_HS_IRQHandler                        0x0800029b   Thumb Code     0  startup_stm32f429x.o(.text)
    OTG_HS_WKUP_IRQHandler                   0x0800029b   Thumb Code     0  startup_stm32f429x.o(.text)
    PVD_IRQHandler                           0x0800029b   Thumb Code     0  startup_stm32f429x.o(.text)
    RCC_IRQHandler                           0x0800029b   Thumb Code     0  startup_stm32f429x.o(.text)
    RTC_Alarm_IRQHandler                     0x0800029b   Thumb Code     0  startup_stm32f429x.o(.text)
    RTC_WKUP_IRQHandler                      0x0800029b   Thumb Code     0  startup_stm32f429x.o(.text)
    SAI1_IRQHandler                          0x0800029b   Thumb Code     0  startup_stm32f429x.o(.text)
    SDIO_IRQHandler                          0x0800029b   Thumb Code     0  startup_stm32f429x.o(.text)
    SPI1_IRQHandler                          0x0800029b   Thumb Code     0  startup_stm32f429x.o(.text)
    SPI2_IRQHandler                          0x0800029b   Thumb Code     0  startup_stm32f429x.o(.text)
    SPI3_IRQHandler                          0x0800029b   Thumb Code     0  startup_stm32f429x.o(.text)
    SPI4_IRQHandler                          0x0800029b   Thumb Code     0  startup_stm32f429x.o(.text)
    SPI5_IRQHandler                          0x0800029b   Thumb Code     0  startup_stm32f429x.o(.text)
    SPI6_IRQHandler                          0x0800029b   Thumb Code     0  startup_stm32f429x.o(.text)
    TAMP_STAMP_IRQHandler                    0x0800029b   Thumb Code     0  startup_stm32f429x.o(.text)
    TIM1_BRK_TIM9_IRQHandler                 0x0800029b   Thumb Code     0  startup_stm32f429x.o(.text)
    TIM1_CC_IRQHandler                       0x0800029b   Thumb Code     0  startup_stm32f429x.o(.text)
    TIM1_TRG_COM_TIM11_IRQHandler            0x0800029b   Thumb Code     0  startup_stm32f429x.o(.text)
    TIM1_UP_TIM10_IRQHandler                 0x0800029b   Thumb Code     0  startup_stm32f429x.o(.text)
    TIM4_IRQHandler                          0x0800029b   Thumb Code     0  startup_stm32f429x.o(.text)
    TIM6_DAC_IRQHandler                      0x0800029b   Thumb Code     0  startup_stm32f429x.o(.text)
    TIM7_IRQHandler                          0x0800029b   Thumb Code     0  startup_stm32f429x.o(.text)
    TIM8_BRK_TIM12_IRQHandler                0x0800029b   Thumb Code     0  startup_stm32f429x.o(.text)
    TIM8_CC_IRQHandler                       0x0800029b   Thumb Code     0  startup_stm32f429x.o(.text)
    TIM8_TRG_COM_TIM14_IRQHandler            0x0800029b   Thumb Code     0  startup_stm32f429x.o(.text)
    TIM8_UP_TIM13_IRQHandler                 0x0800029b   Thumb Code     0  startup_stm32f429x.o(.text)
    UART8_IRQHandler                         0x0800029b   Thumb Code     0  startup_stm32f429x.o(.text)
    USART2_IRQHandler                        0x0800029b   Thumb Code     0  startup_stm32f429x.o(.text)
    USART3_IRQHandler                        0x0800029b   Thumb Code     0  startup_stm32f429x.o(.text)
    WWDG_IRQHandler                          0x0800029b   Thumb Code     0  startup_stm32f429x.o(.text)
    NMI_Handler                              0x080002a5   Thumb Code     2  stm32f4xx_it.o(.text)
    HardFault_Handler                        0x080002a7   Thumb Code     2  stm32f4xx_it.o(.text)
    MemManage_Handler                        0x080002a9   Thumb Code     2  stm32f4xx_it.o(.text)
    BusFault_Handler                         0x080002ab   Thumb Code     2  stm32f4xx_it.o(.text)
    UsageFault_Handler                       0x080002ad   Thumb Code     2  stm32f4xx_it.o(.text)
    SVC_Handler                              0x080002af   Thumb Code     2  stm32f4xx_it.o(.text)
    DebugMon_Handler                         0x080002b1   Thumb Code     2  stm32f4xx_it.o(.text)
    PendSV_Handler                           0x080002b3   Thumb Code     2  stm32f4xx_it.o(.text)
    SysTick_Handler                          0x080002b5   Thumb Code     4  stm32f4xx_it.o(.text)
    TIM2_IRQHandler                          0x080002b9   Thumb Code     6  stm32f4xx_it.o(.text)
    TIM5_IRQHandler                          0x080002bf   Thumb Code     6  stm32f4xx_it.o(.text)
    TIM3_IRQHandler                          0x080002c5   Thumb Code     6  stm32f4xx_it.o(.text)
    USART6_IRQHandler                        0x080002cb   Thumb Code     6  stm32f4xx_it.o(.text)
    USART1_IRQHandler                        0x080002d1   Thumb Code     6  stm32f4xx_it.o(.text)
    UART5_IRQHandler                         0x080002d7   Thumb Code     6  stm32f4xx_it.o(.text)
    UART7_IRQHandler                         0x080002dd   Thumb Code     6  stm32f4xx_it.o(.text)
    UART4_IRQHandler                         0x080002e3   Thumb Code     6  stm32f4xx_it.o(.text)
    I2C1_EV_Handler                          0x080002e9   Thumb Code     6  stm32f4xx_it.o(.text)
    I2C1_ER_Handler                          0x080002ef   Thumb Code     6  stm32f4xx_it.o(.text)
    fputc                                    0x08000319   Thumb Code    20  main.o(.text)
    Delay                                    0x0800032d   Thumb Code    12  main.o(.text)
    Get_DIAL_Mode                            0x08000339   Thumb Code    74  main.o(.text)
    Blink_LED_RUN                            0x08000383   Thumb Code    48  main.o(.text)
    A_Test_for_heap                          0x080003b3   Thumb Code    52  main.o(.text)
    func                                     0x080003e7   Thumb Code    46  main.o(.text)
    main                                     0x08000415   Thumb Code   160  main.o(.text)
    UART_Fillin_TX                           0x080004f9   Thumb Code    20  veth_com_usart.o(.text)
    UART_Transmit                            0x0800050d   Thumb Code    42  veth_com_usart.o(.text)
    UART_GETdata_RX                          0x08000537   Thumb Code    20  veth_com_usart.o(.text)
    UART_Recieve                             0x0800054b   Thumb Code   120  veth_com_usart.o(.text)
    Read_from_buffer                         0x080005c3   Thumb Code   118  veth_com_usart.o(.text)
    MAC_CLI                                  0x08000639   Thumb Code   146  veth_com_usart.o(.text)
    IP_CLI                                   0x080006cb   Thumb Code     6  veth_com_usart.o(.text)
    New_CLI                                  0x080006d1   Thumb Code   140  veth_com_usart.o(.text)
    CLI                                      0x0800075d   Thumb Code    60  veth_com_usart.o(.text)
    Add_From_CPU_tag                         0x0800095d   Thumb Code    34  veth_eth_ap.o(.text)
    ETH_Fillin_TXBUF                         0x0800097f   Thumb Code    24  veth_eth_ap.o(.text)
    ETH_Set_Recieve_ALLOWN                   0x08000997   Thumb Code    28  veth_eth_ap.o(.text)
    ETH_TX_PACKET                            0x080009b3   Thumb Code    38  veth_eth_ap.o(.text)
    ETH_Convert_DASA                         0x080009d9   Thumb Code    24  veth_eth_ap.o(.text)
    ETH_RX_PACKET                            0x080009f1   Thumb Code   226  veth_eth_ap.o(.text)
    ETH_EXCS                                 0x08000ad3   Thumb Code   142  veth_eth_ap.o(.text)
    Tx_packet                                0x08000b61   Thumb Code     2  veth_eth_ap.o(.text)
    Rx_packet                                0x08000b63   Thumb Code    30  veth_eth_ap.o(.text)
    RCC_Configuration                        0x08000b91   Thumb Code   190  veth_hal_init.o(.text)
    NVIC_Configuration                       0x08000c4f   Thumb Code   188  veth_hal_init.o(.text)
    GPIO_Configuration                       0x08000d0b   Thumb Code   450  veth_hal_init.o(.text)
    USART_Configuration                      0x08000ecd   Thumb Code    74  veth_hal_init.o(.text)
    TIMx_Configuration                       0x08000f17   Thumb Code   260  veth_hal_init.o(.text)
    ETH_Configuration                        0x0800101b   Thumb Code   106  veth_hal_init.o(.text)
    Variate_init                             0x08001085   Thumb Code    22  veth_hal_init.o(.text)
    MII_Init                                 0x0800109b   Thumb Code   128  veth_hal_init.o(.text)
    RSTP_Init                                0x0800111b   Thumb Code   164  veth_hal_init.o(.text)
    I2C_Configuration                        0x080011bf   Thumb Code    66  veth_hal_init.o(.text)
    SDRAM_Configuration                      0x08001201   Thumb Code    96  veth_hal_init.o(.text)
    FLASH_Configuration                      0x08001261   Thumb Code    84  veth_hal_init.o(.text)
    Modify_the_MAC                           0x080012b5   Thumb Code   156  veth_hal_init.o(.text)
    Display_the_MAC                          0x08001351   Thumb Code    42  veth_hal_init.o(.text)
    printf_trunk_vector                      0x080014f5   Thumb Code    22  veth_marvell_6097f.o(.text)
    printf_mask_table                        0x0800150b   Thumb Code    34  veth_marvell_6097f.o(.text)
    printf_PORT_CONTROL1                     0x0800152d   Thumb Code    48  veth_marvell_6097f.o(.text)
    READ_PHYREGISTER                         0x0800155d   Thumb Code   110  veth_marvell_6097f.o(.text)
    WRITE_PHYREGISTER                        0x080015cb   Thumb Code   108  veth_marvell_6097f.o(.text)
    Set_aging_time                           0x08001637   Thumb Code    46  veth_marvell_6097f.o(.text)
    Marvell_MAC_upt                          0x08001665   Thumb Code    90  veth_marvell_6097f.o(.text)
    Flush_Move_ATUentry                      0x080016bf   Thumb Code   148  veth_marvell_6097f.o(.text)
    Load_Purge_ATUentry                      0x08001753   Thumb Code   150  veth_marvell_6097f.o(.text)
    Read_ATU_entry                           0x080017e9   Thumb Code   394  veth_marvell_6097f.o(.text)
    Marvell_ATU_operate                      0x08001973   Thumb Code    34  veth_marvell_6097f.o(.text)
    Set_Manual_learning_mode                 0x08001995   Thumb Code    52  veth_marvell_6097f.o(.text)
    Read_VTU_entry                           0x080019c9   Thumb Code   234  veth_marvell_6097f.o(.text)
    LOAD_PURGE_VTU                           0x08001ab3   Thumb Code   162  veth_marvell_6097f.o(.text)
    Flush_VTU_entry                          0x08001b55   Thumb Code    54  veth_marvell_6097f.o(.text)
    Creat_Delet_VLAN                         0x08001b8b   Thumb Code   134  veth_marvell_6097f.o(.text)
    Set_PORT_VLAN_VECTOR                     0x08001c11   Thumb Code    70  veth_marvell_6097f.o(.text)
    Clear_ALL_COUNTER                        0x08001c57   Thumb Code   160  veth_marvell_6097f.o(.text)
    Read_A_CAPTURED_COUNTER                  0x08001cf7   Thumb Code   222  veth_marvell_6097f.o(.text)
    Read_PORT_COUNTERs                       0x08001dd5   Thumb Code   530  veth_marvell_6097f.o(.text)
    Change_COUNTER_mode                      0x08001fe7   Thumb Code    90  veth_marvell_6097f.o(.text)
    Set_Trunk_port                           0x08002041   Thumb Code   122  veth_marvell_6097f.o(.text)
    Set_TRUNK_TABLE                          0x080020bb   Thumb Code   312  veth_marvell_6097f.o(.text)
    Clear_A_trunk                            0x080021f3   Thumb Code   318  veth_marvell_6097f.o(.text)
    Clear_ALL_trunks                         0x08002331   Thumb Code   160  veth_marvell_6097f.o(.text)
    Set_Switch_Port_state                    0x080023d1   Thumb Code    80  veth_marvell_6097f.o(.text)
    Get_Port_status                          0x08002421   Thumb Code    34  veth_marvell_6097f.o(.text)
    Get_Oper_speed                           0x08002443   Thumb Code    64  veth_marvell_6097f.o(.text)
    Get_Port_duplex                          0x08002483   Thumb Code    40  veth_marvell_6097f.o(.text)
    Get_Port_cost                            0x080024ab   Thumb Code    14  veth_marvell_6097f.o(.text)
    Set_PORT_STATS                           0x080024b9   Thumb Code   104  veth_marvell_6097f.o(.text)
    Set_FLOW_CONTROL                         0x08002521   Thumb Code    62  veth_marvell_6097f.o(.text)
    SystemClock_Config                       0x0800256d   Thumb Code   114  veth_system_clock.o(.text)
    htonl                                    0x080025e9   Thumb Code    44  veth_ntoh.o(.text)
    htons                                    0x08002615   Thumb Code    50  veth_ntoh.o(.text)
    ntohl                                    0x08002647   Thumb Code    42  veth_ntoh.o(.text)
    ntohs                                    0x08002671   Thumb Code    50  veth_ntoh.o(.text)
    CREATE_RSTP_INSTANCE                     0x080026a5   Thumb Code   100  veth_rstp.o(.text)
    RSTP                                     0x08002709   Thumb Code   194  veth_rstp.o(.text)
    Update_InVariate                         0x08002821   Thumb Code   158  veth_invariate.o(.text)
    Get_InVariate                            0x080028bf   Thumb Code    36  veth_invariate.o(.text)
    InVariate_Init                           0x080028e3   Thumb Code   160  veth_invariate.o(.text)
    STP_edge_get_state_name                  0x08002a99   Thumb Code    20  edge.o(.text)
    STP_edge_enter_state                     0x08002aad   Thumb Code    74  edge.o(.text)
    STP_edge_check_conditions                0x08002af7   Thumb Code    78  edge.o(.text)
    STP_migrate_get_state_name               0x08002b51   Thumb Code    20  migrate.o(.text)
    STP_migrate_enter_state                  0x08002b65   Thumb Code    86  migrate.o(.text)
    STP_migrate_check_conditions             0x08002bbb   Thumb Code   164  migrate.o(.text)
    STP_p2p_get_state_name                   0x08002c6d   Thumb Code    20  p2p.o(.text)
    STP_p2p_enter_state                      0x08002c81   Thumb Code    66  p2p.o(.text)
    STP_p2p_check_conditions                 0x08002cc3   Thumb Code    42  p2p.o(.text)
    STP_pcost_get_state_name                 0x08002cf9   Thumb Code    20  pcost.o(.text)
    STP_pcost_enter_state                    0x08002d0d   Thumb Code   136  pcost.o(.text)
    STP_pcost_check_conditions               0x08002d95   Thumb Code    62  pcost.o(.text)
    STP_port_create                          0x08002df9   Thumb Code   402  port.o(.text)
    STP_port_init                            0x08002f8b   Thumb Code   106  port.o(.text)
    STP_port_delete                          0x08002ff5   Thumb Code    94  port.o(.text)
    STP_port_rx_bpdu                         0x08003053   Thumb Code    10  port.o(.text)
    STP_info_get_state_name                  0x08003155   Thumb Code    20  portinfo.o(.text)
    STP_info_rx_bpdu                         0x0800319b   Thumb Code   160  portinfo.o(.text)
    STP_info_enter_state                     0x0800323b   Thumb Code   384  portinfo.o(.text)
    STP_info_check_conditions                0x080033bb   Thumb Code   196  portinfo.o(.text)
    STP_rolesel_get_state_name               0x08003585   Thumb Code    20  rolesel.o(.text)
    STP_rolesel_enter_state                  0x080036fd   Thumb Code    92  rolesel.o(.text)
    STP_rolesel_check_conditions             0x08003759   Thumb Code    72  rolesel.o(.text)
    STP_rolesel_update_stpm                  0x080037a1   Thumb Code   136  rolesel.o(.text)
    STP_roletrns_get_state_name              0x080038c1   Thumb Code    20  roletrns.o(.text)
    STP_roletrns_enter_state                 0x080038d5   Thumb Code   296  roletrns.o(.text)
    STP_roletrns_check_conditions            0x080039fd   Thumb Code   654  roletrns.o(.text)
    STP_state_mach_create                    0x08003c99   Thumb Code    66  statmch.o(.text)
    STP_state_mach_delete                    0x08003cdb   Thumb Code    36  statmch.o(.text)
    STP_check_condition                      0x08003cff   Thumb Code    18  statmch.o(.text)
    STP_change_state                         0x08003d11   Thumb Code    34  statmch.o(.text)
    STP_hop_2_state                          0x08003d33   Thumb Code    10  statmch.o(.text)
    stpapi_stpm_find                         0x08003d7d   Thumb Code    24  stp_in.o(.text)
    stp_in_stpm_create                       0x08003d95   Thumb Code   106  stp_in.o(.text)
    _stp_in_stpm_enable                      0x08003dff   Thumb Code   140  stp_in.o(.text)
    STP_IN_init                              0x08003ed3   Thumb Code     6  stp_in.o(.text)
    STP_IN_stpm_get_cfg                      0x08003ed9   Thumb Code   140  stp_in.o(.text)
    STP_IN_port_get_cfg                      0x08003f65   Thumb Code   108  stp_in.o(.text)
    STP_IN_port_get_state                    0x08003fd1   Thumb Code   346  stp_in.o(.text)
    STP_IN_stpm_get_state                    0x0800412b   Thumb Code   102  stp_in.o(.text)
    STP_IN_stpm_get_name_by_vlan_id          0x08004191   Thumb Code    62  stp_in.o(.text)
    STP_IN_enable_port                       0x080041cf   Thumb Code    90  stp_in.o(.text)
    STP_IN_changed_port_speed                0x08004229   Thumb Code    76  stp_in.o(.text)
    STP_IN_changed_port_duplex               0x08004275   Thumb Code    96  stp_in.o(.text)
    STP_IN_check_bpdu_header                 0x080042d5   Thumb Code    78  stp_in.o(.text)
    STP_IN_rx_bpdu                           0x08004323   Thumb Code   142  stp_in.o(.text)
    STP_IN_one_second                        0x080043b1   Thumb Code    58  stp_in.o(.text)
    STP_IN_stpm_set_cfg                      0x080043eb   Thumb Code   262  stp_in.o(.text)
    STP_IN_set_port_cfg                      0x080044f1   Thumb Code   208  stp_in.o(.text)
    STP_IN_get_error_explanation             0x080045c1   Thumb Code    26  stp_in.o(.text)
    STP_STPM_IN_create                       0x080045db   Thumb Code    66  stp_in.o(.text)
    STP_IN_stpm_delete                       0x0800461d   Thumb Code    60  stp_in.o(.text)
    STP_IN_stpm_get_vlan_id_by_name          0x08004659   Thumb Code    48  stp_in.o(.text)
    STP_IN_get_is_stpm_enabled               0x08004689   Thumb Code    24  stp_in.o(.text)
    STP_IN_stop_all                          0x080046a1   Thumb Code    42  stp_in.o(.text)
    STP_IN_delete_all                        0x080046cb   Thumb Code    34  stp_in.o(.text)
    STP_OUT_set_which_port                   0x080047cd   Thumb Code     2  stp_to.o(.text)
    STP_OUT_set_port_state                   0x080047cf   Thumb Code    12  stp_to.o(.text)
    STP_OUT_get_port_mac                     0x080047db   Thumb Code    42  stp_to.o(.text)
    STP_OUT_get_port_link_status             0x08004805   Thumb Code     4  stp_to.o(.text)
    STP_OUT_flush_lt                         0x08004809   Thumb Code    54  stp_to.o(.text)
    STP_OUT_set_hardware_mode                0x0800483f   Thumb Code     4  stp_to.o(.text)
    STP_OUT_tx_bpdu                          0x08004843   Thumb Code    16  stp_to.o(.text)
    STP_OUT_get_port_name                    0x08004853   Thumb Code    16  stp_to.o(.text)
    STP_OUT_get_deafult_port_path_cost       0x08004863   Thumb Code     4  stp_to.o(.text)
    STP_OUT_get_port_oper_speed              0x08004867   Thumb Code     4  stp_to.o(.text)
    STP_OUT_get_duplex                       0x0800486b   Thumb Code     4  stp_to.o(.text)
    STP_OUT_get_init_stpm_cfg                0x0800486f   Thumb Code    24  stp_to.o(.text)
    STP_OUT_get_init_port_cfg                0x08004887   Thumb Code    24  stp_to.o(.text)
    funct                                    0x080048b5   Thumb Code     4  stpm.o(.text)
    _stp_stpm_init_data                      0x08004915   Thumb Code    42  stpm.o(.text)
    STP_stpm_update                          0x0800493f   Thumb Code    38  stpm.o(.text)
    STP_stpm_one_second                      0x08004965   Thumb Code   108  stpm.o(.text)
    STP_stpm_create                          0x080049d1   Thumb Code    82  stpm.o(.text)
    STP_stpm_stop                            0x08004a23   Thumb Code     2  stpm.o(.text)
    STP_stpm_check_bridge_priority           0x08004a25   Thumb Code    52  stpm.o(.text)
    STP_compute_bridge_id                    0x08004a59   Thumb Code    56  stpm.o(.text)
    STP_stpm_start                           0x08004a91   Thumb Code    94  stpm.o(.text)
    STP_stpm_enable                          0x08004aef   Thumb Code    34  stpm.o(.text)
    STP_stpm_delete                          0x08004b11   Thumb Code   120  stpm.o(.text)
    STP_stpm_get_the_list                    0x08004b89   Thumb Code     6  stpm.o(.text)
    STP_stpm_update_after_bridge_management  0x08004b8f   Thumb Code    24  stpm.o(.text)
    STP_stpm_get_port_name_by_id             0x08004ba7   Thumb Code    28  stpm.o(.text)
    STP_sttrans_get_state_name               0x08004c3d   Thumb Code    20  sttrans.o(.text)
    STP_sttrans_enter_state                  0x08004c51   Thumb Code    98  sttrans.o(.text)
    STP_sttrans_check_conditions             0x08004cb3   Thumb Code    68  sttrans.o(.text)
    STP_compare_times                        0x08004d05   Thumb Code    94  times.o(.text)
    STP_get_times                            0x08004d63   Thumb Code    50  times.o(.text)
    STP_set_times                            0x08004d95   Thumb Code    78  times.o(.text)
    STP_copy_times                           0x08004de3   Thumb Code    18  times.o(.text)
    STP_topoch_get_state_name                0x08004df5   Thumb Code    20  topoch.o(.text)
    STP_topoch_enter_state                   0x08004e3f   Thumb Code   160  topoch.o(.text)
    STP_topoch_check_conditions              0x08004edf   Thumb Code   168  topoch.o(.text)
    STP_transmit_get_state_name              0x08004fc9   Thumb Code    20  transmit.o(.text)
    STP_transmit_enter_state                 0x08005053   Thumb Code   234  transmit.o(.text)
    STP_transmit_check_conditions            0x0800513d   Thumb Code   114  transmit.o(.text)
    Print_packet                             0x080051af   Thumb Code    32  transmit.o(.text)
    STP_VECT_compare_bridge_id               0x08005281   Thumb Code    38  vector.o(.text)
    STP_VECT_copy                            0x080052a7   Thumb Code     6  vector.o(.text)
    STP_VECT_create                          0x080052ad   Thumb Code    30  vector.o(.text)
    STP_VECT_compare_vector                  0x080052cb   Thumb Code    64  vector.o(.text)
    STP_VECT_get_vector                      0x0800530b   Thumb Code    46  vector.o(.text)
    STP_VECT_set_vector                      0x08005339   Thumb Code    48  vector.o(.text)
    HAL_MspInit                              0x080053b1   Thumb Code     2  stm32f4xx_hal.o(.text)
    HAL_Init                                 0x080053b3   Thumb Code    50  stm32f4xx_hal.o(.text)
    HAL_MspDeInit                            0x080053e5   Thumb Code     2  stm32f4xx_hal.o(.text)
    HAL_DeInit                               0x080053e7   Thumb Code    48  stm32f4xx_hal.o(.text)
    HAL_IncTick                              0x08005417   Thumb Code    10  stm32f4xx_hal.o(.text)
    HAL_GetTick                              0x08005421   Thumb Code     6  stm32f4xx_hal.o(.text)
    HAL_Get0_1ms                             0x08005427   Thumb Code     6  stm32f4xx_hal.o(.text)
    HAL_Delay                                0x0800542d   Thumb Code    18  stm32f4xx_hal.o(.text)
    HAL_GetHalVersion                        0x0800543f   Thumb Code     6  stm32f4xx_hal.o(.text)
    HAL_GetREVID                             0x08005445   Thumb Code     8  stm32f4xx_hal.o(.text)
    HAL_GetDEVID                             0x0800544d   Thumb Code    10  stm32f4xx_hal.o(.text)
    HAL_EnableDBGSleepMode                   0x08005457   Thumb Code    12  stm32f4xx_hal.o(.text)
    HAL_DisableDBGSleepMode                  0x08005463   Thumb Code    12  stm32f4xx_hal.o(.text)
    HAL_EnableDBGStopMode                    0x0800546f   Thumb Code    12  stm32f4xx_hal.o(.text)
    HAL_DisableDBGStopMode                   0x0800547b   Thumb Code    12  stm32f4xx_hal.o(.text)
    HAL_EnableDBGStandbyMode                 0x08005487   Thumb Code    12  stm32f4xx_hal.o(.text)
    HAL_DisableDBGStandbyMode                0x08005493   Thumb Code    12  stm32f4xx_hal.o(.text)
    HAL_EnableCompensationCell               0x0800549f   Thumb Code     8  stm32f4xx_hal.o(.text)
    HAL_DisableCompensationCell              0x080054a7   Thumb Code     8  stm32f4xx_hal.o(.text)
    HAL_EnableMemorySwappingBank             0x080054af   Thumb Code     8  stm32f4xx_hal.o(.text)
    HAL_DisableMemorySwappingBank            0x080054b7   Thumb Code     8  stm32f4xx_hal.o(.text)
    HAL_NVIC_SetPriorityGrouping             0x080054dd   Thumb Code    26  stm32f4xx_hal_cortex.o(.text)
    HAL_NVIC_SetPriority                     0x080054f7   Thumb Code    60  stm32f4xx_hal_cortex.o(.text)
    HAL_NVIC_EnableIRQ                       0x08005533   Thumb Code    24  stm32f4xx_hal_cortex.o(.text)
    HAL_NVIC_DisableIRQ                      0x0800554b   Thumb Code    24  stm32f4xx_hal_cortex.o(.text)
    HAL_NVIC_SystemReset                     0x08005563   Thumb Code    26  stm32f4xx_hal_cortex.o(.text)
    HAL_SYSTICK_Config                       0x0800557d   Thumb Code    40  stm32f4xx_hal_cortex.o(.text)
    HAL_NVIC_GetPriorityGrouping             0x080055a5   Thumb Code    10  stm32f4xx_hal_cortex.o(.text)
    HAL_NVIC_GetPriority                     0x080055af   Thumb Code    76  stm32f4xx_hal_cortex.o(.text)
    HAL_NVIC_SetPendingIRQ                   0x080055fb   Thumb Code    24  stm32f4xx_hal_cortex.o(.text)
    HAL_NVIC_GetPendingIRQ                   0x08005613   Thumb Code    34  stm32f4xx_hal_cortex.o(.text)
    HAL_NVIC_ClearPendingIRQ                 0x08005635   Thumb Code    24  stm32f4xx_hal_cortex.o(.text)
    HAL_NVIC_GetActive                       0x0800564d   Thumb Code    34  stm32f4xx_hal_cortex.o(.text)
    HAL_SYSTICK_CLKSourceConfig              0x0800566f   Thumb Code    24  stm32f4xx_hal_cortex.o(.text)
    HAL_SYSTICK_Callback                     0x08005687   Thumb Code     2  stm32f4xx_hal_cortex.o(.text)
    HAL_SYSTICK_IRQHandler                   0x08005689   Thumb Code     8  stm32f4xx_hal_cortex.o(.text)
    HAL_DMA_Init                             0x080056b5   Thumb Code   108  stm32f4xx_hal_dma.o(.text)
    HAL_DMA_DeInit                           0x08005721   Thumb Code  2436  stm32f4xx_hal_dma.o(.text)
    HAL_DMA_Start                            0x080060a5   Thumb Code    58  stm32f4xx_hal_dma.o(.text)
    HAL_DMA_Start_IT                         0x080060df   Thumb Code   108  stm32f4xx_hal_dma.o(.text)
    HAL_DMA_Abort                            0x0800614b   Thumb Code    72  stm32f4xx_hal_dma.o(.text)
    HAL_DMA_PollForTransfer                  0x08006193   Thumb Code  3768  stm32f4xx_hal_dma.o(.text)
    HAL_DMA_IRQHandler                       0x0800704b   Thumb Code  3408  stm32f4xx_hal_dma.o(.text)
    HAL_DMA_GetState                         0x08007d9b   Thumb Code     6  stm32f4xx_hal_dma.o(.text)
    HAL_DMA_GetError                         0x08007da1   Thumb Code     4  stm32f4xx_hal_dma.o(.text)
    HAL_ETH_MspInit                          0x08007ed7   Thumb Code     2  stm32f4xx_hal_eth.o(.text)
    HAL_ETH_Init                             0x08007ed9   Thumb Code   178  stm32f4xx_hal_eth.o(.text)
    HAL_ETH_MspDeInit                        0x08007f8b   Thumb Code     2  stm32f4xx_hal_eth.o(.text)
    HAL_ETH_DeInit                           0x08007f8d   Thumb Code    26  stm32f4xx_hal_eth.o(.text)
    HAL_ETH_DMATxDescListInit                0x08007fa7   Thumb Code   112  stm32f4xx_hal_eth.o(.text)
    HAL_ETH_DMARxDescListInit                0x08008017   Thumb Code   106  stm32f4xx_hal_eth.o(.text)
    HAL_ETH_TransmitFrame                    0x08008081   Thumb Code   260  stm32f4xx_hal_eth.o(.text)
    HAL_ETH_GetReceivedFrame                 0x08008185   Thumb Code   194  stm32f4xx_hal_eth.o(.text)
    HAL_ETH_GetReceivedFrame_IT              0x08008247   Thumb Code   134  stm32f4xx_hal_eth.o(.text)
    HAL_ETH_ErrorCallback                    0x080082cd   Thumb Code     2  stm32f4xx_hal_eth.o(.text)
    HAL_ETH_TxCpltCallback                   0x080082cf   Thumb Code     2  stm32f4xx_hal_eth.o(.text)
    HAL_ETH_RxCpltCallback                   0x080082d1   Thumb Code     2  stm32f4xx_hal_eth.o(.text)
    HAL_ETH_IRQHandler                       0x080082d3   Thumb Code   122  stm32f4xx_hal_eth.o(.text)
    HAL_ETH_ReadPHYRegister                  0x0800834d   Thumb Code   102  stm32f4xx_hal_eth.o(.text)
    HAL_ETH_WritePHYRegister                 0x080083b3   Thumb Code    96  stm32f4xx_hal_eth.o(.text)
    HAL_ETH_Start                            0x08008441   Thumb Code   132  stm32f4xx_hal_eth.o(.text)
    HAL_ETH_Stop                             0x080084c5   Thumb Code   132  stm32f4xx_hal_eth.o(.text)
    HAL_ETH_ConfigMAC                        0x08008549   Thumb Code   298  stm32f4xx_hal_eth.o(.text)
    HAL_ETH_ConfigDMA                        0x08008673   Thumb Code   178  stm32f4xx_hal_eth.o(.text)
    HAL_ETH_GetState                         0x08008725   Thumb Code     6  stm32f4xx_hal_eth.o(.text)
    HAL_GPIO_Init                            0x08008735   Thumb Code   454  stm32f4xx_hal_gpio.o(.text)
    HAL_GPIO_DeInit                          0x080088fb   Thumb Code   144  stm32f4xx_hal_gpio.o(.text)
    HAL_GPIO_ReadPin                         0x0800898b   Thumb Code    10  stm32f4xx_hal_gpio.o(.text)
    HAL_GPIO_WritePin                        0x08008995   Thumb Code    10  stm32f4xx_hal_gpio.o(.text)
    HAL_GPIO_TogglePin                       0x0800899f   Thumb Code     8  stm32f4xx_hal_gpio.o(.text)
    HAL_GPIO_EXTI_Callback                   0x080089a7   Thumb Code     2  stm32f4xx_hal_gpio.o(.text)
    HAL_GPIO_EXTI_IRQHandler                 0x080089a9   Thumb Code    20  stm32f4xx_hal_gpio.o(.text)
    HAL_I2C_MspInit                          0x080089f1   Thumb Code     2  stm32f4xx_hal_i2c.o(.text)
    HAL_I2C_Init                             0x080089f3   Thumb Code   240  stm32f4xx_hal_i2c.o(.text)
    HAL_I2C_MspDeInit                        0x08008ae3   Thumb Code     2  stm32f4xx_hal_i2c.o(.text)
    HAL_I2C_DeInit                           0x08008ae5   Thumb Code    44  stm32f4xx_hal_i2c.o(.text)
    HAL_I2C_Master_Transmit                  0x08008c85   Thumb Code   218  stm32f4xx_hal_i2c.o(.text)
    HAL_I2C_Master_Receive                   0x08008e29   Thumb Code   418  stm32f4xx_hal_i2c.o(.text)
    HAL_I2C_Slave_Transmit                   0x08008fcb   Thumb Code   270  stm32f4xx_hal_i2c.o(.text)
    HAL_I2C_Slave_Receive                    0x080090d9   Thumb Code   236  stm32f4xx_hal_i2c.o(.text)
    HAL_I2C_Master_Transmit_IT               0x080091c5   Thumb Code   112  stm32f4xx_hal_i2c.o(.text)
    HAL_I2C_Master_Receive_IT                0x08009235   Thumb Code   178  stm32f4xx_hal_i2c.o(.text)
    HAL_I2C_Slave_Transmit_IT                0x080092e7   Thumb Code    86  stm32f4xx_hal_i2c.o(.text)
    HAL_I2C_Slave_Receive_IT                 0x0800933d   Thumb Code    96  stm32f4xx_hal_i2c.o(.text)
    HAL_I2C_ErrorCallback                    0x0800939d   Thumb Code     2  stm32f4xx_hal_i2c.o(.text)
    HAL_I2C_MasterTxCpltCallback             0x080093c9   Thumb Code     2  stm32f4xx_hal_i2c.o(.text)
    HAL_I2C_Master_Transmit_DMA              0x08009437   Thumb Code   152  stm32f4xx_hal_i2c.o(.text)
    HAL_I2C_MasterRxCpltCallback             0x080094cf   Thumb Code     2  stm32f4xx_hal_i2c.o(.text)
    HAL_I2C_Master_Receive_DMA               0x08009537   Thumb Code   174  stm32f4xx_hal_i2c.o(.text)
    HAL_I2C_SlaveTxCpltCallback              0x080095e5   Thumb Code     2  stm32f4xx_hal_i2c.o(.text)
    HAL_I2C_Slave_Transmit_DMA               0x0800965f   Thumb Code   188  stm32f4xx_hal_i2c.o(.text)
    HAL_I2C_SlaveRxCpltCallback              0x0800971b   Thumb Code     2  stm32f4xx_hal_i2c.o(.text)
    HAL_I2C_Slave_Receive_DMA                0x08009797   Thumb Code   178  stm32f4xx_hal_i2c.o(.text)
    HAL_I2C_Mem_Write                        0x080098d3   Thumb Code   216  stm32f4xx_hal_i2c.o(.text)
    HAL_I2C_Mem_Read                         0x08009a89   Thumb Code   436  stm32f4xx_hal_i2c.o(.text)
    HAL_I2C_Mem_Write_IT                     0x08009c3d   Thumb Code   114  stm32f4xx_hal_i2c.o(.text)
    HAL_I2C_Mem_Read_IT                      0x08009caf   Thumb Code   184  stm32f4xx_hal_i2c.o(.text)
    HAL_I2C_MemTxCpltCallback                0x08009d67   Thumb Code     2  stm32f4xx_hal_i2c.o(.text)
    HAL_I2C_Mem_Write_DMA                    0x08009dd5   Thumb Code   156  stm32f4xx_hal_i2c.o(.text)
    HAL_I2C_MemRxCpltCallback                0x08009e71   Thumb Code     2  stm32f4xx_hal_i2c.o(.text)
    HAL_I2C_Mem_Read_DMA                     0x08009ed9   Thumb Code   186  stm32f4xx_hal_i2c.o(.text)
    HAL_I2C_IsDeviceReady                    0x08009f93   Thumb Code   304  stm32f4xx_hal_i2c.o(.text)
    HAL_I2C_EV_IRQHandler                    0x0800a175   Thumb Code   480  stm32f4xx_hal_i2c.o(.text)
    HAL_I2C_ER_IRQHandler                    0x0800a355   Thumb Code   290  stm32f4xx_hal_i2c.o(.text)
    HAL_I2C_GetState                         0x0800a477   Thumb Code     6  stm32f4xx_hal_i2c.o(.text)
    HAL_I2C_GetError                         0x0800a47d   Thumb Code     6  stm32f4xx_hal_i2c.o(.text)
    HAL_RCC_DeInit                           0x0800a599   Thumb Code    70  stm32f4xx_hal_rcc.o(.text)
    HAL_RCC_OscConfig                        0x0800a5df   Thumb Code   770  stm32f4xx_hal_rcc.o(.text)
    HAL_RCC_GetSysClockFreq                  0x0800a8e1   Thumb Code   120  stm32f4xx_hal_rcc.o(.text)
    HAL_RCC_GetHCLKFreq                      0x0800a959   Thumb Code    88  stm32f4xx_hal_rcc.o(.text)
    HAL_RCC_ClockConfig                      0x0800a9b1   Thumb Code   420  stm32f4xx_hal_rcc.o(.text)
    HAL_RCC_MCOConfig                        0x0800ab55   Thumb Code   112  stm32f4xx_hal_rcc.o(.text)
    HAL_RCC_EnableCSS                        0x0800abc5   Thumb Code     8  stm32f4xx_hal_rcc.o(.text)
    HAL_RCC_DisableCSS                       0x0800abcd   Thumb Code     8  stm32f4xx_hal_rcc.o(.text)
    HAL_RCC_GetPCLK1Freq                     0x0800abd5   Thumb Code    38  stm32f4xx_hal_rcc.o(.text)
    HAL_RCC_GetPCLK2Freq                     0x0800abfb   Thumb Code    38  stm32f4xx_hal_rcc.o(.text)
    HAL_RCC_GetOscConfig                     0x0800ac21   Thumb Code   220  stm32f4xx_hal_rcc.o(.text)
    HAL_RCC_GetClockConfig                   0x0800acfd   Thumb Code    56  stm32f4xx_hal_rcc.o(.text)
    HAL_RCC_CCSCallback                      0x0800ad35   Thumb Code     2  stm32f4xx_hal_rcc.o(.text)
    HAL_RCC_NMI_IRQHandler                   0x0800ad37   Thumb Code    26  stm32f4xx_hal_rcc.o(.text)
    HAL_UART_MspInit                         0x0800aed9   Thumb Code     2  stm32f4xx_hal_uart.o(.text)
    HAL_UART_Init                            0x0800aedb   Thumb Code    92  stm32f4xx_hal_uart.o(.text)
    HAL_HalfDuplex_Init                      0x0800af37   Thumb Code    96  stm32f4xx_hal_uart.o(.text)
    HAL_LIN_Init                             0x0800af97   Thumb Code   116  stm32f4xx_hal_uart.o(.text)
    HAL_MultiProcessor_Init                  0x0800b00b   Thumb Code   126  stm32f4xx_hal_uart.o(.text)
    HAL_UART_MspDeInit                       0x0800b089   Thumb Code     2  stm32f4xx_hal_uart.o(.text)
    HAL_UART_DeInit                          0x0800b08b   Thumb Code    34  stm32f4xx_hal_uart.o(.text)
    HAL_UART_Transmit                        0x0800b137   Thumb Code   208  stm32f4xx_hal_uart.o(.text)
    HAL_UART_Receive                         0x0800b207   Thumb Code   200  stm32f4xx_hal_uart.o(.text)
    HAL_UART_Transmit_IT                     0x0800b2cf   Thumb Code   104  stm32f4xx_hal_uart.o(.text)
    HAL_UART_Receive_IT                      0x0800b337   Thumb Code   104  stm32f4xx_hal_uart.o(.text)
    HAL_UART_ErrorCallback                   0x0800b39f   Thumb Code     2  stm32f4xx_hal_uart.o(.text)
    HAL_UART_TxHalfCpltCallback              0x0800b3c1   Thumb Code     2  stm32f4xx_hal_uart.o(.text)
    HAL_UART_TxCpltCallback                  0x0800b3cd   Thumb Code     2  stm32f4xx_hal_uart.o(.text)
    HAL_UART_Transmit_DMA                    0x0800b419   Thumb Code   122  stm32f4xx_hal_uart.o(.text)
    HAL_UART_RxHalfCpltCallback              0x0800b493   Thumb Code     2  stm32f4xx_hal_uart.o(.text)
    HAL_UART_RxCpltCallback                  0x0800b49f   Thumb Code     2  stm32f4xx_hal_uart.o(.text)
    HAL_UART_Receive_DMA                     0x0800b4cb   Thumb Code   118  stm32f4xx_hal_uart.o(.text)
    HAL_UART_DMAPause                        0x0800b541   Thumb Code    86  stm32f4xx_hal_uart.o(.text)
    HAL_UART_DMAResume                       0x0800b597   Thumb Code   102  stm32f4xx_hal_uart.o(.text)
    HAL_UART_DMAStop                         0x0800b5fd   Thumb Code    80  stm32f4xx_hal_uart.o(.text)
    HAL_UART_IRQHandler                      0x0800b881   Thumb Code   246  stm32f4xx_hal_uart.o(.text)
    HAL_LIN_SendBreak                        0x0800b977   Thumb Code    44  stm32f4xx_hal_uart.o(.text)
    HAL_MultiProcessor_EnterMuteMode         0x0800b9a3   Thumb Code    44  stm32f4xx_hal_uart.o(.text)
    HAL_MultiProcessor_ExitMuteMode          0x0800b9cf   Thumb Code    44  stm32f4xx_hal_uart.o(.text)
    HAL_HalfDuplex_EnableTransmitter         0x0800b9fb   Thumb Code    48  stm32f4xx_hal_uart.o(.text)
    HAL_HalfDuplex_EnableReceiver            0x0800ba2b   Thumb Code    48  stm32f4xx_hal_uart.o(.text)
    HAL_UART_GetState                        0x0800ba5b   Thumb Code     6  stm32f4xx_hal_uart.o(.text)
    HAL_UART_GetError                        0x0800ba61   Thumb Code     6  stm32f4xx_hal_uart.o(.text)
    Get_command_gen                          0x0800ba67   Thumb Code     6  stm32f4xx_hal_uart.o(.text)
    Set_comd                                 0x0800ba6d   Thumb Code     6  stm32f4xx_hal_uart.o(.text)
    TIM_Base_SetConfig                       0x0800bb1d   Thumb Code   148  stm32f4xx_hal_tim.o(.text)
    HAL_TIM_Base_MspInit                     0x0800bbb1   Thumb Code     2  stm32f4xx_hal_tim.o(.text)
    HAL_TIM_Base_Init                        0x0800bbb3   Thumb Code    48  stm32f4xx_hal_tim.o(.text)
    HAL_TIM_Base_MspDeInit                   0x0800bbe3   Thumb Code     2  stm32f4xx_hal_tim.o(.text)
    HAL_TIM_Base_DeInit                      0x0800bbe5   Thumb Code    54  stm32f4xx_hal_tim.o(.text)
    HAL_TIM_Base_Start                       0x0800bc1b   Thumb Code    26  stm32f4xx_hal_tim.o(.text)
    HAL_TIM_Base_Stop                        0x0800bc35   Thumb Code    44  stm32f4xx_hal_tim.o(.text)
    HAL_TIM_Base_Start_IT                    0x0800bc61   Thumb Code    24  stm32f4xx_hal_tim.o(.text)
    HAL_TIM_Base_Stop_IT                     0x0800bc79   Thumb Code    42  stm32f4xx_hal_tim.o(.text)
    HAL_TIM_ErrorCallback                    0x0800bca3   Thumb Code     2  stm32f4xx_hal_tim.o(.text)
    HAL_TIM_DMAError                         0x0800bca5   Thumb Code    16  stm32f4xx_hal_tim.o(.text)
    HAL_TIM_PeriodElapsedCallback            0x0800bcb5   Thumb Code     2  stm32f4xx_hal_tim.o(.text)
    HAL_TIM_Base_Start_DMA                   0x0800bcc7   Thumb Code    84  stm32f4xx_hal_tim.o(.text)
    HAL_TIM_Base_Stop_DMA                    0x0800bd1b   Thumb Code    48  stm32f4xx_hal_tim.o(.text)
    HAL_TIM_OC_MspInit                       0x0800bd4b   Thumb Code     2  stm32f4xx_hal_tim.o(.text)
    HAL_TIM_OC_Init                          0x0800bd4d   Thumb Code    48  stm32f4xx_hal_tim.o(.text)
    HAL_TIM_OC_MspDeInit                     0x0800bd7d   Thumb Code     2  stm32f4xx_hal_tim.o(.text)
    HAL_TIM_OC_DeInit                        0x0800bd7f   Thumb Code    54  stm32f4xx_hal_tim.o(.text)
    TIM_CCxChannelCmd                        0x0800bdb5   Thumb Code    22  stm32f4xx_hal_tim.o(.text)
    HAL_TIM_OC_Start                         0x0800bdcb   Thumb Code    48  stm32f4xx_hal_tim.o(.text)
    HAL_TIM_OC_Stop                          0x0800bdfb   Thumb Code    78  stm32f4xx_hal_tim.o(.text)
    HAL_TIM_OC_Start_IT                      0x0800be49   Thumb Code    98  stm32f4xx_hal_tim.o(.text)
    HAL_TIM_OC_Stop_IT                       0x0800beab   Thumb Code   178  stm32f4xx_hal_tim.o(.text)
    HAL_TIM_PWM_PulseFinishedCallback        0x0800bf5d   Thumb Code     2  stm32f4xx_hal_tim.o(.text)
    HAL_TIM_DMADelayPulseCplt                0x0800bf5f   Thumb Code    16  stm32f4xx_hal_tim.o(.text)
    HAL_TIM_OC_Start_DMA                     0x0800bf6f   Thumb Code   226  stm32f4xx_hal_tim.o(.text)
    HAL_TIM_OC_Stop_DMA                      0x0800c051   Thumb Code   136  stm32f4xx_hal_tim.o(.text)
    HAL_TIM_PWM_MspInit                      0x0800c0d9   Thumb Code     2  stm32f4xx_hal_tim.o(.text)
    HAL_TIM_PWM_Init                         0x0800c0db   Thumb Code    48  stm32f4xx_hal_tim.o(.text)
    HAL_TIM_PWM_MspDeInit                    0x0800c10b   Thumb Code     2  stm32f4xx_hal_tim.o(.text)
    HAL_TIM_PWM_DeInit                       0x0800c10d   Thumb Code    54  stm32f4xx_hal_tim.o(.text)
    HAL_TIM_PWM_Start                        0x0800c143   Thumb Code    48  stm32f4xx_hal_tim.o(.text)
    HAL_TIM_PWM_Stop                         0x0800c173   Thumb Code    84  stm32f4xx_hal_tim.o(.text)
    HAL_TIM_PWM_Start_IT                     0x0800c1c7   Thumb Code    98  stm32f4xx_hal_tim.o(.text)
    HAL_TIM_PWM_Stop_IT                      0x0800c229   Thumb Code   130  stm32f4xx_hal_tim.o(.text)
    HAL_TIM_PWM_Start_DMA                    0x0800c2ab   Thumb Code   226  stm32f4xx_hal_tim.o(.text)
    HAL_TIM_PWM_Stop_DMA                     0x0800c38d   Thumb Code   146  stm32f4xx_hal_tim.o(.text)
    HAL_TIM_IC_MspInit                       0x0800c41f   Thumb Code     2  stm32f4xx_hal_tim.o(.text)
    HAL_TIM_IC_Init                          0x0800c421   Thumb Code    48  stm32f4xx_hal_tim.o(.text)
    HAL_TIM_IC_MspDeInit                     0x0800c451   Thumb Code     2  stm32f4xx_hal_tim.o(.text)
    HAL_TIM_IC_DeInit                        0x0800c453   Thumb Code    54  stm32f4xx_hal_tim.o(.text)
    HAL_TIM_IC_Start                         0x0800c489   Thumb Code    26  stm32f4xx_hal_tim.o(.text)
    HAL_TIM_IC_Stop                          0x0800c4a3   Thumb Code    44  stm32f4xx_hal_tim.o(.text)
    HAL_TIM_IC_Start_IT                      0x0800c4cf   Thumb Code    76  stm32f4xx_hal_tim.o(.text)
    HAL_TIM_IC_Stop_IT                       0x0800c51b   Thumb Code    98  stm32f4xx_hal_tim.o(.text)
    HAL_TIM_IC_CaptureCallback               0x0800c57d   Thumb Code     2  stm32f4xx_hal_tim.o(.text)
    HAL_TIM_DMACaptureCplt                   0x0800c57f   Thumb Code    16  stm32f4xx_hal_tim.o(.text)
    HAL_TIM_IC_Start_DMA                     0x0800c58f   Thumb Code   194  stm32f4xx_hal_tim.o(.text)
    HAL_TIM_IC_Stop_DMA                      0x0800c651   Thumb Code   104  stm32f4xx_hal_tim.o(.text)
    HAL_TIM_OnePulse_MspInit                 0x0800c6b9   Thumb Code     2  stm32f4xx_hal_tim.o(.text)
    HAL_TIM_OnePulse_Init                    0x0800c6bb   Thumb Code    68  stm32f4xx_hal_tim.o(.text)
    HAL_TIM_OnePulse_MspDeInit               0x0800c6ff   Thumb Code     2  stm32f4xx_hal_tim.o(.text)
    HAL_TIM_OnePulse_DeInit                  0x0800c701   Thumb Code    54  stm32f4xx_hal_tim.o(.text)
    HAL_TIM_OnePulse_Start                   0x0800c737   Thumb Code    50  stm32f4xx_hal_tim.o(.text)
    HAL_TIM_OnePulse_Stop                    0x0800c769   Thumb Code    90  stm32f4xx_hal_tim.o(.text)
    HAL_TIM_OnePulse_Start_IT                0x0800c7c3   Thumb Code    70  stm32f4xx_hal_tim.o(.text)
    HAL_TIM_OnePulse_Stop_IT                 0x0800c809   Thumb Code   110  stm32f4xx_hal_tim.o(.text)
    HAL_TIM_Encoder_MspInit                  0x0800c877   Thumb Code     2  stm32f4xx_hal_tim.o(.text)
    HAL_TIM_Encoder_Init                     0x0800c879   Thumb Code   144  stm32f4xx_hal_tim.o(.text)
    HAL_TIM_Encoder_MspDeInit                0x0800c909   Thumb Code     2  stm32f4xx_hal_tim.o(.text)
    HAL_TIM_Encoder_DeInit                   0x0800c90b   Thumb Code    54  stm32f4xx_hal_tim.o(.text)
    HAL_TIM_Encoder_Start                    0x0800c941   Thumb Code    50  stm32f4xx_hal_tim.o(.text)
    HAL_TIM_Encoder_Stop                     0x0800c973   Thumb Code    72  stm32f4xx_hal_tim.o(.text)
    HAL_TIM_Encoder_Start_IT                 0x0800c9bb   Thumb Code    92  stm32f4xx_hal_tim.o(.text)
    HAL_TIM_Encoder_Stop_IT                  0x0800ca17   Thumb Code   120  stm32f4xx_hal_tim.o(.text)
    HAL_TIM_Encoder_Start_DMA                0x0800ca8f   Thumb Code   274  stm32f4xx_hal_tim.o(.text)
    HAL_TIM_Encoder_Stop_DMA                 0x0800cba1   Thumb Code   120  stm32f4xx_hal_tim.o(.text)
    HAL_TIM_TriggerCallback                  0x0800cc19   Thumb Code     2  stm32f4xx_hal_tim.o(.text)
    HAL_TIM_OC_DelayElapsedCallback          0x0800cc1b   Thumb Code     2  stm32f4xx_hal_tim.o(.text)
    HAL_TIM_IRQHandler                       0x0800cc1d   Thumb Code   412  stm32f4xx_hal_tim.o(.text)
    TIM_OC2_SetConfig                        0x0800ce57   Thumb Code    90  stm32f4xx_hal_tim.o(.text)
    HAL_TIM_OC_ConfigChannel                 0x0800cf01   Thumb Code    84  stm32f4xx_hal_tim.o(.text)
    TIM_TI1_SetConfig                        0x0800cf55   Thumb Code    98  stm32f4xx_hal_tim.o(.text)
    HAL_TIM_IC_ConfigChannel                 0x0800cfb7   Thumb Code   260  stm32f4xx_hal_tim.o(.text)
    HAL_TIM_PWM_ConfigChannel                0x0800d0bb   Thumb Code   246  stm32f4xx_hal_tim.o(.text)
    HAL_TIM_OnePulse_ConfigChannel           0x0800d1b1   Thumb Code   212  stm32f4xx_hal_tim.o(.text)
    HAL_TIM_DMABurst_WriteStart              0x0800d295   Thumb Code   250  stm32f4xx_hal_tim.o(.text)
    HAL_TIM_DMABurst_WriteStop               0x0800d38f   Thumb Code    12  stm32f4xx_hal_tim.o(.text)
    HAL_TIM_DMABurst_ReadStart               0x0800d39b   Thumb Code   252  stm32f4xx_hal_tim.o(.text)
    HAL_TIM_DMABurst_ReadStop                0x0800d497   Thumb Code    12  stm32f4xx_hal_tim.o(.text)
    HAL_TIM_GenerateEvent                    0x0800d4a3   Thumb Code    38  stm32f4xx_hal_tim.o(.text)
    HAL_TIM_ConfigOCrefClear                 0x0800d4c9   Thumb Code   170  stm32f4xx_hal_tim.o(.text)
    HAL_TIM_ConfigClockSource                0x0800d573   Thumb Code   238  stm32f4xx_hal_tim.o(.text)
    HAL_TIM_ConfigTI1Input                   0x0800d661   Thumb Code    16  stm32f4xx_hal_tim.o(.text)
    HAL_TIM_SlaveConfigSynchronization       0x0800d671   Thumb Code   178  stm32f4xx_hal_tim.o(.text)
    HAL_TIM_ReadCapturedValue                0x0800d723   Thumb Code    68  stm32f4xx_hal_tim.o(.text)
    HAL_TIM_Base_GetState                    0x0800d767   Thumb Code     6  stm32f4xx_hal_tim.o(.text)
    HAL_TIM_OC_GetState                      0x0800d76d   Thumb Code     6  stm32f4xx_hal_tim.o(.text)
    HAL_TIM_PWM_GetState                     0x0800d773   Thumb Code     6  stm32f4xx_hal_tim.o(.text)
    HAL_TIM_IC_GetState                      0x0800d779   Thumb Code     6  stm32f4xx_hal_tim.o(.text)
    HAL_TIM_OnePulse_GetState                0x0800d77f   Thumb Code     6  stm32f4xx_hal_tim.o(.text)
    HAL_TIM_Encoder_GetState                 0x0800d785   Thumb Code     6  stm32f4xx_hal_tim.o(.text)
    HAL_TIMEx_HallSensor_MspInit             0x0800d821   Thumb Code     2  stm32f4xx_hal_tim_ex.o(.text)
    HAL_TIMEx_HallSensor_Init                0x0800d823   Thumb Code   176  stm32f4xx_hal_tim_ex.o(.text)
    HAL_TIMEx_HallSensor_MspDeInit           0x0800d8d3   Thumb Code     2  stm32f4xx_hal_tim_ex.o(.text)
    HAL_TIMEx_HallSensor_DeInit              0x0800d8d5   Thumb Code    54  stm32f4xx_hal_tim_ex.o(.text)
    HAL_TIMEx_HallSensor_Start               0x0800d90b   Thumb Code    28  stm32f4xx_hal_tim_ex.o(.text)
    HAL_TIMEx_HallSensor_Stop                0x0800d927   Thumb Code    46  stm32f4xx_hal_tim_ex.o(.text)
    HAL_TIMEx_HallSensor_Start_IT            0x0800d955   Thumb Code    38  stm32f4xx_hal_tim_ex.o(.text)
    HAL_TIMEx_HallSensor_Stop_IT             0x0800d97b   Thumb Code    56  stm32f4xx_hal_tim_ex.o(.text)
    HAL_TIMEx_HallSensor_Start_DMA           0x0800d9b3   Thumb Code    96  stm32f4xx_hal_tim_ex.o(.text)
    HAL_TIMEx_HallSensor_Stop_DMA            0x0800da13   Thumb Code    56  stm32f4xx_hal_tim_ex.o(.text)
    HAL_TIMEx_OCN_Start                      0x0800da4b   Thumb Code    36  stm32f4xx_hal_tim_ex.o(.text)
    HAL_TIMEx_OCN_Stop                       0x0800da6f   Thumb Code    68  stm32f4xx_hal_tim_ex.o(.text)
    HAL_TIMEx_OCN_Start_IT                   0x0800dab3   Thumb Code    86  stm32f4xx_hal_tim_ex.o(.text)
    HAL_TIMEx_OCN_Stop_IT                    0x0800db09   Thumb Code   120  stm32f4xx_hal_tim_ex.o(.text)
    HAL_TIMEx_OCN_Start_DMA                  0x0800db81   Thumb Code   210  stm32f4xx_hal_tim_ex.o(.text)
    HAL_TIMEx_OCN_Stop_DMA                   0x0800dc53   Thumb Code   126  stm32f4xx_hal_tim_ex.o(.text)
    HAL_TIMEx_PWMN_Start                     0x0800dcd1   Thumb Code    36  stm32f4xx_hal_tim_ex.o(.text)
    HAL_TIMEx_PWMN_Stop                      0x0800dcf5   Thumb Code    68  stm32f4xx_hal_tim_ex.o(.text)
    HAL_TIMEx_PWMN_Start_IT                  0x0800dd39   Thumb Code    96  stm32f4xx_hal_tim_ex.o(.text)
    HAL_TIMEx_PWMN_Stop_IT                   0x0800dd99   Thumb Code   144  stm32f4xx_hal_tim_ex.o(.text)
    HAL_TIMEx_PWMN_Start_DMA                 0x0800de29   Thumb Code   210  stm32f4xx_hal_tim_ex.o(.text)
    HAL_TIMEx_PWMN_Stop_DMA                  0x0800defb   Thumb Code   126  stm32f4xx_hal_tim_ex.o(.text)
    HAL_TIMEx_OnePulseN_Start                0x0800df79   Thumb Code    26  stm32f4xx_hal_tim_ex.o(.text)
    HAL_TIMEx_OnePulseN_Stop                 0x0800df93   Thumb Code    68  stm32f4xx_hal_tim_ex.o(.text)
    HAL_TIMEx_OnePulseN_Start_IT             0x0800dfd7   Thumb Code    46  stm32f4xx_hal_tim_ex.o(.text)
    HAL_TIMEx_OnePulseN_Stop_IT              0x0800e005   Thumb Code    88  stm32f4xx_hal_tim_ex.o(.text)
    HAL_TIMEx_ConfigCommutationEvent         0x0800e05d   Thumb Code    92  stm32f4xx_hal_tim_ex.o(.text)
    HAL_TIMEx_ConfigCommutationEvent_IT      0x0800e0b9   Thumb Code   102  stm32f4xx_hal_tim_ex.o(.text)
    HAL_TIMEx_CommutationCallback            0x0800e11f   Thumb Code     2  stm32f4xx_hal_tim_ex.o(.text)
    HAL_TIMEx_DMACommutationCplt             0x0800e121   Thumb Code    16  stm32f4xx_hal_tim_ex.o(.text)
    HAL_TIMEx_ConfigCommutationEvent_DMA     0x0800e131   Thumb Code   116  stm32f4xx_hal_tim_ex.o(.text)
    HAL_TIMEx_MasterConfigSynchronization    0x0800e1a5   Thumb Code    80  stm32f4xx_hal_tim_ex.o(.text)
    HAL_TIMEx_ConfigBreakDeadTime            0x0800e1f5   Thumb Code    76  stm32f4xx_hal_tim_ex.o(.text)
    HAL_TIMEx_RemapConfig                    0x0800e241   Thumb Code    34  stm32f4xx_hal_tim_ex.o(.text)
    HAL_TIMEx_BreakCallback                  0x0800e263   Thumb Code     2  stm32f4xx_hal_tim_ex.o(.text)
    HAL_TIMEx_HallSensor_GetState            0x0800e265   Thumb Code     6  stm32f4xx_hal_tim_ex.o(.text)
    HAL_SDRAM_MspInit                        0x0800e281   Thumb Code     2  stm32f4xx_hal_sdram.o(.text)
    HAL_SDRAM_Init                           0x0800e283   Thumb Code    60  stm32f4xx_hal_sdram.o(.text)
    HAL_SDRAM_MspDeInit                      0x0800e2bf   Thumb Code     2  stm32f4xx_hal_sdram.o(.text)
    HAL_SDRAM_DeInit                         0x0800e2c1   Thumb Code    28  stm32f4xx_hal_sdram.o(.text)
    HAL_SDRAM_RefreshErrorCallback           0x0800e2dd   Thumb Code     2  stm32f4xx_hal_sdram.o(.text)
    HAL_SDRAM_IRQHandler                     0x0800e2df   Thumb Code    30  stm32f4xx_hal_sdram.o(.text)
    HAL_SDRAM_DMA_XferCpltCallback           0x0800e2fd   Thumb Code     2  stm32f4xx_hal_sdram.o(.text)
    HAL_SDRAM_DMA_XferErrorCallback          0x0800e2ff   Thumb Code     2  stm32f4xx_hal_sdram.o(.text)
    HAL_SDRAM_Read_8b                        0x0800e301   Thumb Code    66  stm32f4xx_hal_sdram.o(.text)
    HAL_SDRAM_Write_8b                       0x0800e343   Thumb Code    66  stm32f4xx_hal_sdram.o(.text)
    HAL_SDRAM_Read_16b                       0x0800e385   Thumb Code    66  stm32f4xx_hal_sdram.o(.text)
    HAL_SDRAM_Write_16b                      0x0800e3c7   Thumb Code    66  stm32f4xx_hal_sdram.o(.text)
    HAL_SDRAM_Read_32b                       0x0800e409   Thumb Code    62  stm32f4xx_hal_sdram.o(.text)
    HAL_SDRAM_Write_32b                      0x0800e447   Thumb Code    62  stm32f4xx_hal_sdram.o(.text)
    HAL_SDRAM_Read_DMA                       0x0800e485   Thumb Code    64  stm32f4xx_hal_sdram.o(.text)
    HAL_SDRAM_Write_DMA                      0x0800e4c5   Thumb Code    74  stm32f4xx_hal_sdram.o(.text)
    HAL_SDRAM_WriteProtection_Enable         0x0800e50f   Thumb Code    36  stm32f4xx_hal_sdram.o(.text)
    HAL_SDRAM_WriteProtection_Disable        0x0800e533   Thumb Code    36  stm32f4xx_hal_sdram.o(.text)
    HAL_SDRAM_SendCommand                    0x0800e557   Thumb Code    46  stm32f4xx_hal_sdram.o(.text)
    HAL_SDRAM_ProgramRefreshRate             0x0800e585   Thumb Code    34  stm32f4xx_hal_sdram.o(.text)
    HAL_SDRAM_SetAutoRefreshNumber           0x0800e5a7   Thumb Code    34  stm32f4xx_hal_sdram.o(.text)
    HAL_SDRAM_GetModeStatus                  0x0800e5c9   Thumb Code     6  stm32f4xx_hal_sdram.o(.text)
    HAL_SDRAM_GetState                       0x0800e5cf   Thumb Code     6  stm32f4xx_hal_sdram.o(.text)
    FMC_NORSRAM_Init                         0x0800e5dd   Thumb Code   100  stm32f4xx_ll_fmc.o(.text)
    FMC_NORSRAM_DeInit                       0x0800e641   Thumb Code    48  stm32f4xx_ll_fmc.o(.text)
    FMC_NORSRAM_Timing_Init                  0x0800e671   Thumb Code    88  stm32f4xx_ll_fmc.o(.text)
    FMC_NORSRAM_Extended_Timing_Init         0x0800e6c9   Thumb Code    70  stm32f4xx_ll_fmc.o(.text)
    FMC_NORSRAM_WriteOperation_Enable        0x0800e70f   Thumb Code    16  stm32f4xx_ll_fmc.o(.text)
    FMC_NORSRAM_WriteOperation_Disable       0x0800e71f   Thumb Code    16  stm32f4xx_ll_fmc.o(.text)
    FMC_NAND_Init                            0x0800e72f   Thumb Code    48  stm32f4xx_ll_fmc.o(.text)
    FMC_NAND_CommonSpace_Timing_Init         0x0800e75f   Thumb Code    36  stm32f4xx_ll_fmc.o(.text)
    FMC_NAND_AttributeSpace_Timing_Init      0x0800e783   Thumb Code    36  stm32f4xx_ll_fmc.o(.text)
    FMC_NAND_DeInit                          0x0800e7a7   Thumb Code    52  stm32f4xx_ll_fmc.o(.text)
    FMC_NAND_ECC_Enable                      0x0800e7db   Thumb Code    26  stm32f4xx_ll_fmc.o(.text)
    FMC_NAND_ECC_Disable                     0x0800e7f5   Thumb Code    26  stm32f4xx_ll_fmc.o(.text)
    FMC_NAND_GetECC                          0x0800e80f   Thumb Code    74  stm32f4xx_ll_fmc.o(.text)
    FMC_PCCARD_Init                          0x0800e859   Thumb Code    24  stm32f4xx_ll_fmc.o(.text)
    FMC_PCCARD_CommonSpace_Timing_Init       0x0800e871   Thumb Code    26  stm32f4xx_ll_fmc.o(.text)
    FMC_PCCARD_AttributeSpace_Timing_Init    0x0800e88b   Thumb Code    26  stm32f4xx_ll_fmc.o(.text)
    FMC_PCCARD_IOSpace_Timing_Init           0x0800e8a5   Thumb Code    26  stm32f4xx_ll_fmc.o(.text)
    FMC_PCCARD_DeInit                        0x0800e8bf   Thumb Code    30  stm32f4xx_ll_fmc.o(.text)
    FMC_SDRAM_Init                           0x0800e8dd   Thumb Code    58  stm32f4xx_ll_fmc.o(.text)
    FMC_SDRAM_Timing_Init                    0x0800e917   Thumb Code   100  stm32f4xx_ll_fmc.o(.text)
    FMC_SDRAM_DeInit                         0x0800e97b   Thumb Code    30  stm32f4xx_ll_fmc.o(.text)
    FMC_SDRAM_WriteProtection_Enable         0x0800e999   Thumb Code    16  stm32f4xx_ll_fmc.o(.text)
    FMC_SDRAM_WriteProtection_Disable        0x0800e9a9   Thumb Code    16  stm32f4xx_ll_fmc.o(.text)
    FMC_SDRAM_SendCommand                    0x0800e9b9   Thumb Code    72  stm32f4xx_ll_fmc.o(.text)
    FMC_SDRAM_ProgramRefreshRate             0x0800ea01   Thumb Code    12  stm32f4xx_ll_fmc.o(.text)
    FMC_SDRAM_SetAutoRefreshNumber           0x0800ea0d   Thumb Code    20  stm32f4xx_ll_fmc.o(.text)
    FMC_SDRAM_GetModeStatus                  0x0800ea21   Thumb Code    18  stm32f4xx_ll_fmc.o(.text)
    FLASH_WaitForLastOperation               0x0800ea8b   Thumb Code    52  stm32f4xx_hal_flash.o(.text)
    HAL_FLASH_Program                        0x0800eabf   Thumb Code   118  stm32f4xx_hal_flash.o(.text)
    HAL_FLASH_Program_IT                     0x0800eb35   Thumb Code   108  stm32f4xx_hal_flash.o(.text)
    HAL_FLASH_OperationErrorCallback         0x0800eba1   Thumb Code     2  stm32f4xx_hal_flash.o(.text)
    HAL_FLASH_EndOfOperationCallback         0x0800eba3   Thumb Code     2  stm32f4xx_hal_flash.o(.text)
    HAL_FLASH_IRQHandler                     0x0800eba5   Thumb Code   246  stm32f4xx_hal_flash.o(.text)
    HAL_FLASH_Unlock                         0x0800ec9b   Thumb Code    30  stm32f4xx_hal_flash.o(.text)
    HAL_FLASH_Lock                           0x0800ecb9   Thumb Code    16  stm32f4xx_hal_flash.o(.text)
    HAL_FLASH_OB_Unlock                      0x0800ecc9   Thumb Code    30  stm32f4xx_hal_flash.o(.text)
    HAL_FLASH_OB_Lock                        0x0800ece7   Thumb Code    16  stm32f4xx_hal_flash.o(.text)
    HAL_FLASH_OB_Launch                      0x0800ecf7   Thumb Code    18  stm32f4xx_hal_flash.o(.text)
    HAL_FLASH_GetError                       0x0800ed09   Thumb Code     6  stm32f4xx_hal_flash.o(.text)
    FLASH_Erase_Sector                       0x0800eda9   Thumb Code    90  stm32f4xx_hal_flash_ex.o(.text)
    HAL_FLASHEx_Erase                        0x0800ee3b   Thumb Code   176  stm32f4xx_hal_flash_ex.o(.text)
    HAL_FLASHEx_Erase_IT                     0x0800eeeb   Thumb Code    96  stm32f4xx_hal_flash_ex.o(.text)
    HAL_FLASHEx_OBProgram                    0x0800ef4b   Thumb Code   172  stm32f4xx_hal_flash_ex.o(.text)
    HAL_FLASHEx_OBGetConfig                  0x0800eff7   Thumb Code    48  stm32f4xx_hal_flash_ex.o(.text)
    HAL_FLASHEx_AdvOBProgram                 0x0800f027   Thumb Code   178  stm32f4xx_hal_flash_ex.o(.text)
    HAL_FLASHEx_AdvOBGetConfig               0x0800f0d9   Thumb Code    24  stm32f4xx_hal_flash_ex.o(.text)
    HAL_FLASHEx_OB_SelectPCROP               0x0800f0f1   Thumb Code    20  stm32f4xx_hal_flash_ex.o(.text)
    HAL_FLASHEx_OB_DeSelectPCROP             0x0800f105   Thumb Code    16  stm32f4xx_hal_flash_ex.o(.text)
    HAL_FLASHEx_OB_GetBank2WRP               0x0800f115   Thumb Code     8  stm32f4xx_hal_flash_ex.o(.text)
    HAL_NOR_MspInit                          0x0800f211   Thumb Code     2  stm32f4xx_hal_nor.o(.text)
    HAL_NOR_Init                             0x0800f213   Thumb Code    86  stm32f4xx_hal_nor.o(.text)
    HAL_NOR_MspDeInit                        0x0800f269   Thumb Code     2  stm32f4xx_hal_nor.o(.text)
    HAL_NOR_DeInit                           0x0800f26b   Thumb Code    28  stm32f4xx_hal_nor.o(.text)
    HAL_NOR_MspWait                          0x0800f287   Thumb Code     2  stm32f4xx_hal_nor.o(.text)
    HAL_NOR_Read_ID                          0x0800f289   Thumb Code   104  stm32f4xx_hal_nor.o(.text)
    HAL_NOR_ReturnToReadMode                 0x0800f2f1   Thumb Code    46  stm32f4xx_hal_nor.o(.text)
    HAL_NOR_Read                             0x0800f31f   Thumb Code    76  stm32f4xx_hal_nor.o(.text)
    HAL_NOR_Program                          0x0800f36b   Thumb Code    74  stm32f4xx_hal_nor.o(.text)
    HAL_NOR_ReadBuffer                       0x0800f3b5   Thumb Code    78  stm32f4xx_hal_nor.o(.text)
    HAL_NOR_ProgramBuffer                    0x0800f403   Thumb Code   118  stm32f4xx_hal_nor.o(.text)
    HAL_NOR_Erase_Block                      0x0800f479   Thumb Code    72  stm32f4xx_hal_nor.o(.text)
    HAL_NOR_Erase_Chip                       0x0800f4c1   Thumb Code    68  stm32f4xx_hal_nor.o(.text)
    HAL_NOR_Read_CFI                         0x0800f505   Thumb Code    66  stm32f4xx_hal_nor.o(.text)
    HAL_NOR_WriteOperation_Enable            0x0800f547   Thumb Code    42  stm32f4xx_hal_nor.o(.text)
    HAL_NOR_WriteOperation_Disable           0x0800f571   Thumb Code    48  stm32f4xx_hal_nor.o(.text)
    HAL_NOR_GetState                         0x0800f5a1   Thumb Code     6  stm32f4xx_hal_nor.o(.text)
    HAL_NOR_GetStatus                        0x0800f5a7   Thumb Code    92  stm32f4xx_hal_nor.o(.text)
    __aeabi_memcpy                           0x0800f611   Thumb Code    36  memcpya.o(.text)
    __aeabi_memcpy4                          0x0800f611   Thumb Code     0  memcpya.o(.text)
    __aeabi_memcpy8                          0x0800f611   Thumb Code     0  memcpya.o(.text)
    __aeabi_memset                           0x0800f635   Thumb Code    14  memseta.o(.text)
    __aeabi_memset4                          0x0800f635   Thumb Code     0  memseta.o(.text)
    __aeabi_memset8                          0x0800f635   Thumb Code     0  memseta.o(.text)
    __aeabi_memclr                           0x0800f643   Thumb Code     4  memseta.o(.text)
    __aeabi_memclr4                          0x0800f643   Thumb Code     0  memseta.o(.text)
    __aeabi_memclr8                          0x0800f643   Thumb Code     0  memseta.o(.text)
    _memset$wrapper                          0x0800f647   Thumb Code    18  memseta.o(.text)
    strncpy                                  0x0800f659   Thumb Code    24  strncpy.o(.text)
    strcmp                                   0x0800f671   Thumb Code    28  strcmp.o(.text)
    memcmp                                   0x0800f68d   Thumb Code    26  memcmp.o(.text)
    strcpy                                   0x0800f6a7   Thumb Code    18  strcpy.o(.text)
    strncmp                                  0x0800f6b9   Thumb Code    30  strncmp.o(.text)
    calloc                                   0x0800f6d7   Thumb Code    28  calloc.o(.text)
    __aeabi_uldivmod                         0x0800f6f3   Thumb Code    98  uldiv.o(.text)
    __scatterload                            0x0800f755   Thumb Code    28  init.o(.text)
    __scatterload_rt2                        0x0800f755   Thumb Code     0  init.o(.text)
    __aeabi_llsl                             0x0800f779   Thumb Code    30  llshl.o(.text)
    _ll_shift_l                              0x0800f779   Thumb Code     0  llshl.o(.text)
    __aeabi_llsr                             0x0800f797   Thumb Code    32  llushr.o(.text)
    _ll_ushift_r                             0x0800f797   Thumb Code     0  llushr.o(.text)
    __decompress                             0x0800f7b7   Thumb Code     0  __dczerorl2.o(.text)
    __decompress1                            0x0800f7b7   Thumb Code    92  __dczerorl2.o(.text)
    __0printf$8                              0x0800f815   Thumb Code    22  printf8.o(i.__0printf$8)
    __1printf$8                              0x0800f815   Thumb Code     0  printf8.o(i.__0printf$8)
    __2printf                                0x0800f815   Thumb Code     0  printf8.o(i.__0printf$8)
    __0sprintf$8                             0x0800f835   Thumb Code    34  printf8.o(i.__0sprintf$8)
    __1sprintf$8                             0x0800f835   Thumb Code     0  printf8.o(i.__0sprintf$8)
    __2sprintf                               0x0800f835   Thumb Code     0  printf8.o(i.__0sprintf$8)
    __scatterload_copy                       0x0800f85d   Thumb Code    14  handlers.o(i.__scatterload_copy)
    __scatterload_null                       0x0800f86b   Thumb Code     2  handlers.o(i.__scatterload_null)
    __scatterload_zeroinit                   0x0800f86d   Thumb Code    14  handlers.o(i.__scatterload_zeroinit)
    free                                     0x0800fce5   Thumb Code    76  malloc.o(i.free)
    malloc                                   0x0800fd35   Thumb Code    92  malloc.o(i.malloc)
    APBAHBPrescTable                         0x0800fde5   Data          16  stm32f4xx_hal_rcc.o(.constdata)
    Region$$Table$$Base                      0x08010378   Number         0  anon$$obj.o(Region$$Table)
    Region$$Table$$Limit                     0x08010398   Number         0  anon$$obj.o(Region$$Table)
    SystemCoreClock                          0x20000000   Data           4  system_stm32f4xx.o(.data)
    AHBPrescTable                            0x20000004   Data          16  system_stm32f4xx.o(.data)
    command_tag                              0x20000014   Data           1  main.o(.data)
    MAC_op                                   0x20000015   Data          10  veth_com_usart.o(.data)
    MAC_mod                                  0x2000001f   Data          30  veth_com_usart.o(.data)
    MAC_dis                                  0x2000003d   Data          10  veth_com_usart.o(.data)
    IP_op                                    0x20000047   Data          10  veth_com_usart.o(.data)
    UP_op                                    0x20000051   Data          10  veth_com_usart.o(.data)
    read_com6                                0x2000005c   Data           4  veth_hal_init.o(.data)
    read_com1                                0x20000060   Data           4  veth_hal_init.o(.data)
    read_com5                                0x20000064   Data           4  veth_hal_init.o(.data)
    sCount                                   0x20000068   Data           4  veth_hal_init.o(.data)
    msCount                                  0x2000006c   Data           4  veth_hal_init.o(.data)
    rCount                                   0x20000070   Data           4  veth_hal_init.o(.data)
    KEY_MAC                                  0x20000074   Data           6  veth_hal_init.o(.data)
    MGMT_MAC                                 0x2000007a   Data           6  veth_hal_init.o(.data)
    SET_INFO                                 0x20000080   Data         120  veth_hal_init.o(.data)
    trunk_vector                             0x200000f8   Data           2  veth_marvell_6097f.o(.data)
    KEY_MAC_1                                0x200000fa   Data           6  veth_marvell_6097f.o(.data)
    mask_table                               0x20000100   Data          16  veth_marvell_6097f.o(.data)
    enabled_ports                            0x20000110   Data           4  veth_rstp.o(.data)
    Address                                  0x20000114   Data           4  veth_invariate.o(.data)
    SectorError                              0x20000118   Data           4  veth_invariate.o(.data)
    MemoryProgramStatus                      0x2000011c   Data           4  veth_invariate.o(.data)
    tev                                      0x200001d0   Data           1  stp_in.o(.data)
    max_port                                 0x200001d4   Data           4  stp_in.o(.data)
    nev                                      0x200001d8   Data           4  stp_in.o(.data)
    comd                                     0x200002e0   Data           1  stm32f4xx_hal_uart.o(.data)
    command_gen                              0x200002e4   Data           4  stm32f4xx_hal_uart.o(.data)
    __stdout                                 0x200002e8   Data           4  stdout.o(.data)
    __microlib_freelist                      0x200002ec   Data           4  mvars.o(.data)
    __microlib_freelist_initialised          0x200002f0   Data           4  mvars.o(.data)
    TX_BUFFER                                0x200002f4   Data       32768  veth_hal_init.o(EXTSDRAM)
    RX_BUFFER                                0x200082f4   Data       32768  veth_hal_init.o(EXTSDRAM)
    heth                                     0x200102f4   Data          72  main.o(.bss)
    bpdu_count                               0x2001033c   Data          12  veth_eth_ap.o(.bss)
    COM6_TX_buffer                           0x20010348   Data        1024  veth_hal_init.o(.bss)
    COM6_RX_buffer                           0x20010748   Data        1024  veth_hal_init.o(.bss)
    COM1_RX_buffer                           0x20010b48   Data        1024  veth_hal_init.o(.bss)
    COM5_RX_buffer                           0x20010f48   Data        1024  veth_hal_init.o(.bss)
    TimHandle                                0x20011348   Data          60  veth_hal_init.o(.bss)
    TimsHandle                               0x20011384   Data          60  veth_hal_init.o(.bss)
    TimrHandle                               0x200113c0   Data          60  veth_hal_init.o(.bss)
    SDRAM_Timing                             0x200113fc   Data          28  veth_hal_init.o(.bss)
    SDRAM_Command                            0x20011418   Data          16  veth_hal_init.o(.bss)
    norHandle                                0x20011428   Data          68  veth_hal_init.o(.bss)
    Timing                                   0x2001146c   Data          28  veth_hal_init.o(.bss)
    TX_LIST                                  0x20011488   Data        1024  veth_hal_init.o(.bss)
    RX_LIST                                  0x20011888   Data        1024  veth_hal_init.o(.bss)
    COM4_RX_buffer                           0x20011c88   Data        1024  veth_hal_init.o(.bss)
    COM7_RX_buffer                           0x20012088   Data        1024  veth_hal_init.o(.bss)
    Uart6Handle                              0x20012488   Data          60  veth_hal_init.o(.bss)
    Uart5Handle                              0x200124c4   Data          60  veth_hal_init.o(.bss)
    Uart1Handle                              0x20012500   Data          60  veth_hal_init.o(.bss)
    Uart4Handle                              0x2001253c   Data          60  veth_hal_init.o(.bss)
    Uart7Handle                              0x20012578   Data          60  veth_hal_init.o(.bss)
    I2C1Handle                               0x200125b4   Data          56  veth_hal_init.o(.bss)
    my_invarite                              0x20012600   Data         126  veth_invariate.o(.bss)
    Command                                  0x2001267e   Data          30  stm32f4xx_hal_uart.o(.bss)
    pFlash                                   0x2001269c   Data          28  stm32f4xx_hal_flash.o(.bss)
    __heap_base                              0x200126b8   Data           0  startup_stm32f429x.o(HEAP)
    __heap_limit                             0x200146b8   Data           0  startup_stm32f429x.o(HEAP)
    __initial_sp                             0x200186b8   Data           0  startup_stm32f429x.o(STACK)



==============================================================================

Memory Map of the image

  Image Entry point : 0x080001ad

  Load Region LR_IROM1 (Base: 0x08000000, Size: 0x0002068c, Max: 0x00100000, ABSOLUTE, COMPRESSED[0x0001072c])

    Execution Region ER_IROM1 (Base: 0x08000000, Size: 0x00010398, Max: 0x00100000, ABSOLUTE)

    Base Addr    Size         Type   Attr      Idx    E Section Name        Object

    0x08000000   0x000001ac   Data   RO           54    RESET               startup_stm32f429x.o
    0x080001ac   0x00000000   Code   RO         1622  * .ARM.Collect$$$$00000000  mc_w.l(entry.o)
    0x080001ac   0x00000004   Code   RO         1932    .ARM.Collect$$$$00000001  mc_w.l(entry2.o)
    0x080001b0   0x00000004   Code   RO         1935    .ARM.Collect$$$$00000004  mc_w.l(entry5.o)
    0x080001b4   0x00000000   Code   RO         1937    .ARM.Collect$$$$00000008  mc_w.l(entry7b.o)
    0x080001b4   0x00000000   Code   RO         1939    .ARM.Collect$$$$0000000A  mc_w.l(entry8b.o)
    0x080001b4   0x00000008   Code   RO         1940    .ARM.Collect$$$$0000000B  mc_w.l(entry9a.o)
    0x080001bc   0x00000000   Code   RO         1942    .ARM.Collect$$$$0000000D  mc_w.l(entry10a.o)
    0x080001bc   0x00000000   Code   RO         1944    .ARM.Collect$$$$0000000F  mc_w.l(entry11a.o)
    0x080001bc   0x00000004   Code   RO         1933    .ARM.Collect$$$$00002712  mc_w.l(entry2.o)
    0x080001c0   0x000000c0   Code   RO            3    .text               system_stm32f4xx.o
    0x08000280   0x00000024   Code   RO           55    .text               startup_stm32f429x.o
    0x080002a4   0x00000074   Code   RO           61    .text               stm32f4xx_it.o
    0x08000318   0x000001e0   Code   RO          197    .text               main.o
    0x080004f8   0x00000464   Code   RO          326    .text               veth_com_usart.o
    0x0800095c   0x00000234   Code   RO          366    .text               veth_eth_ap.o
    0x08000b90   0x00000962   Code   RO          419    .text               veth_hal_init.o
    0x080014f2   0x00000002   PAD
    0x080014f4   0x00001078   Code   RO          483    .text               veth_marvell_6097f.o
    0x0800256c   0x0000007c   Code   RO          510    .text               veth_system_clock.o
    0x080025e8   0x000000ba   Code   RO          528    .text               veth_ntoh.o
    0x080026a2   0x00000002   PAD
    0x080026a4   0x0000017c   Code   RO          542    .text               veth_rstp.o
    0x08002820   0x00000278   Code   RO          632    .text               veth_invariate.o
    0x08002a98   0x000000b8   Code   RO          664    .text               edge.o
    0x08002b50   0x0000011c   Code   RO          699    .text               migrate.o
    0x08002c6c   0x0000008c   Code   RO          724    .text               p2p.o
    0x08002cf8   0x00000100   Code   RO          749    .text               pcost.o
    0x08002df8   0x0000035c   Code   RO          774    .text               port.o
    0x08003154   0x00000430   Code   RO          821    .text               portinfo.o
    0x08003584   0x0000033c   Code   RO          846    .text               rolesel.o
    0x080038c0   0x000003d8   Code   RO          871    .text               roletrns.o
    0x08003c98   0x000000e4   Code   RO          896    .text               statmch.o
    0x08003d7c   0x00000a50   Code   RO          917    .text               stp_in.o
    0x080047cc   0x000000e8   Code   RO          955    .text               stp_to.o
    0x080048b4   0x00000388   Code   RO          996    .text               stpm.o
    0x08004c3c   0x000000c8   Code   RO         1019    .text               sttrans.o
    0x08004d04   0x000000f0   Code   RO         1044    .text               times.o
    0x08004df4   0x000001d4   Code   RO         1064    .text               topoch.o
    0x08004fc8   0x000002b8   Code   RO         1089    .text               transmit.o
    0x08005280   0x0000012e   Code   RO         1115    .text               vector.o
    0x080053ae   0x00000002   PAD
    0x080053b0   0x0000012c   Code   RO         1136    .text               stm32f4xx_hal.o
    0x080054dc   0x000001d8   Code   RO         1159    .text               stm32f4xx_hal_cortex.o
    0x080056b4   0x0000271c   Code   RO         1203    .text               stm32f4xx_hal_dma.o
    0x08007dd0   0x00000964   Code   RO         1263    .text               stm32f4xx_hal_eth.o
    0x08008734   0x000002bc   Code   RO         1283    .text               stm32f4xx_hal_gpio.o
    0x080089f0   0x00001ba8   Code   RO         1303    .text               stm32f4xx_hal_i2c.o
    0x0800a598   0x000007d4   Code   RO         1383    .text               stm32f4xx_hal_rcc.o
    0x0800ad6c   0x00000db0   Code   RO         1431    .text               stm32f4xx_hal_uart.o
    0x0800bb1c   0x00001d04   Code   RO         1479    .text               stm32f4xx_hal_tim.o
    0x0800d820   0x00000a60   Code   RO         1500    .text               stm32f4xx_hal_tim_ex.o
    0x0800e280   0x0000035c   Code   RO         1520    .text               stm32f4xx_hal_sdram.o
    0x0800e5dc   0x00000456   Code   RO         1540    .text               stm32f4xx_ll_fmc.o
    0x0800ea32   0x00000002   PAD
    0x0800ea34   0x00000374   Code   RO         1560    .text               stm32f4xx_hal_flash.o
    0x0800eda8   0x00000468   Code   RO         1583    .text               stm32f4xx_hal_flash_ex.o
    0x0800f210   0x00000400   Code   RO         1604    .text               stm32f4xx_hal_nor.o
    0x0800f610   0x00000024   Code   RO         1625    .text               mc_w.l(memcpya.o)
    0x0800f634   0x00000024   Code   RO         1627    .text               mc_w.l(memseta.o)
    0x0800f658   0x00000018   Code   RO         1629    .text               mc_w.l(strncpy.o)
    0x0800f670   0x0000001c   Code   RO         1631    .text               mc_w.l(strcmp.o)
    0x0800f68c   0x0000001a   Code   RO         1633    .text               mc_w.l(memcmp.o)
    0x0800f6a6   0x00000012   Code   RO         1635    .text               mc_w.l(strcpy.o)
    0x0800f6b8   0x0000001e   Code   RO         1637    .text               mc_w.l(strncmp.o)
    0x0800f6d6   0x0000001c   Code   RO         1930    .text               mc_w.l(calloc.o)
    0x0800f6f2   0x00000062   Code   RO         1949    .text               mc_w.l(uldiv.o)
    0x0800f754   0x00000024   Code   RO         1964    .text               mc_w.l(init.o)
    0x0800f778   0x0000001e   Code   RO         1966    .text               mc_w.l(llshl.o)
    0x0800f796   0x00000020   Code   RO         1968    .text               mc_w.l(llushr.o)
    0x0800f7b6   0x0000005c   Code   RO         1982    .text               mc_w.l(__dczerorl2.o)
    0x0800f812   0x00000002   PAD
    0x0800f814   0x00000020   Code   RO         1848    i.__0printf$8       mc_w.l(printf8.o)
    0x0800f834   0x00000028   Code   RO         1850    i.__0sprintf$8      mc_w.l(printf8.o)
    0x0800f85c   0x0000000e   Code   RO         1976    i.__scatterload_copy  mc_w.l(handlers.o)
    0x0800f86a   0x00000002   Code   RO         1977    i.__scatterload_null  mc_w.l(handlers.o)
    0x0800f86c   0x0000000e   Code   RO         1978    i.__scatterload_zeroinit  mc_w.l(handlers.o)
    0x0800f87a   0x00000002   PAD
    0x0800f87c   0x00000408   Code   RO         1855    i._printf_core      mc_w.l(printf8.o)
    0x0800fc84   0x00000026   Code   RO         1856    i._printf_post_padding  mc_w.l(printf8.o)
    0x0800fcaa   0x00000030   Code   RO         1857    i._printf_pre_padding  mc_w.l(printf8.o)
    0x0800fcda   0x0000000a   Code   RO         1859    i._sputc            mc_w.l(printf8.o)
    0x0800fce4   0x00000050   Code   RO         1902    i.free              mc_w.l(malloc.o)
    0x0800fd34   0x0000006c   Code   RO         1903    i.malloc            mc_w.l(malloc.o)
    0x0800fda0   0x00000045   Data   RO          327    .constdata          veth_com_usart.o
    0x0800fde5   0x00000010   Data   RO         1384    .constdata          stm32f4xx_hal_rcc.o
    0x0800fdf5   0x00000024   Data   RO          665    .conststring        edge.o
    0x0800fe19   0x0000002c   Data   RO          700    .conststring        migrate.o
    0x0800fe45   0x00000011   Data   RO          725    .conststring        p2p.o
    0x0800fe56   0x0000000b   Data   RO          750    .conststring        pcost.o
    0x0800fe61   0x0000003e   Data   RO          822    .conststring        portinfo.o
    0x0800fe9f   0x0000001b   Data   RO          847    .conststring        rolesel.o
    0x0800feba   0x000000f8   Data   RO          872    .conststring        roletrns.o
    0x0800ffb2   0x00000313   Data   RO          918    .conststring        stp_in.o
    0x080102c5   0x0000001f   Data   RO         1020    .conststring        sttrans.o
    0x080102e4   0x00000044   Data   RO         1065    .conststring        topoch.o
    0x08010328   0x00000050   Data   RO         1090    .conststring        transmit.o
    0x08010378   0x00000020   Data   RO         1974    Region$$Table       anon$$obj.o


    Execution Region RW_IRAM1 (Base: 0x20000000, Size: 0x000186b8, Max: 0x00030000, ABSOLUTE, COMPRESSED[0x00000394])

    Base Addr    Size         Type   Attr      Idx    E Section Name        Object

    0x20000000   0x00000014   Data   RW            4    .data               system_stm32f4xx.o
    0x20000014   0x00000001   Data   RW          202    .data               main.o
    0x20000015   0x00000046   Data   RW          330    .data               veth_com_usart.o
    0x2000005b   0x00000001   PAD
    0x2000005c   0x0000009c   Data   RW          435    .data               veth_hal_init.o
    0x200000f8   0x00000018   Data   RW          484    .data               veth_marvell_6097f.o
    0x20000110   0x00000004   Data   RW          544    .data               veth_rstp.o
    0x20000114   0x0000000c   Data   RW          636    .data               veth_invariate.o
    0x20000120   0x00000010   Data   RW          666    .data               edge.o
    0x20000130   0x00000014   Data   RW          701    .data               migrate.o
    0x20000144   0x0000000c   Data   RW          726    .data               p2p.o
    0x20000150   0x0000000c   Data   RW          751    .data               pcost.o
    0x2000015c   0x00000024   Data   RW          823    .data               portinfo.o
    0x20000180   0x00000008   Data   RW          848    .data               rolesel.o
    0x20000188   0x00000048   Data   RW          873    .data               roletrns.o
    0x200001d0   0x00000084   Data   RW          919    .data               stp_in.o
    0x20000254   0x00000004   Data   RW          956    .data               stp_to.o
    0x20000258   0x00000004   Data   RW          997    .data               stpm.o
    0x2000025c   0x0000000c   Data   RW         1021    .data               sttrans.o
    0x20000268   0x00000020   Data   RW         1066    .data               topoch.o
    0x20000288   0x00000054   Data   RW         1091    .data               transmit.o
    0x200002dc   0x00000004   Data   RW         1137    .data               stm32f4xx_hal.o
    0x200002e0   0x00000008   Data   RW         1433    .data               stm32f4xx_hal_uart.o
    0x200002e8   0x00000004   Data   RW         1946    .data               mc_w.l(stdout.o)
    0x200002ec   0x00000004   Data   RW         1951    .data               mc_w.l(mvars.o)
    0x200002f0   0x00000004   Data   RW         1952    .data               mc_w.l(mvars.o)
    0x200002f4   0x00010000   Data   RW          437    EXTSDRAM            veth_hal_init.o
    0x200102f4   0x00000048   Zero   RW          198    .bss                main.o
    0x2001033c   0x0000000c   Zero   RW          367    .bss                veth_eth_ap.o
    0x20010348   0x00000400   Zero   RW          420    .bss                veth_hal_init.o
    0x20010748   0x00001540   Zero   RW          421    .bss                veth_hal_init.o
    0x20011c88   0x00000400   Zero   RW          425    .bss                veth_hal_init.o
    0x20012088   0x00000400   Zero   RW          427    .bss                veth_hal_init.o
    0x20012488   0x0000003c   Zero   RW          428    .bss                veth_hal_init.o
    0x200124c4   0x0000003c   Zero   RW          429    .bss                veth_hal_init.o
    0x20012500   0x0000003c   Zero   RW          430    .bss                veth_hal_init.o
    0x2001253c   0x0000003c   Zero   RW          431    .bss                veth_hal_init.o
    0x20012578   0x0000003c   Zero   RW          432    .bss                veth_hal_init.o
    0x200125b4   0x00000038   Zero   RW          434    .bss                veth_hal_init.o
    0x200125ec   0x00000092   Zero   RW          633    .bss                veth_invariate.o
    0x2001267e   0x0000001e   Zero   RW         1432    .bss                stm32f4xx_hal_uart.o
    0x2001269c   0x0000001c   Zero   RW         1561    .bss                stm32f4xx_hal_flash.o
    0x200126b8   0x00002000   Zero   RW           53    HEAP                startup_stm32f429x.o
    0x200146b8   0x00004000   Zero   RW           52    STACK               startup_stm32f429x.o


==============================================================================

Image component sizes


      Code (inc. data)   RO Data    RW Data    ZI Data      Debug   Object Name

       184         12         36         16          0       2809   edge.o
       480         68          0          1         72     121740   main.o
       284         20         44         20          0       1738   migrate.o
       140         12         17         12          0       1458   p2p.o
       256         38         11         12          0       1672   pcost.o
       860        248          0          0          0       2201   port.o
      1072         48         62         36          0       3526   portinfo.o
       828         46         27          8          0       3182   rolesel.o
       984         48        248         72          0       3289   roletrns.o
        36          8        428          0      24576        704   startup_stm32f429x.o
       228         64          0          0          0       1845   statmch.o
       300         30          0          4          0       4366   stm32f4xx_hal.o
       472         12          0          0          0      30590   stm32f4xx_hal_cortex.o
     10012        166          0          0          0       5976   stm32f4xx_hal_dma.o
      2404         76          0          0          0       8023   stm32f4xx_hal_eth.o
       884         26          0          0         28       4445   stm32f4xx_hal_flash.o
      1128         32          0          0          0       5794   stm32f4xx_hal_flash_ex.o
       700         52          0          0          0       3506   stm32f4xx_hal_gpio.o
      7080         96          0          0          0      18443   stm32f4xx_hal_i2c.o
      1024         14          0          0          0       5503   stm32f4xx_hal_nor.o
      2004         78         16          0          0      31791   stm32f4xx_hal_rcc.o
       860          8          0          0          0       6481   stm32f4xx_hal_sdram.o
      7428        136          0          0          0      25718   stm32f4xx_hal_tim.o
      2656         22          0          0          0       9770   stm32f4xx_hal_tim_ex.o
      3504         82          0          8         30      11323   stm32f4xx_hal_uart.o
       116         36          0          0          0     158037   stm32f4xx_it.o
      1110          8          0          0          0       7081   stm32f4xx_ll_fmc.o
      2640        130        787        132          0      11405   stp_in.o
       232         22          0          4          0       4173   stp_to.o
       904        122          0          4          0       4963   stpm.o
       200         14         31         12          0       1470   sttrans.o
       192         30          0         20          0     269971   system_stm32f4xx.o
       240          0          0          0          0       1595   times.o
       468         46         68         32          0       2243   topoch.o
       696         48         80         84          0       3714   transmit.o
       302          0          0          0          0       2541   vector.o
      1124        452         69         70          0       8181   veth_com_usart.o
       564         16          0          0         12      14441   veth_eth_ap.o
      2402        296          0      65692       8868       8877   veth_hal_init.o
       632        278          0         12        146       2131   veth_invariate.o
      4216        210          0         24          0      14425   veth_marvell_6097f.o
       186          0          0          0          0       1170   veth_ntoh.o
       380         86          0          4          0       2196   veth_rstp.o
       124         10          0          0          0        593   veth_system_clock.o

    ----------------------------------------------------------------------
     62544       3246       1956      66280      33732     835100   Object Totals
         0          0         32          0          0          0   (incl. Generated)
         8          0          0          1          0          0   (incl. Padding)

    ----------------------------------------------------------------------

      Code (inc. data)   RO Data    RW Data    ZI Data      Debug   Library Member Name

        92          0          0          0          0          0   __dczerorl2.o
        28          0          0          0          0         76   calloc.o
         0          0          0          0          0          0   entry.o
         0          0          0          0          0          0   entry10a.o
         0          0          0          0          0          0   entry11a.o
         8          4          0          0          0          0   entry2.o
         4          0          0          0          0          0   entry5.o
         0          0          0          0          0          0   entry7b.o
         0          0          0          0          0          0   entry8b.o
         8          4          0          0          0          0   entry9a.o
        30          0          0          0          0          0   handlers.o
        36          8          0          0          0         68   init.o
        30          0          0          0          0         68   llshl.o
        32          0          0          0          0         68   llushr.o
       188         20          0          0          0        160   malloc.o
        26          0          0          0          0         80   memcmp.o
        36          0          0          0          0         68   memcpya.o
        36          0          0          0          0        108   memseta.o
         0          0          0          8          0          0   mvars.o
      1200         60          0          0          0        504   printf8.o
         0          0          0          4          0          0   stdout.o
        28          0          0          0          0         76   strcmp.o
        18          0          0          0          0         68   strcpy.o
        30          0          0          0          0         80   strncmp.o
        24          0          0          0          0         76   strncpy.o
        98          0          0          0          0         92   uldiv.o

    ----------------------------------------------------------------------
      1956         96          0         12          0       1592   Library Totals
         4          0          0          0          0          0   (incl. Padding)

    ----------------------------------------------------------------------

      Code (inc. data)   RO Data    RW Data    ZI Data      Debug   Library Name

      1952         96          0         12          0       1592   mc_w.l

    ----------------------------------------------------------------------
      1956         96          0         12          0       1592   Library Totals

    ----------------------------------------------------------------------

==============================================================================


      Code (inc. data)   RO Data    RW Data    ZI Data      Debug   

     64500       3342       1956      66292      33732     829984   Grand Totals
     64500       3342       1956        916      33732     829984   ELF Image Totals (compressed)
     64500       3342       1956        916          0          0   ROM Totals

==============================================================================

    Total RO  Size (Code + RO Data)                66456 (  64.90kB)
    Total RW  Size (RW Data + ZI Data)            100024 (  97.68kB)
    Total ROM Size (Code + RO Data + RW Data)      67372 (  65.79kB)

==============================================================================

