<html>
<body>
<pre>
<h1>µVision Build Log</h1>
<h2>Project:</h2>
D:\ProgramFiles\KEIL\hal\STM32F407.uvproj
Project File Date:  08/12/2014

<h2>Output:</h2>
Load "D:\\ProgramFiles\\KEIL\\hal\\stm32f407\\STM32F407.axf" 
Load "D:\\ProgramFiles\\KEIL\\hal\\STM32F407.axf" 
Rebuild target 'stm32f407'
assembling startup_stm32f40xx.s...
compiling system_stm32f4xx.c...
compiling system_clock.c...
compiling main1.c...
main1.c(75): warning:  #188-D: enumerated type mixed with another type
main1.c(97): warning:  #111-D: statement is unreachable
main1.c(49): warning:  #177-D: variable "i" was declared but never referenced
compiling hal_init.c...
compiling stm32f4xx_it.c...
compiling eth_ap.c...
compiling marvell_6097f.c...
scr_code\marvell_6097f.c(207): warning:  #177-D: variable "loop" was declared but never referenced
scr_code\marvell_6097f.c(798): warning:  #550-D: variable "tem_vector" was set but never used
scr_code\marvell_6097f.c(1062): warning:  #177-D: variable "ido" was declared but never referenced
scr_code\marvell_6097f.c(1196): warning:  #940-D: missing return statement at end of non-void function "Set_FLOW_CONTROL"
compiling com_usart.c...
scr_code\com_usart.c(152): warning:  #1-D: last line of file ends without a newline
compiling big_little.c...
scr_code\big_little.c(72): warning:  #1-D: last line of file ends without a newline
compiling i2c.c...
compiling m_4pse.c...
scr_code\m_4pse.c(62): warning:  #188-D: enumerated type mixed with another type
scr_code\m_4pse.c(63): warning:  #188-D: enumerated type mixed with another type
compiling stm32f4xx_hal_rcc.c...
compiling stm32f4xx_hal.c...
compiling stm32f4xx_hal_eth.c...
..\STM32F4xx_HAL_Driver\Src\stm32f4xx_hal_eth.c(160): warning:  #177-D: variable "phyreg" was declared but never referenced
..\STM32F4xx_HAL_Driver\Src\stm32f4xx_hal_eth.c(162): warning:  #177-D: variable "timeout" was declared but never referenced
compiling stm32f4xx_hal_gpio.c...
compiling stm32f4xx_hal_rcc_ex.c...
compiling stm32f4xx_hal_tim.c...
compiling stm32f4xx_hal_tim_ex.c...
compiling stm32f4xx_hal_uart.c...
compiling stm32f4xx_hal_usart.c...
compiling stm32f4xx_hal_cortex.c...
compiling stm32f4xx_hal_dma.c...
compiling stm32f4xx_hal_dma_ex.c...
compiling stm32f4xx_hal_dma2d.c...
compiling stm32f4xx_hal_pwr.c...
compiling stm32f4xx_hal_pwr_ex.c...
compiling stm32f4xx_hal_i2c.c...
compiling stm32f4xx_hal_i2c_ex.c...
compiling edge.c...
compiling migrate.c...
compiling p2p.c...
compiling pcost.c...
RSTP\src\pcost.c(100): warning:  #68-D: integer conversion resulted in a change of sign
compiling port.c...
RSTP\src\port.c(49): warning:  #550-D: variable "n" was set but never used
compiling portinfo.c...
RSTP\src\portinfo.c(339): warning:  #68-D: integer conversion resulted in a change of sign
RSTP\src\portinfo.c(454): warning:  #111-D: statement is unreachable
RSTP\src\portinfo.c(462): warning:  #111-D: statement is unreachable
RSTP\src\portinfo.c(489): warning:  #111-D: statement is unreachable
RSTP\src\portinfo.c(492): warning:  #111-D: statement is unreachable
RSTP\src\portinfo.c(495): warning:  #111-D: statement is unreachable
RSTP\src\portinfo.c(498): warning:  #111-D: statement is unreachable
compiling rolesel.c...
RSTP\src\rolesel.c(69): warning:  #550-D: variable "new_role_name" was set but never used
RSTP\src\rolesel.c(180): warning:  #550-D: variable "old_root_port" was set but never used
compiling roletrns.c...
compiling statmch.c...
RSTP\src\statmch.c(100): warning:  #111-D: statement is unreachable
compiling stp_in.c...
compiling stp_to.c...
compiling stpm.c...
RSTP\src\stpm.c(150): warning:  #177-D: variable "abstr" was declared but never referenced
RSTP\src\stpm.c(151): warning:  #177-D: variable "aha" was declared but never referenced
RSTP\src\stpm.c(310): warning:  #111-D: statement is unreachable
compiling sttrans.c...
compiling times.c...
compiling topoch.c...
compiling transmit.c...
compiling vector.c...
linking...
Program Size: Code=62258 RO-data=442 RW-data=56 ZI-data=108608  
FromELF: creating hex file...
".\STM32F407.axf" - 0 Errors, 28 Warning(s).
